06-13 05:55:10.425  2235  2235 I SystemServer: IncidentDaemonReady
06-13 05:55:10.426  2388  2388 I WebViewLoader-: System.exit called, status: 0
06-13 05:55:10.427  2388  2388 I AndroidRuntime: VM exiting with result code 0, cleanup skipped.
06-13 05:55:10.427  2235  2235 D SystemServerTiming: IncidentDaemonReady took to complete: 1ms
06-13 05:55:10.427  2235  2235 I ActivityManager: Current user:0
06-13 05:55:10.428  2235  2235 I SystemServiceManager: Calling onStartUser u0
06-13 05:55:10.428  2235  2332 I InputReader: Reconfiguring input devices.  changes=0x00000010
06-13 05:55:10.433  1991  1991 W GnssHAL_GnssInterface: setCallback called more than once. Unexpected unless test.
06-13 05:55:10.433  2389  2389 D ApplicationLoaders: Returning zygote-cached class loader: /system/framework/android.hidl.base-V1.0-java.jar
06-13 05:55:10.434  2389  2389 D ApplicationLoaders: Returning zygote-cached class loader: /system/framework/android.hidl.manager-V1.0-java.jar
06-13 05:55:10.434  2389  2389 D ApplicationLoaders: Returning zygote-cached class loader: /system/framework/android.hidl.base-V1.0-java.jar
06-13 05:55:10.434  2235  2257 D GnssLocationProvider: gnssSetSystemInfoCb: yearOfHw=2015
06-13 05:55:10.437  2235  2257 D GnssLocationProvider: gnssSetCapabilitesCb: 0u
06-13 05:55:10.439  1977  1977 D Zygote  : Forked child process 2456
06-13 05:55:10.441  2235  2398 W ZygoteProcess: Got error connecting to zygote, retrying. msg= Connection refused
06-13 05:55:10.442  2235  2257 D GnssLocationProvider: gnssSetSystemInfoCb: yearOfHw=2015
06-13 05:55:10.442  2235  2257 I GnssLocationProvider: Unable to initialize IGnssXtra interface.
06-13 05:55:10.443  2235  2257 I GnssLocationProvider: Unable to initialize IAGnss interface.
06-13 05:55:10.443  2235  2257 I GnssLocationProvider: Unable to initialize IGnssGeofencing interface.
06-13 05:55:10.443  2235  2257 I GnssLocationProvider: Unable to initialize IGnssNi interface.
06-13 05:55:10.443  2235  2257 I GnssLocationProvider: Unable to initialize IAGnssRil interface.
06-13 05:55:10.443  2235  2257 E GnssLocationProvider: android_location_GnssLocationProvider_set_agps_server: AGPS interface not supported
06-13 05:55:10.444  2235  2257 E GnssBatchingProvider: Failed to initialize GNSS batching
06-13 05:55:10.444  2235  2257 I GnssBlacklistHelper: Update GNSS satellite blacklist: 
06-13 05:55:10.445  1977  1977 I Zygote  : Process 2388 exited cleanly (0)
06-13 05:55:10.446  2040  2123 E MediaExtractorFactory: couldn't opendir(/system/lib/extractors)
06-13 05:55:10.447  2389  2389 I id.networkstac: The ClassLoaderContext is a special shared library.
06-13 05:55:10.449  2235  2257 W LocationProviderProxy: Odd, no component found for service com.android.location.service.v3.NetworkLocationProvider
06-13 05:55:10.449  2235  2266 W BroadcastQueue: Background execution not allowed: receiving Intent { act=android.location.PROVIDERS_CHANGED flg=0x10 (has extras) } to com.google.android.gms/.chimera.GmsIntentOperationService$PersistentTrustedReceiver
06-13 05:55:10.450  2235  2379 W StorageManagerService: No primary storage defined yet; hacking together a stub
06-13 05:55:10.451  2235  2257 W GeocoderProxy: Odd, no component found for service com.android.location.service.GeocodeProvider
06-13 05:55:10.451  2235  2254 I ActivityManager: Process WebViewLoader-x86 (pid 2388) has died: psvc PER 
06-13 05:55:10.451  2235  2257 W GeofenceProxy: Odd, no component found for service com.android.location.service.GeofenceProvider
06-13 05:55:10.451  2235  2257 W ActivityRecognitionProxy: Odd, no component found for service com.android.location.service.ActivityRecognitionProvider
06-13 05:55:10.452  2235  2268 I libprocessgroup: Successfully killed process cgroup uid 1037 pid 2388 in 0ms
06-13 05:55:10.452  2235  2257 I GnssLocationProvider: restartRequests
06-13 05:55:10.453  2235  2257 I GnssLocationProvider: restartRequests
06-13 05:55:10.453  2235  2257 I GnssLocationProvider: No GNSS Satellite Blacklist interface available
06-13 05:55:10.461  2235  2269 E KernelCpuSpeedReader: Failed to read cpu-freq: /sys/devices/system/cpu/cpu0/cpufreq/stats/time_in_state: open failed: ENOENT (No such file or directory)
06-13 05:55:10.461  2235  2269 W KernelCpuProcStringReader: File not found. It's normal if not implemented: /proc/uid_time_in_state
06-13 05:55:10.462  2235  2269 W KernelCpuProcStringReader: File not found. It's normal if not implemented: /proc/uid_concurrent_active_time
06-13 05:55:10.462  2235  2269 W KernelCpuProcStringReader: File not found. It's normal if not implemented: /proc/uid_concurrent_policy_time
06-13 05:55:10.467  2456  2456 I WebViewZygoteInit: Starting WebViewZygoteInit
06-13 05:55:10.473  1891  1891 D vold    : Remounting 10134 as mode default
06-13 05:55:10.474  2042  2125 D StagefrightPluginLoader: CCodec is disabled.
06-13 05:55:10.474  2042  2125 D StagefrightPluginLoader: Handle or CreateInputSurface symbol is null
06-13 05:55:10.474  2042  2125 D MediaCodecList: Allowing all OMX codecs
06-13 05:55:10.474  2042  2125 D StagefrightPluginLoader: Handle or CreateBuilder symbol is null
06-13 05:55:10.476  2235  2235 I ActivityTaskManager: START u0 {act=android.intent.action.MAIN cat=[android.intent.category.HOME] flg=0x10000100 cmp=com.android.settings/.FallbackHome} from uid 0
06-13 05:55:10.481  2042  2125 I OMXClient: IOmx service obtained
06-13 05:55:10.481  2047  2047 I OMXMaster: makeComponentInstance(OMX.google.aac.decoder) in omx@1.0-service process
06-13 05:55:10.483  2235  2235 I ActivityTaskManager: Loaded persisted task ids for user 0
06-13 05:55:10.494  2042  2125 I OMXClient: IOmx service obtained
06-13 05:55:10.494  2047  2121 I OMXMaster: makeComponentInstance(OMX.google.amrnb.decoder) in omx@1.0-service process
06-13 05:55:10.505  2042  2125 I OMXClient: IOmx service obtained
06-13 05:55:10.505  2047  2121 I OMXMaster: makeComponentInstance(OMX.google.amrwb.decoder) in omx@1.0-service process
06-13 05:55:10.508  2042  2125 I OMXClient: IOmx service obtained
06-13 05:55:10.508  2047  2121 I OMXMaster: makeComponentInstance(OMX.google.flac.decoder) in omx@1.0-service process
06-13 05:55:10.520  2042  2125 I OMXClient: IOmx service obtained
06-13 05:55:10.520  2047  2121 I OMXMaster: makeComponentInstance(OMX.google.g711.alaw.decoder) in omx@1.0-service process
06-13 05:55:10.526  2042  2125 I OMXClient: IOmx service obtained
06-13 05:55:10.526  2047  2121 I OMXMaster: makeComponentInstance(OMX.google.g711.mlaw.decoder) in omx@1.0-service process
06-13 05:55:10.530  2456  2456 I WebViewZygoteInit: Beginning application preload for com.google.android.webview
06-13 05:55:10.532  2456  2456 I webview_zygote: The ClassLoaderContext is a special shared library.
06-13 05:55:10.533  2456  2456 I webview_zygote: The ClassLoaderContext is a special shared library.
06-13 05:55:10.538  2042  2125 I OMXClient: IOmx service obtained
06-13 05:55:10.538  2047  2047 I OMXMaster: makeComponentInstance(OMX.google.gsm.decoder) in omx@1.0-service process
06-13 05:55:10.546  2235  2235 D SystemServerTiming: ActivityManagerStartApps took to complete: 119ms
06-13 05:55:10.547  2235  2235 D SystemServerTiming: PhaseActivityManagerReady took to complete: 466ms
06-13 05:55:10.547  2235  2267 W ActivityManager: Slow operation: 71ms so far, now at startProcess: asking zygote to start proc
06-13 05:55:10.549  2042  2125 I OMXClient: IOmx service obtained
06-13 05:55:10.550  2047  2121 I OMXMaster: makeComponentInstance(OMX.google.mp3.decoder) in omx@1.0-service process
06-13 05:55:10.551  2383  2383 W AlarmManager: Unrecognized alarm listener com.android.systemui.keyguard.-$$Lambda$KeyguardSliceProvider$IhzByd8TsqFuOrSyuGurVskyPLo@5371e36
06-13 05:55:10.552  2394  2394 W m.android.phon: Unexpected CPU variant for X86 using defaults: x86
06-13 05:55:10.552  2235  2235 D SystemServerInitThreadPool: Shutdown successful
06-13 05:55:10.553  2235  2235 D SystemServerTiming: StartServices took to complete: 3887ms
06-13 05:55:10.556  2235  2235 W Looper  : Slow delivery took 1403ms main h=android.app.ActivityThread$H c=null m=156
06-13 05:55:10.558  2235  2267 W ActivityManager: Slow operation: 82ms so far, now at startProcess: returned from zygote!
06-13 05:55:10.559  2042  2125 I OMXClient: IOmx service obtained
06-13 05:55:10.559  2047  2121 I OMXMaster: makeComponentInstance(OMX.google.opus.decoder) in omx@1.0-service process
06-13 05:55:10.568  2235  2267 W ActivityManager: Slow operation: 93ms so far, now at startProcess: done updating battery stats
06-13 05:55:10.568  2235  2257 W LocationProviderProxy: Odd, no component found for service com.android.location.service.v3.NetworkLocationProvider
06-13 05:55:10.569  2235  2267 W ActivityManager: Slow operation: 93ms so far, now at startProcess: building log message
06-13 05:55:10.569  2235  2257 W GeocoderProxy: Odd, no component found for service com.android.location.service.GeocodeProvider
06-13 05:55:10.569  2235  2267 I ActivityManager: Start proc 2394:com.android.phone/1001 for added application com.android.phone
06-13 05:55:10.569  2235  2267 W ActivityManager: Slow operation: 94ms so far, now at startProcess: starting to update pids map
06-13 05:55:10.569  2235  2257 W GeofenceProxy: Odd, no component found for service com.android.location.service.GeofenceProvider
06-13 05:55:10.569  2235  2267 W ActivityManager: Slow operation: 94ms so far, now at startProcess: done updating pids map
06-13 05:55:10.569  2235  2257 W ActivityRecognitionProxy: Odd, no component found for service com.android.location.service.ActivityRecognitionProvider
06-13 05:55:10.571  2235  2260 I DisplayManagerService: Display device changed: DisplayDeviceInfo{"Built-in Screen": uniqueId="local:0", 1440 x 2960, modeId 1, defaultModeId 1, supportedModes [{id=1, width=1440, height=2960, fps=60.000004}], colorMode 0, supportedColorModes [0], HdrCapabilities android.view.Display$HdrCapabilities@40f16308, density 560, 560.0 x 560.0 dpi, appVsyncOff 1000000, presDeadline 16666666, cutout DisplayCutout{insets=Rect(0, 171 - 0, 0) boundingRect={Bounds=[Rect(0, 0 - 0, 0), Rect(442, 0 - 998, 171), Rect(0, 0 - 0, 0), Rect(0, 0 - 0, 0)]}}, touch INTERNAL, rotation 0, type BUILT_IN, address {port=0}, state ON, FLAG_DEFAULT_DISPLAY, FLAG_ROTATES_WITH_CONTENT, FLAG_SECURE, FLAG_SUPPORTS_PROTECTED_BUFFERS}
06-13 05:55:10.574  2392  2392 W ndroid.setting: Unexpected CPU variant for X86 using defaults: x86
06-13 05:55:10.576  2235  2342 D WifiController: DEFERRED_TOGGLE handled
06-13 05:55:10.576  2235  2342 D WifiController: StaEnabledState.enter()
06-13 05:55:10.576  2235  2343 D WifiActiveModeWarden: Switching from ScanOnlyModeActiveState to ClientMode
06-13 05:55:10.576  2235  2343 D WifiScanOnlyModeManager:  currentstate: StartedState
06-13 05:55:10.577  2235  2343 D WifiScanRequestProxy: Sending scan available broadcast: false
06-13 05:55:10.577  2235  2343 I WifiScanRequestProxy: Scanning is disabled
06-13 05:55:10.577  2235  2345 I WifiScanningService: wifi driver unloaded
06-13 05:55:10.577  2042  2125 I OMXClient: IOmx service obtained
06-13 05:55:10.577  2046  2046 W wificond: No pno scan started
06-13 05:55:10.577  2047  2121 I OMXMaster: makeComponentInstance(OMX.google.raw.decoder) in omx@1.0-service process
06-13 05:55:10.577  2046  2046 E wificond: Receive ERROR message in response to 'stop scheduled scan' request: Operation not supported on transport endpoint
06-13 05:55:10.578  2235  2343 D WifiActiveModeWarden: Entering ClientModeActiveState
06-13 05:55:10.578  2235  2343 D WifiClientModeManager: entering IdleState
06-13 05:55:10.578  2235  2343 D WakeupController: stop()
06-13 05:55:10.581  2235  2267 I ActivityManager: Start proc 2392:com.android.settings/1000 for activity {com.android.settings/com.android.settings.FallbackHome}
06-13 05:55:10.586  2456  2456 I WebViewZygoteInit: Application preload done
06-13 05:55:10.588  1998  1998 W android.hardware.wifi@1.0-service: No active wlan interfaces in use! Using default
06-13 05:55:10.590  1976  2172 W ServiceManager: Permission failure: android.permission.NETWORK_STACK from uid=1073 pid=2389
06-13 05:55:10.590  2046  2046 I wificond: Unsubscribe scan result for interface with index: 3
06-13 05:55:10.591  1976  2172 I netd    : registerUnsolicitedEventListener() <1.23ms>
06-13 05:55:10.580  2068  2068 W kworker/1:2: type=1400 audit(0.0:110): avc: denied { module_request } for kmod="net-pf-16-proto-4-type-2-17" scontext=u:r:kernel:s0 tcontext=u:r:kernel:s0 tclass=system permissive=0
06-13 05:55:10.590   719   719 W kworker/3:2: type=1400 audit(0.0:111): avc: denied { module_request } for kmod="net-pf-16-proto-4-type-2-17" scontext=u:r:kernel:s0 tcontext=u:r:kernel:s0 tclass=system permissive=0
06-13 05:55:10.590   719   719 I chatty  : uid=0(root) kworker/3:2 identical 4 lines
06-13 05:55:10.590   719   719 W kworker/3:2: type=1400 audit(0.0:116): avc: denied { module_request } for kmod="net-pf-16-proto-4-type-2-17" scontext=u:r:kernel:s0 tcontext=u:r:kernel:s0 tclass=system permissive=0
06-13 05:55:10.593  2235  2343 D WificondControl: tearing down interfaces in wificond
06-13 05:55:10.594  2235  2235 D ConditionProviders.SCP: onConnected
06-13 05:55:10.594  2235  2235 V SettingsProvider: Notifying for 0: content://settings/secure/zen_settings_updated
06-13 05:55:10.595  1998  1998 I android.hardware.wifi@1.0-service: Legacy HAL stop complete callback received
06-13 05:55:10.597  1998  1998 I android.hardware.wifi@1.0-service: Wifi HAL stopped
06-13 05:55:10.598  2235  2343 I WifiVendorHal: Vendor Hal stopped
06-13 05:55:10.598  2235  2343 I WifiNative: Successfully torn down Iface:{Name=wlan0,Id=0,Type=STA_SCAN}
06-13 05:55:10.598  2235  2343 E HalDevMgr: getAllChipInfo: called but mWifi is null!?
06-13 05:55:10.598  2235  2343 E HalDevMgr: dispatchAvailableForRequestListeners: no chip info found
06-13 05:55:10.598  2235  2343 W HalDevMgr: stopWifi called but mWifi is null!?
06-13 05:55:10.599  2235  2343 I WifiNative: Successfully initiated teardown for iface=wlan0
06-13 05:55:10.599  2235  2343 D WifiScanOnlyModeManager: expected stop, not triggering callbacks: state = 1
06-13 05:55:10.599  2235  2344 W HalDevMgr: isWifiStarted called but mWifi is null!?
06-13 05:55:10.599  2235  2343 D WifiActiveModeWarden: State changed from client mode. state = 2
06-13 05:55:10.602  2235  2343 I android_os_HwBinder: HwBinder: Starting thread pool for getting: android.hardware.wifi@1.0::IWifi/default
06-13 05:55:10.602  2235  2235 D ConditionProviders: Subscribing to condition://android/event?userId=-10000&calendar=&reply=1 with ComponentInfo{android/com.android.server.notification.EventConditionProvider}
06-13 05:55:10.602  2042  2125 I OMXClient: IOmx service obtained
06-13 05:55:10.602  2235  2235 D ConditionProviders: Subscribing to condition://android/schedule?days=1.2.3.4.5.6.7&start=22.0&end=7.0&exitAtAlarm=true with ComponentInfo{android/com.android.server.notification.ScheduleConditionProvider}
06-13 05:55:10.602  2047  2121 I OMXMaster: makeComponentInstance(OMX.google.vorbis.decoder) in omx@1.0-service process
06-13 05:55:10.603  2235  2235 V FingerprintService: starting client EnumerateClient(android) cookie: 0/0
06-13 05:55:10.603  2054  2054 D FingerprintHal: ----------------> fingerprint_enumerate ----------------->
06-13 05:55:10.603  2054  2054 D android.hardware.biometrics.fingerprint@2.1-service: onEnumerate(fid=0, gid=0, rem=0)
06-13 05:55:10.590  2068  2068 W kworker/1:2: type=1400 audit(0.0:117): avc: denied { module_request } for kmod="net-pf-16-proto-4-type-2-17" scontext=u:r:kernel:s0 tcontext=u:r:kernel:s0 tclass=system permissive=0
06-13 05:55:10.590    21    21 W kworker/2:0: type=1400 audit(0.0:118): avc: denied { module_request } for kmod="net-pf-16-proto-4-type-2-17" scontext=u:r:kernel:s0 tcontext=u:r:kernel:s0 tclass=system permissive=0
06-13 05:55:10.608  1998  1998 I android.hardware.wifi@1.0-service: Wifi HAL started
06-13 05:55:10.609  2235  2343 I WifiVendorHal: Vendor Hal started successfully
06-13 05:55:10.610  2235  2343 I android_os_HwBinder: HwBinder: Starting thread pool for getting: android.hidl.manager@1.0::IServiceManager/default
06-13 05:55:10.611  1874  1874 I hwservicemanager: getTransport: Cannot find entry android.hardware.wifi.supplicant@1.1::ISupplicant/default in either framework or device manifest.
06-13 05:55:10.612  2235  2343 I SupplicantStaIfaceHal: Starting supplicant using init
06-13 05:55:10.626  2235  2344 I WifiP2pNative: Registering for interface available listener
06-13 05:55:10.636  2235  2344 I WifiP2pNative: Registering for interface available listener
06-13 05:55:10.636  2235  2344 D WifiP2pNative: P2P InterfaceAvailableListener true
06-13 05:55:10.636  2235  2344 D WifiP2pService: Wifi enabled=false, P2P Interface availability=true, Number of clients=0, Location enabled=true
06-13 05:55:10.636  2235  2344 D WifiP2pService: Wifi enabled=false, P2P Interface availability=true, Location enabled=true
06-13 05:55:10.639  2235  2253 I ActivityTaskManager: Config changes=400 {1.0 ?mcc?mnc [en_US] ldltr sw411dp w411dp h748dp 560dpi nrml long port finger qwerty/v/v -nav/h winConfig={ mBounds=Rect(0, 0 - 1440, 2960) mAppBounds=Rect(0, 0 - 1440, 2792) mWindowingMode=fullscreen mDisplayWindowingMode=fullscreen mActivityType=undefined mAlwaysOnTop=undefined mRotation=ROTATION_0} s.6}
06-13 05:55:10.640  2042  2125 I OMXClient: IOmx service obtained
06-13 05:55:10.640  2047  2121 I OMXMaster: makeComponentInstance(OMX.google.aac.encoder) in omx@1.0-service process
06-13 05:55:10.644  2235  2253 I ActivityTaskManager: Override config changes=400 {1.0 ?mcc?mnc [en_US] ldltr sw411dp w411dp h748dp 560dpi nrml long port finger qwerty/v/v -nav/h winConfig={ mBounds=Rect(0, 0 - 1440, 2960) mAppBounds=Rect(0, 0 - 1440, 2792) mWindowingMode=fullscreen mDisplayWindowingMode=fullscreen mActivityType=undefined mAlwaysOnTop=undefined mRotation=ROTATION_0} s.6} for displayId=0
06-13 05:55:10.651  2042  2125 I OMXClient: IOmx service obtained
06-13 05:55:10.651  2047  2121 I OMXMaster: makeComponentInstance(OMX.google.amrnb.encoder) in omx@1.0-service process
06-13 05:55:10.654  2042  2125 I OMXClient: IOmx service obtained
06-13 05:55:10.655  2047  2121 I OMXMaster: makeComponentInstance(OMX.google.amrwb.encoder) in omx@1.0-service process
06-13 05:55:10.661  2235  2253 W ActivityManager: Slow operation: 53ms so far, now at attachApplicationLocked: after updateOomAdjLocked
06-13 05:55:10.678  2042  2125 I OMXClient: IOmx service obtained
06-13 05:55:10.678  2047  2121 I OMXMaster: makeComponentInstance(OMX.google.flac.encoder) in omx@1.0-service process
06-13 05:55:10.679  2235  2235 V SettingsProvider: Notifying for 0: content://settings/secure/location_mode
06-13 05:55:10.680  2235  2235 V SettingsProvider: Notifying for 0: content://settings/global/location_global_kill_switch
06-13 05:55:10.681  2392  2392 I ndroid.setting: The ClassLoaderContext is a special shared library.
06-13 05:55:10.685  2042  2125 I OMXClient: IOmx service obtained
06-13 05:55:10.686  2047  2121 I OMXMaster: makeComponentInstance(OMX.google.h264.decoder) in omx@1.0-service process
06-13 05:55:10.691  2047  2121 E OMXNodeInstance: getExtensionIndex(0xe8719860:google.h264.decoder, OMX.google.android.index.configureVideoTunnelMode) ERROR: UnsupportedIndex(0x8000101a)
06-13 05:55:10.691  2042  2125 D MediaCodecInfo: detail feature-tunneled-playback wasn't present to remove
06-13 05:55:10.693  2047  2121 E OMXNodeInstance: getExtensionIndex(0xe8719860:google.h264.decoder, OMX.google.android.index.enableAndroidNativeBuffers) ERROR: UnsupportedIndex(0x8000101a)
06-13 05:55:10.694  2394  2394 I m.android.phon: The ClassLoaderContext is a special shared library.
06-13 05:55:10.695  2392  2392 I ndroid.setting: The ClassLoaderContext is a special shared library.
06-13 05:55:10.699  2235  2260 I ActivityTaskManager: Config changes=20000000 {1.0 ?mcc?mnc [en_US] ldltr sw411dp w411dp h748dp 560dpi nrml long port finger qwerty/v/v -nav/h winConfig={ mBounds=Rect(0, 0 - 1440, 2960) mAppBounds=Rect(0, 171 - 1440, 2792) mWindowingMode=fullscreen mDisplayWindowingMode=fullscreen mActivityType=undefined mAlwaysOnTop=undefined mRotation=ROTATION_0} s.11}
06-13 05:55:10.700  2392  2392 I ndroid.setting: Failed to add image file Rejecting application image due to class loader mismatch: 'Mismatch in shared libraries'
06-13 05:55:10.701  2042  2125 I OMXClient: IOmx service obtained
06-13 05:55:10.701  2047  2121 I OMXMaster: makeComponentInstance(OMX.google.h263.decoder) in omx@1.0-service process
06-13 05:55:10.705  2047  2121 E OMXNodeInstance: getExtensionIndex(0xe8719860:google.h263.decoder, OMX.google.android.index.configureVideoTunnelMode) ERROR: UnsupportedIndex(0x8000101a)
06-13 05:55:10.705  2042  2125 D MediaCodecInfo: detail feature-tunneled-playback wasn't present to remove
06-13 05:55:10.705  2047  2121 E OMXNodeInstance: getExtensionIndex(0xe8719860:google.h263.decoder, OMX.google.android.index.enableAndroidNativeBuffers) ERROR: UnsupportedIndex(0x8000101a)
06-13 05:55:10.707  2394  2394 I m.android.phon: The ClassLoaderContext is a special shared library.
06-13 05:55:10.709  2235  2260 I ActivityTaskManager: Override config changes=20000000 {1.0 ?mcc?mnc [en_US] ldltr sw411dp w411dp h748dp 560dpi nrml long port finger qwerty/v/v -nav/h winConfig={ mBounds=Rect(0, 0 - 1440, 2960) mAppBounds=Rect(0, 171 - 1440, 2792) mWindowingMode=fullscreen mDisplayWindowingMode=fullscreen mActivityType=undefined mAlwaysOnTop=undefined mRotation=ROTATION_0} s.11} for displayId=0
06-13 05:55:10.710  2042  2125 I OMXClient: IOmx service obtained
06-13 05:55:10.710  2047  2121 I OMXMaster: makeComponentInstance(OMX.google.hevc.decoder) in omx@1.0-service process
06-13 05:55:10.716  2235  2235 I system_server: The ClassLoaderContext is a special shared library.
06-13 05:55:10.732  2383  2383 D skia    : --- Failed to create image decoder with message 'unimplemented'
06-13 05:55:10.733  2383  2383 D ProtoStore: no cached data
06-13 05:55:10.737  2523  2523 I wpa_supplicant: Processing hidl events on FD 3
06-13 05:55:10.738  2523  2523 I ServiceManagement: Registered android.hardware.wifi.supplicant@1.2::ISupplicant/default (start delay of 125ms)
06-13 05:55:10.738  2523  2523 I wpa_supplicant: Successfully initialized wpa_supplicant
06-13 05:55:10.742  2523  2523 I wpa_supplicant: rfkill: Cannot open RFKILL control device
06-13 05:55:10.745  2047  2121 E OMXNodeInstance: getExtensionIndex(0xe8719860:google.hevc.decoder, OMX.google.android.index.configureVideoTunnelMode) ERROR: UnsupportedIndex(0x8000101a)
06-13 05:55:10.740    21    21 W kworker/2:0: type=1400 audit(0.0:119): avc: denied { module_request } for kmod="net-pf-16-proto-4-type-2-17" scontext=u:r:kernel:s0 tcontext=u:r:kernel:s0 tclass=system permissive=0
06-13 05:55:10.745  2042  2125 D MediaCodecInfo: detail feature-tunneled-playback wasn't present to remove
06-13 05:55:10.745  2047  2121 E OMXNodeInstance: getExtensionIndex(0xe8719860:google.hevc.decoder, OMX.google.android.index.enableAndroidNativeBuffers) ERROR: UnsupportedIndex(0x8000101a)
06-13 05:55:10.740   719   719 W kworker/3:2: type=1400 audit(0.0:120): avc: denied { module_request } for kmod="net-pf-16-proto-4-type-2-17" scontext=u:r:kernel:s0 tcontext=u:r:kernel:s0 tclass=system permissive=0
06-13 05:55:10.740   719   719 I chatty  : uid=0(root) kworker/3:2 identical 10 lines
06-13 05:55:10.740   719   719 W kworker/3:2: type=1400 audit(0.0:131): avc: denied { module_request } for kmod="net-pf-16-proto-4-type-2-17" scontext=u:r:kernel:s0 tcontext=u:r:kernel:s0 tclass=system permissive=0
06-13 05:55:10.749  2042  2125 I OMXClient: IOmx service obtained
06-13 05:55:10.750  2047  2121 I OMXMaster: makeComponentInstance(OMX.google.mpeg4.decoder) in omx@1.0-service process
06-13 05:55:10.752  2047  2121 E OMXNodeInstance: getExtensionIndex(0xe8719860:google.mpeg4.decoder, OMX.google.android.index.configureVideoTunnelMode) ERROR: UnsupportedIndex(0x8000101a)
06-13 05:55:10.752  2042  2125 D MediaCodecInfo: detail feature-tunneled-playback wasn't present to remove
06-13 05:55:10.753  2047  2121 E OMXNodeInstance: getExtensionIndex(0xe8719860:google.mpeg4.decoder, OMX.google.android.index.enableAndroidNativeBuffers) ERROR: UnsupportedIndex(0x8000101a)
06-13 05:55:10.757  2394  2394 I m.android.phon: The ClassLoaderContext is a special shared library.
06-13 05:55:10.760  2042  2125 I OMXClient: IOmx service obtained
06-13 05:55:10.760  2047  2121 I OMXMaster: makeComponentInstance(OMX.google.vp8.decoder) in omx@1.0-service process
06-13 05:55:10.764  2394  2394 D CarrierProvider: onCreate
06-13 05:55:10.769  2394  2394 D CarrierIdProvider: onCreate
06-13 05:55:10.770  2394  2394 D CarrierIdDatabaseHelper: CarrierIdDatabaseHelper: 5
06-13 05:55:10.770  2047  2121 E OMXNodeInstance: getExtensionIndex(0xe8719860:google.vp8.decoder, OMX.google.android.index.configureVideoTunnelMode) ERROR: UnsupportedIndex(0x8000101a)
06-13 05:55:10.770  2042  2125 D MediaCodecInfo: detail feature-tunneled-playback wasn't present to remove
06-13 05:55:10.770  2047  2121 E OMXNodeInstance: getExtensionIndex(0xe8719860:google.vp8.decoder, OMX.google.android.index.enableAndroidNativeBuffers) ERROR: UnsupportedIndex(0x8000101a)
06-13 05:55:10.778  2042  2125 I OMXClient: IOmx service obtained
06-13 05:55:10.778  2047  2047 I OMXMaster: makeComponentInstance(OMX.google.vp9.decoder) in omx@1.0-service process
06-13 05:55:10.784  2394  2394 D CarrierIdProvider: update database from pb file
06-13 05:55:10.785  2047  2121 E OMXNodeInstance: getExtensionIndex(0xe8719920:google.vp9.decoder, OMX.google.android.index.configureVideoTunnelMode) ERROR: UnsupportedIndex(0x8000101a)
06-13 05:55:10.786  2042  2125 D MediaCodecInfo: detail feature-tunneled-playback wasn't present to remove
06-13 05:55:10.786  2047  2121 E OMXNodeInstance: getExtensionIndex(0xe8719920:google.vp9.decoder, OMX.google.android.index.enableAndroidNativeBuffers) ERROR: UnsupportedIndex(0x8000101a)
06-13 05:55:10.793  2042  2125 I OMXClient: IOmx service obtained
06-13 05:55:10.793  2047  2121 I OMXMaster: makeComponentInstance(OMX.google.h264.encoder) in omx@1.0-service process
06-13 05:55:10.800  2394  2394 E CarrierIdProvider: read carrier list from ota pb failure: java.io.FileNotFoundException: /data/misc/carrierid/carrier_list.pb: open failed: ENOENT (No such file or directory)
06-13 05:55:10.800  2394  2394 D CarrierIdProvider: latest version: 16777225 need update: false
06-13 05:55:10.803  2235  2235 E BluetoothAdapter: Bluetooth binder is null
06-13 05:55:10.806  2042  2125 W OMXUtils: do not know color format 0x7f000789 = 2130708361
06-13 05:55:10.800    21    21 W kworker/2:0: type=1400 audit(0.0:132): avc: denied { module_request } for kmod="net-pf-16-proto-4-type-2-17" scontext=u:r:kernel:s0 tcontext=u:r:kernel:s0 tclass=system permissive=0
06-13 05:55:10.810  2235  2554 I Telecom : BluetoothRouteManager: getBluetoothAudioConnectedDevice: no service available.
06-13 05:55:10.815  2235  2235 I Telecom : SystemStateHelper: Registering car mode receiver: android.content.IntentFilter@e5b00: TS.init@AAA
06-13 05:55:10.800    21    21 I chatty  : uid=0(root) kworker/2:0 identical 4 lines
06-13 05:55:10.800    21    21 W kworker/2:0: type=1400 audit(0.0:137): avc: denied { module_request } for kmod="net-pf-16-proto-4-type-2-17" scontext=u:r:kernel:s0 tcontext=u:r:kernel:s0 tclass=system permissive=0
06-13 05:55:10.817  2394  2394 D TelephonyProvider: dbh.onOpen: ok, queried table=siminfo
06-13 05:55:10.818  2394  2394 D TelephonyProvider: dbh.onOpen: ok, queried table=carriers
06-13 05:55:10.819  2007  2330 E SurfaceFlinger: ro.sf.lcd_density must be defined as a build property
06-13 05:55:10.820  2007  2330 E SurfaceFlinger: ro.sf.lcd_density must be defined as a build property
06-13 05:55:10.822  2042  2125 I OMXClient: IOmx service obtained
06-13 05:55:10.822  2047  2047 I OMXMaster: makeComponentInstance(OMX.google.h263.encoder) in omx@1.0-service process
06-13 05:55:10.824  2383  2383 V SystemUIService: Starting SystemUI services for user 0.
06-13 05:55:10.826  2047  2047 I SoftMPEG4Encoder: Construct SoftMPEG4Encoder
06-13 05:55:10.830  2235  2563 I Telecom : Logging.Events: Non-call EVENT: AUDIO_ROUTE, Entering state QuiescentSpeakerRoute
06-13 05:55:10.830  2235  2563 I Telecom : BluetoothRouteManager: getBluetoothAudioConnectedDevice: no service available.
06-13 05:55:10.832  2042  2125 W OMXUtils: do not know color format 0x7f000789 = 2130708361
06-13 05:55:10.833  2383  2383 D SystemUIBootTiming: StartServicescom.android.systemui.Dependency$DependencyCreator took to complete: 7ms
06-13 05:55:10.833  2047  2047 E OMXNodeInstance: getConfig(0xe8719920:google.h263.encoder, ConfigAndroidIntraRefresh(0x6f60000a)) ERROR: Undefined(0x80001001)
06-13 05:55:10.834  2047  2047 E OMXNodeInstance: getParameter(0xe8719920:google.h263.encoder, ParamVideoIntraRefresh(0x6000006)) ERROR: UnsupportedIndex(0x8000101a)
06-13 05:55:10.834  2042  2125 D MediaCodecInfo: detail feature-frame-parsing wasn't present to remove
06-13 05:55:10.837  2042  2125 I OMXClient: IOmx service obtained
06-13 05:55:10.837  2047  2047 I OMXMaster: makeComponentInstance(OMX.google.mpeg4.encoder) in omx@1.0-service process
06-13 05:55:10.837  2047  2047 I SoftMPEG4Encoder: Construct SoftMPEG4Encoder
06-13 05:55:10.838  2383  2383 D SystemUIBootTiming: StartServicescom.android.systemui.util.NotificationChannels took to complete: 5ms
06-13 05:55:10.842  2235  2566 I Telecom : CallAudioModeStateMachine: Message received: null.: TS.init->CAMSM.pM_1@AAA
06-13 05:55:10.842  2383  2383 D SystemUIBootTiming: StartServicescom.android.systemui.statusbar.CommandQueue$CommandQueueStart took to complete: 2ms
06-13 05:55:10.845  2042  2125 W OMXUtils: do not know color format 0x7f000789 = 2130708361
06-13 05:55:10.845  2047  2047 E OMXNodeInstance: getConfig(0xe8719920:google.mpeg4.encoder, ConfigAndroidIntraRefresh(0x6f60000a)) ERROR: Undefined(0x80001001)
06-13 05:55:10.846  2047  2047 E OMXNodeInstance: getParameter(0xe8719920:google.mpeg4.encoder, ParamVideoIntraRefresh(0x6000006)) ERROR: UnsupportedIndex(0x8000101a)
06-13 05:55:10.846  2042  2125 D MediaCodecInfo: detail feature-frame-parsing wasn't present to remove
06-13 05:55:10.850  2042  2125 I OMXClient: IOmx service obtained
06-13 05:55:10.850  2047  2047 I OMXMaster: makeComponentInstance(OMX.google.vp8.encoder) in omx@1.0-service process
06-13 05:55:10.850  2235  2235 I Telecom : MissedCallNotifierImpl: reloadFromDatabase: Boot not yet complete -- call log db may not be available. Deferring loading until boot complete for user 0: TS.init@AAA
06-13 05:55:10.852  2235  2235 E BluetoothAdapter: Bluetooth binder is null
06-13 05:55:10.856  2235  2235 I Telecom : Class: TelecomSystem.INSTANCE being set
06-13 05:55:10.857  2235  2235 W Looper  : Slow dispatch took 106ms main h=android.app.ActivityThread$H c=null m=121
06-13 05:55:10.858  2235  2235 V SettingsProvider: Notifying for 0: content://settings/global/adb_enabled
06-13 05:55:10.858  2235  2235 D PackageWatchdog: Getting all observed packages pending health checks
06-13 05:55:10.858  2235  2235 I PackageWatchdog: Syncing health check requests for packages: {}
06-13 05:55:10.859  2235  2235 I ExplicitHealthCheckController: Service not ready to get health check supported packages. Binding...
06-13 05:55:10.863  2235  2235 I ExplicitHealthCheckController: Explicit health check service is bound
06-13 05:55:10.857  2235  2235 E BluetoothAdapter: Bluetooth binder is null
06-13 05:55:10.863  2042  2125 W OMXUtils: do not know color format 0x7f000789 = 2130708361
06-13 05:55:10.865  2047  2047 E OMXNodeInstance: getConfig(0xe8719920:google.vp8.encoder, ConfigAndroidIntraRefresh(0x6f60000a)) ERROR: Undefined(0x80001001)
06-13 05:55:10.866  2047  2047 E OMXNodeInstance: getParameter(0xe8719920:google.vp8.encoder, ParamVideoIntraRefresh(0x6000006)) ERROR: UnsupportedIndex(0x8000101a)
06-13 05:55:10.866  2042  2125 D MediaCodecInfo: detail feature-frame-parsing wasn't present to remove
06-13 05:55:10.867  2235  2235 V SettingsProvider: Notifying for 0: content://settings/global/boot_count
06-13 05:55:10.868  2235  2235 V SettingsProvider: Notifying for 0: content://settings/secure/location_providers_allowed
06-13 05:55:10.868  2042  2125 D MediaCodecList: ignored a null builder
06-13 05:55:10.870  2385  2385 W id.ext.service: Unexpected CPU variant for X86 using defaults: x86
06-13 05:55:10.870  2383  2383 V MediaRouter: Selecting route: RouteInfo{ name=Phone, description=null, status=null, category=RouteCategory{ name=System types=ROUTE_TYPE_LIVE_AUDIO ROUTE_TYPE_LIVE_VIDEO  groupable=false }, supportedTypes=ROUTE_TYPE_LIVE_AUDIO ROUTE_TYPE_LIVE_VIDEO , presentationDisplay=null }
06-13 05:55:10.872  2523  2523 I wpa_supplicant: rfkill: Cannot get wiphy information
06-13 05:55:10.873  2235  2235 E WiredAccessoryManager: No state change.
06-13 05:55:10.873  2235  2510 I android_os_HwBinder: HwBinder: Starting thread pool for getting: android.hardware.wifi.supplicant@1.0::ISupplicant/default
06-13 05:55:10.874  2235  2510 I SupplicantStaIfaceHal: Completed initialization of ISupplicant.
06-13 05:55:10.871  2235  2235 V SettingsProvider: Notifying for 0: content://settings/secure/location_providers_allowed
06-13 05:55:10.876  2235  2267 I ActivityManager: Start proc 2385:com.google.android.ext.services/u0a58 for service {com.google.android.ext.services/android.ext.services.watchdog.ExplicitHealthCheckServiceImpl}
06-13 05:55:10.876  2235  2235 V SettingsProvider: Notifying for 0: content://settings/secure/location_providers_allowed
06-13 05:55:10.860    21    21 W kworker/2:0: type=1400 audit(0.0:138): avc: denied { module_request } for kmod="net-pf-16-proto-4-type-2-17" scontext=u:r:kernel:s0 tcontext=u:r:kernel:s0 tclass=system permissive=0
06-13 05:55:10.879  2235  2471 I OMXClient: IOmx service obtained
06-13 05:55:10.870    21    21 W kworker/2:0: type=1400 audit(0.0:139): avc: denied { module_request } for kmod="net-pf-16-proto-4-type-2-17" scontext=u:r:kernel:s0 tcontext=u:r:kernel:s0 tclass=system permissive=0
06-13 05:55:10.870    21    21 W kworker/2:0: type=1400 audit(0.0:140): avc: denied { module_request } for kmod="net-pf-16-proto-4-type-2-17" scontext=u:r:kernel:s0 tcontext=u:r:kernel:s0 tclass=system permissive=0
06-13 05:55:10.880  2047  2047 I OMXMaster: makeComponentInstance(OMX.google.vorbis.decoder) in omx@1.0-service process
06-13 05:55:10.880  1874  1874 I hwservicemanager: getTransport: Cannot find entry android.hardware.radio@1.4::IRadio/slot1 in either framework or device manifest.
06-13 05:55:10.881  1874  1874 I hwservicemanager: getTransport: Cannot find entry android.hardware.radio@1.3::IRadio/slot1 in either framework or device manifest.
06-13 05:55:10.883  1998  1998 I android.hardware.wifi@1.0-service: Adding interface handle for wlan0
06-13 05:55:10.883  1998  1998 W android.hardware.wifi@1.0-service: No active wlan interfaces in use! Using default
06-13 05:55:10.880    21    21 W kworker/2:0: type=1400 audit(0.0:141): avc: denied { module_request } for kmod="net-pf-16-proto-4-type-2-17" scontext=u:r:kernel:s0 tcontext=u:r:kernel:s0 tclass=system permissive=0
06-13 05:55:10.883  1998  1998 E android.hardware.wifi@1.0-service: Failed to register radio mode change callback
06-13 05:55:10.884  1998  1998 W android.hardware.wifi@1.0-service: No active wlan interfaces in use! Using default
06-13 05:55:10.880    21    21 W kworker/2:0: type=1400 audit(0.0:142): avc: denied { module_request } for kmod="net-pf-16-proto-4-type-2-17" scontext=u:r:kernel:s0 tcontext=u:r:kernel:s0 tclass=system permissive=0
06-13 05:55:10.891  1874  1874 I hwservicemanager: getTransport: Cannot find entry android.hardware.radio@1.2::IRadio/slot1 in either framework or device manifest.
06-13 05:55:10.893  1874  1874 I hwservicemanager: getTransport: Cannot find entry android.hardware.radio@1.1::IRadio/slot1 in either framework or device manifest.
06-13 05:55:10.894  2047  2047 E OMXNodeInstance: getConfig(0xe8719920:google.vorbis.decoder, ConfigAndroidVendorExtension(0x6f100004)) ERROR: Undefined(0x80001001)
06-13 05:55:10.895  2235  2235 I system_server: The ClassLoaderContext is a special shared library.
06-13 05:55:10.897  2394  2394 I android_os_HwBinder: HwBinder: Starting thread pool for getting: android.hardware.radio@1.0::IRadio/slot1
06-13 05:55:10.906  1998  1998 W libc    : Unable to set property "vendor.wlan.firmware.version" to "1.0": error code: 0x18
06-13 05:55:10.908  1998  1998 W libc    : Unable to set property "vendor.wlan.driver.version" to "1.0": error code: 0x18
06-13 05:55:10.908  1998  1998 I android.hardware.wifi@1.0-service: Configured chip in mode 0
06-13 05:55:10.909  1998  1998 W android.hardware.wifi@1.0-service: No active wlan interfaces in use! Using default
06-13 05:55:10.910  2235  2343 D HalDevMgr: updateRttController: no one is interested in RTT controllers
06-13 05:55:10.911  1998  1998 E android.hardware.wifi@1.0-service: Failed to set DFS flag; DFS channels may be unavailable.
06-13 05:55:10.923  1874  1874 I hwservicemanager: getTransport: Cannot find entry android.hardware.radio.deprecated@1.0::IOemHook/slot1 in either framework or device manifest.
06-13 05:55:10.924  2235  2235 I system_server: The ClassLoaderContext is a special shared library.
06-13 05:55:10.938  2235  2343 D WificondControl: Setting up interface for client mode
06-13 05:55:10.940  2046  2046 I wificond: create scanner for interface with index: 3
06-13 05:55:10.930  2068  2068 W kworker/1:2: type=1400 audit(0.0:143): avc: denied { module_request } for kmod="net-pf-16-proto-4-type-2-17" scontext=u:r:kernel:s0 tcontext=u:r:kernel:s0 tclass=system permissive=0
06-13 05:55:10.940  2046  2046 I wificond: subscribe scan result for interface with index: 3
06-13 05:55:10.930  2068  2068 W kworker/1:2: type=1400 audit(0.0:144): avc: denied { module_request } for kmod="net-pf-16-proto-4-type-2-17" scontext=u:r:kernel:s0 tcontext=u:r:kernel:s0 tclass=system permissive=0
06-13 05:55:10.940  1874  1874 I hwservicemanager: getTransport: Cannot find entry android.hardware.wifi.offload@1.0::IOffload/default in either framework or device manifest.
06-13 05:55:10.941  2046  2046 E wificond: No Offload Service available
06-13 05:55:10.941  2046  2046 I wificond: Offload HAL not supported 
06-13 05:55:10.942  2235  2343 E SupplicantStaIfaceHal: Can't call setupIface, ISupplicantStaIface is null
06-13 05:55:10.942  1874  1874 I hwservicemanager: getTransport: Cannot find entry android.hardware.wifi.supplicant@1.1::ISupplicant/default in either framework or device manifest.
06-13 05:55:10.962  1874  1874 I hwservicemanager: getTransport: Cannot find entry android.hardware.wifi.supplicant@1.2::ISupplicant/default in either framework or device manifest.
06-13 05:55:10.964  1874  1874 I hwservicemanager: getTransport: Cannot find entry android.hardware.wifi.supplicant@1.1::ISupplicant/default in either framework or device manifest.
06-13 05:55:10.970  1930  1930 W kworker/0:2: type=1400 audit(0.0:145): avc: denied { module_request } for kmod="net-pf-16-proto-4-type-2-17" scontext=u:r:kernel:s0 tcontext=u:r:kernel:s0 tclass=system permissive=0
06-13 05:55:10.975  1976  2172 I netd    : interfaceGetCfg("wlan0") <0.17ms>
06-13 05:55:10.970  1930  1930 W kworker/0:2: type=1400 audit(0.0:146): avc: denied { module_request } for kmod="net-pf-16-proto-4-type-2-17" scontext=u:r:kernel:s0 tcontext=u:r:kernel:s0 tclass=system permissive=0
06-13 05:55:10.976  2235  2343 I WifiNative: Interface state changed on Iface:{Name=wlan0,Id=1,Type=STA_CONNECTIVITY}, isUp=true
06-13 05:55:10.977  1976  2172 I netd    : interfaceClearAddrs("wlan0") <0.12ms>
06-13 05:55:10.978  2383  2383 D NavigationModeController: onUserSetupChanged: true
06-13 05:55:10.978  1976  2172 I netd    : interfaceSetIPv6PrivacyExtensions("wlan0", "true") <0.08ms>
06-13 05:55:10.978  2383  2383 D NavigationModeController: restoreGesturalNavOverlayIfNecessary: needs restore={}
06-13 05:55:10.978  2383  2383 D NavigationModeController: onDeviceProvisionedChanged: true
06-13 05:55:10.978  2383  2383 D NavigationModeController: restoreGesturalNavOverlayIfNecessary: needs restore={}
06-13 05:55:10.978  1976  2172 I netd    : interfaceSetEnableIPv6("wlan0", "false") <0.07ms>
06-13 05:55:10.979  2235  2343 I WifiNative: Successfully setup Iface:{Name=wlan0,Id=1,Type=STA_CONNECTIVITY}
06-13 05:55:10.979  1874  1874 I hwservicemanager: getTransport: Cannot find entry android.hardware.wifi.supplicant@1.2::ISupplicant/default in either framework or device manifest.
06-13 05:55:10.980  2235  2343 E SupplicantStaIfaceHal: Method getKeyMgmtCapabilities is not supported in existing HAL
06-13 05:55:10.982  2383  2383 D NavigationModeController: getCurrentUserContext: contextUser=0 currentUser=0
06-13 05:55:10.982  2383  2383 E NavigationModeController: updateCurrentInteractionMode: mode=0 contextUser=0
06-13 05:55:10.982  2383  2383 D NavigationModeController: assetPaths=
06-13 05:55:10.982  2383  2383 D NavigationModeController:     /system/framework/framework-res.apk
06-13 05:55:10.982  2383  2383 D NavigationModeController:     /product/overlay/GoogleConfigOverlay.apk
06-13 05:55:10.982  2383  2383 D NavigationModeController:     /product/overlay/GoogleWebViewOverlay.apk
06-13 05:55:10.982  2383  2383 D NavigationModeController:     /product/overlay/PixelConfigOverlayCommon.apk
06-13 05:55:10.982  2383  2383 D NavigationModeController:     /product/overlay/EmulatorConfigOverlay.apk
06-13 05:55:10.982  2383  2383 D NavigationModeController:     /product/overlay/PixelConfigOverlay2017.apk
06-13 05:55:10.982  2383  2383 D NavigationModeController:     /product/overlay/PixelConfigOverlay2018.apk
06-13 05:55:10.983  2383  2383 D NavigationModeController:     /system/product/priv-app/SystemUIGoogle/SystemUIGoogle.apk
06-13 05:55:10.983  2383  2383 D NavigationModeController:     /product/overlay/DisplayCutoutEmulationEmu01/DisplayCutoutEmulationEmu01Overlay.apk
06-13 05:55:10.983  2385  2385 D ApplicationLoaders: Returning zygote-cached class loader: /system/framework/android.hidl.base-V1.0-java.jar
06-13 05:55:10.983  2385  2385 D ApplicationLoaders: Returning zygote-cached class loader: /system/framework/android.hidl.manager-V1.0-java.jar
06-13 05:55:10.984  2385  2385 D ApplicationLoaders: Returning zygote-cached class loader: /system/framework/android.hidl.base-V1.0-java.jar
06-13 05:55:10.984  2383  2383 D NavigationModeController: deferGesturalNavOverlayIfNecessary: device is provisioned and user is setup
06-13 05:55:10.985  2235  2235 I system_server: Waiting for a blocking GC ClassLinker
06-13 05:55:10.992  2385  2385 I id.ext.service: The ClassLoaderContext is a special shared library.
06-13 05:55:10.994  2383  2383 D SystemUIBootTiming: StartServicescom.android.systemui.keyguard.KeyguardViewMediator took to complete: 153ms
06-13 05:55:11.005  2235  2343 D WifiClientModeManager: entering StartedState
06-13 05:55:11.000  1930  1930 W kworker/0:2: type=1400 audit(0.0:147): avc: denied { module_request } for kmod="net-pf-16-proto-4-type-2-17" scontext=u:r:kernel:s0 tcontext=u:r:kernel:s0 tclass=system permissive=0
06-13 05:55:11.008  1976  2172 I netd    : interfaceGetCfg("wlan0") <0.17ms>
06-13 05:55:11.008  2235  2343 D WifiClientModeManager: Wifi is ready to use for client mode
06-13 05:55:11.008  2235  2343 D WifiActiveModeWarden: State changed from client mode. state = 3
06-13 05:55:11.008  2235  2343 D WifiActiveModeWarden: client mode active
06-13 05:55:11.009  2235  2343 D WifiScanRequestProxy: Sending scan available broadcast: true
06-13 05:55:11.011  2383  2383 D SystemUIBootTiming: StartServicescom.android.systemui.recents.Recents took to complete: 17ms
06-13 05:55:11.017  2393  2393 W s.nexuslaunche: Unexpected CPU variant for X86 using defaults: x86
06-13 05:55:11.018  2235  2343 I WifiScanRequestProxy: Scanning is enabled
06-13 05:55:11.018  2235  2343 I WifiScanRequestProxy: Scanning for hidden networks is enabled
06-13 05:55:11.020  2235  2345 E WifiVendorHal: getBgScanCapabilities(l.630) failed {.code = ERROR_NOT_SUPPORTED, .description = }
06-13 05:55:11.024  2235  2267 I ActivityManager: Start proc 2393:com.google.android.apps.nexuslauncher/u0a90 for service {com.google.android.apps.nexuslauncher/com.android.quickstep.TouchInteractionService}
06-13 05:55:11.024  2235  2343 D WifiClientModeImpl: entering ConnectModeState: ifaceName = wlan0
06-13 05:55:11.025  2235  2343 D WifiClientModeImpl: setupClientMode() ifacename = wlan0
06-13 05:55:11.029  2383  2383 I vol.Events: writeEvent collection_started
06-13 05:55:11.030  2235  2345 I WifiScanningService: wifi driver loaded with scan capabilities: max buckets=16
06-13 05:55:11.050  2383  2606 I OMXClient: IOmx service obtained
06-13 05:55:11.051  2047  2047 I OMXMaster: makeComponentInstance(OMX.google.vorbis.decoder) in omx@1.0-service process
06-13 05:55:11.058  2047  2121 E OMXNodeInstance: getConfig(0xe8719560:google.vorbis.decoder, ConfigAndroidVendorExtension(0x6f100004)) ERROR: Undefined(0x80001001)
06-13 05:55:11.092  2393  2393 D ApplicationLoaders: Returning zygote-cached class loader: /system/framework/android.hidl.base-V1.0-java.jar
06-13 05:55:11.092  2393  2393 D ApplicationLoaders: Returning zygote-cached class loader: /system/framework/android.hidl.manager-V1.0-java.jar
06-13 05:55:11.092  2393  2393 D ApplicationLoaders: Returning zygote-cached class loader: /system/framework/android.hidl.base-V1.0-java.jar
06-13 05:55:11.106  2393  2393 I s.nexuslaunche: The ClassLoaderContext is a special shared library.
06-13 05:55:11.104  2235  2629 I OMXClient: IOmx service obtained
06-13 05:55:11.111  2047  2120 I OMXMaster: makeComponentInstance(OMX.google.vorbis.decoder) in omx@1.0-service process
06-13 05:55:11.124  2393  2393 W ContextImpl: Failed to ensure /data/user/0/com.google.android.apps.nexuslauncher/cache: mkdir failed: ENOENT (No such file or directory)
06-13 05:55:11.124  2393  2393 W ContextImpl: Failed to update user.inode_cache: stat failed: ENOENT (No such file or directory)
06-13 05:55:11.156  2047  2120 E OMXNodeInstance: getConfig(0xe6644060:google.vorbis.decoder, ConfigAndroidVendorExtension(0x6f100004)) ERROR: Undefined(0x80001001)
06-13 05:55:11.198  2393  2393 D TouchInteractionService: Touch service connected
06-13 05:55:11.222  2392  2556 D         : HostConnection::get() New Host Connection established 0xe888f2b0, tid 2556
06-13 05:55:11.223  2392  2556 D         : HostComposition ext ANDROID_EMU_CHECKSUM_HELPER_v1 ANDROID_EMU_native_sync_v2 ANDROID_EMU_native_sync_v3 ANDROID_EMU_dma_v1 ANDROID_EMU_host_composition_v1 GL_OES_EGL_image_external_essl3 GL_OES_vertex_array_object GL_KHR_texture_compression_astc_ldr ANDROID_EMU_gles_max_version_3_1 
06-13 05:55:11.226  2392  2556 D OpenGLRenderer: Swap behavior 1
06-13 05:55:11.227  2392  2556 W OpenGLRenderer: Failed to choose config with EGL_SWAP_BEHAVIOR_PRESERVED, retrying without...
06-13 05:55:11.227  2392  2556 D OpenGLRenderer: Swap behavior 0
06-13 05:55:11.234  2392  2556 D eglCodecCommon: setVertexArrayObject: set vao to 0 (0) 0 0
06-13 05:55:11.234  2392  2556 D EGL_emulation: eglCreateContext: 0xf3b7f100: maj 3 min 1 rcv 4
06-13 05:55:11.238  2235  2250 W JHwRemoteBinder: BinderProxy is being destroyed but the application did not call unlinkToDeath to unlink all of its death recipients beforehand.  Releasing leaked death recipient: com.android.server.wifi.-$$Lambda$HalDeviceManager$jNAzj5YlVhwJm5NjZ6HiKskQStI
06-13 05:55:11.238  2235  2249 I system_server: NativeAlloc concurrent copying GC freed 59523(4213KB) AllocSpace objects, 37(2104KB) LOS objects, 42% free, 8190KB/13MB, paused 1.369ms total 294.632ms
06-13 05:55:11.240  2235  2235 I system_server: WaitForGcToComplete blocked ClassLinker on ClassLinker for 255.172ms
06-13 05:55:11.249  2235  2235 W Looper  : Slow dispatch took 372ms main h=android.app.ActivityThread$H c=null m=114
06-13 05:55:11.258  2392  2556 D EGL_emulation: eglMakeCurrent: 0xf3b7f100: ver 3 1 (tinfo 0xe8814690)
06-13 05:55:11.265  2392  2556 E eglCodecCommon: glUtilsParamSize: unknow param 0x000082da
06-13 05:55:11.278  2235  2235 V ConditionProviders: enabling condition provider for 0: ComponentInfo{com.google.android.apps.wellbeing/com.google.android.apps.wellbeing.dnd.impl.DndConditionProviderService}
06-13 05:55:11.266  2392  2556 E eglCodecCommon: glUtilsParamSize: unknow param 0x000082da
06-13 05:55:11.278  2383  2605 I vol.Events: writeEvent level_changed STREAM_VOICE_CALL 1
06-13 05:55:11.278  2235  2235 V ConditionProviders: Not registering ComponentInfo{com.google.android.apps.wellbeing/com.google.android.apps.wellbeing.dnd.impl.DndConditionProviderService} is already bound
06-13 05:55:11.279  2235  2235 V NotificationListeners: enabling notification listener for 0: ComponentInfo{com.google.android.projection.gearhead/com.google.android.gearhead.notifications.SharedNotificationListenerManager$ListenerService}
06-13 05:55:11.281  2383  2605 I vol.Events: writeEvent level_changed STREAM_SYSTEM 5
06-13 05:55:11.283  2383  2605 I vol.Events: writeEvent level_changed STREAM_RING 5
06-13 05:55:11.284  2235  2235 V NotificationListeners: binding: Intent { act=android.service.notification.NotificationListenerService cmp=com.google.android.projection.gearhead/com.google.android.gearhead.notifications.SharedNotificationListenerManager$ListenerService (has extras) }
06-13 05:55:11.285  2235  2235 W ActivityManager: Unable to start service Intent { act=android.service.notification.NotificationListenerService cmp=com.google.android.projection.gearhead/com.google.android.gearhead.notifications.SharedNotificationListenerManager$ListenerService } U=0: not found
06-13 05:55:11.286  2383  2605 I vol.Events: writeEvent level_changed STREAM_MUSIC 5
