--------- beginning of main
06-13 05:55:02.556  1873  1873 I SELinux : SELinux: Loaded service_contexts from:
06-13 05:55:02.558  1873  1873 I SELinux :     /system/etc/selinux/plat_service_contexts
06-13 05:55:02.573  1875  1875 I SELinux : SELinux: Loaded service_contexts from:
06-13 05:55:02.573  1875  1875 I SELinux :     /vendor/etc/selinux/vndservice_contexts
06-13 05:54:40.120  1872  1872 W auditd  : type=2000 audit(0.0:1): state=initialized audit_enabled=0 res=1
06-13 05:55:01.970  1872  1872 I auditd  : type=1403 audit(0.0:2): policy loaded auid=4294967295 ses=4294967295
06-13 05:55:01.970  1872  1872 W auditd  : type=1404 audit(0.0:3): enforcing=1 old_enforcing=0 auid=4294967295 ses=4294967295
06-13 05:55:02.300  1565  1565 W ueventd : type=1400 audit(0.0:4): avc: denied { search } for name="metadata" dev="dm-0" ino=32 scontext=u:r:ueventd:s0 tcontext=u:object_r:metadata_file:s0 tclass=dir permissive=0
06-13 05:55:02.911  1874  1874 I hwservicemanager: hwservicemanager is ready now.
--------- beginning of system
06-13 05:55:02.956  1891  1891 I vold    : Vold 3.0 (the awakening) firing up
06-13 05:55:02.956  1891  1891 D vold    : Detected support for: ext4 vfat
06-13 05:55:02.959  1891  1891 D vold    : Found unmanaged dm device named vroot
06-13 05:55:02.959  1891  1891 W vold    : Failed to LOOP_GET_STATUS64 /dev/block/loop2: No such device or address
06-13 05:55:02.959  1891  1891 W vold    : Failed to LOOP_GET_STATUS64 /dev/block/loop4: No such device or address
06-13 05:55:02.959  1891  1891 W vold    : Failed to LOOP_GET_STATUS64 /dev/block/loop3: No such device or address
06-13 05:55:02.959  1891  1891 W vold    : Failed to LOOP_GET_STATUS64 /dev/block/loop6: No such device or address
06-13 05:55:02.959  1891  1891 W vold    : Failed to LOOP_GET_STATUS64 /dev/block/loop1: No such device or address
06-13 05:55:02.959  1891  1891 W vold    : Failed to LOOP_GET_STATUS64 /dev/block/loop0: No such device or address
06-13 05:55:02.959  1891  1891 W vold    : Failed to LOOP_GET_STATUS64 /dev/block/loop5: No such device or address
06-13 05:55:02.960  1891  1891 W vold    : Failed to LOOP_GET_STATUS64 /dev/block/loop7: No such device or address
06-13 05:55:02.961  1891  1891 I vold    : Skip mounting partition: /product
06-13 05:55:02.961  1891  1891 I vold    : Skip mounting partition: /product_services
06-13 05:55:02.961  1891  1891 I vold    : Skip mounting partition: /product
06-13 05:55:02.961  1891  1891 I vold    : Skip mounting partition: /product_services
06-13 05:55:02.963  1891  1891 D vold    : VoldNativeService::start() completed OK
06-13 05:55:02.967  1891  1894 I vold    : Found disk at /devices/pci0000:00/0000:00:08.0/virtio5/block/vdf but delaying scan due to secure keyguard
06-13 05:55:03.002  1891  1891 I vold    : fscrypt_initialize_global_de
06-13 05:55:03.002  1891  1891 D vold    : Key exists, using: /data/unencrypted/key
06-13 05:55:03.017  1874  1874 I hwservicemanager: getTransport: Cannot find entry android.hardware.keymaster@4.0::IKeymasterDevice/default in either framework or device manifest.
06-13 05:55:03.019  1891  1891 I ServiceManagement: getService: Trying again for android.hardware.keymaster@3.0::IKeymasterDevice/default...
06-13 05:55:03.034  1916  1916 I android.hardware.keymaster@3.0-impl: Fetching keymaster device name default
06-13 05:55:03.034  1916  1916 I android.hardware.keymaster@3.0-impl: Could not find any keystore module, using software-only implementation.
06-13 05:55:03.037  1916  1916 I ServiceManagement: Registered android.hardware.keymaster@3.0::IKeymasterDevice/default (start delay of 64ms)
06-13 05:55:03.037  1916  1916 I ServiceManagement: Removing namespace from process name android.hardware.keymaster@3.0-service to keymaster@3.0-service.
06-13 05:55:03.037  1916  1916 I android.hardware.keymaster@3.0-service: Registration complete for android.hardware.keymaster@3.0::IKeymasterDevice/default.
06-13 05:55:03.038  1891  1891 I vold    : List of Keymaster HALs found:
06-13 05:55:03.038  1891  1891 I vold    : Keymaster HAL #1: SoftwareKeymasterDevice from Google SecurityLevel: SOFTWARE HAL: android.hardware.keymaster@3.0::IKeymasterDevice/default
06-13 05:55:03.038  1891  1891 I vold    : Using SoftwareKeymasterDevice from Google for encryption.  Security level: SOFTWARE, HAL: android.hardware.keymaster@3.0::IKeymasterDevice/default
06-13 05:55:03.040  1941  1941 W cryptomgr_probe: type=1400 audit(0.0:5): avc: denied { module_request } for kmod="crypto-cbc(aes)" scontext=u:r:kernel:s0 tcontext=u:r:kernel:s0 tclass=system permissive=0
06-13 05:55:03.040  1941  1941 W cryptomgr_probe: type=1400 audit(0.0:6): avc: denied { module_request } for kmod="crypto-cbc(aes)-all" scontext=u:r:kernel:s0 tcontext=u:r:kernel:s0 tclass=system permissive=0
06-13 05:55:03.043  1891  1891 D RefBase : RefBase: Explicit destruction, weak count = 0 (in 0xf5a1b1ac)
06-13 05:55:03.043  1891  1891 W RefBase : CallStack::getCurrentInternal not linked, returning null
06-13 05:55:03.044  1891  1891 W RefBase : CallStack::logStackInternal not linked
06-13 05:55:03.044  1891  1891 D vold    : Added key 140214497 (ext4:49eeb0fd43648f7a) to keyring 1006437593 in process 1891
06-13 05:55:03.044  1891  1891 D vold    : Added key 616651332 (f2fs:49eeb0fd43648f7a) to keyring 1006437593 in process 1891
06-13 05:55:03.044  1891  1891 D vold    : Added key 22135879 (fscrypt:49eeb0fd43648f7a) to keyring 1006437593 in process 1891
06-13 05:55:03.049  1891  1891 I vold    : Wrote system DE key reference to:/data/unencrypted/ref
06-13 05:55:03.082  1946  1946 E fsverity_init: Failed to load /product/etc/security/fsverity/*.der
06-13 05:55:03.088  1947  1947 E /system/bin/mini-keyctl: Cannot find keyring id
06-13 05:55:03.090  1950  1950 W cryptomgr_probe: type=1400 audit(0.0:7): avc: denied { module_request } for kmod="crypto-aes" scontext=u:r:kernel:s0 tcontext=u:r:kernel:s0 tclass=system permissive=0
06-13 05:55:03.090  1950  1950 W cryptomgr_probe: type=1400 audit(0.0:8): avc: denied { module_request } for kmod="crypto-aes-all" scontext=u:r:kernel:s0 tcontext=u:r:kernel:s0 tclass=system permissive=0
06-13 05:55:03.093  1948  1948 E fsverity_init: Failed to restrict .fs-verity keyring
06-13 05:55:03.107  1949  1949 I apexd   : Marking APEXd as starting
06-13 05:55:03.120  1953  1953 W init    : type=1400 audit(0.0:9): avc: denied { execute_no_trans } for path="/vendor/bin/toybox_vendor" dev="vde1" ino=205 scontext=u:r:init:s0 tcontext=u:object_r:vendor_toolbox_exec:s0 tclass=file permissive=0
06-13 05:55:03.122  1949  1949 I apexd   : Scanning /system/apex for embedded keys
06-13 05:55:03.124  1949  1949 V apexd   : Found bundled key in package /system/apex/com.android.apex.cts.shim.apex
06-13 05:55:03.124  1953  1953 E logwrapper: executing ls failed: Permission denied
06-13 05:55:03.124     1     1 I ls      : executing ls failed: Permission denied
06-13 05:55:03.124     1     1 I ls      : ls terminated by exit(255)
06-13 05:55:03.127  1949  1949 I apexd   : Scanning /product/apex for embedded keys
06-13 05:55:03.129  1949  1949 I apexd   : ... does not exist. Skipping
06-13 05:55:03.130  1949  1949 I apexd   : Populating APEX database from mounts...
06-13 05:55:03.132  1949  1949 I apexd   : 0 packages restored.
06-13 05:55:03.133  1949  1949 I apexd   : Scanning /data/apex/sessions looking for sessions to be activated.
06-13 05:55:03.135  1949  1949 I apexd   : Scanning /data/apex/active looking for APEX packages.
06-13 05:55:03.137  1949  1949 I apexd   : Activated 0 packages
06-13 05:55:03.138  1949  1949 I apexd   : Scanning /system/apex looking for APEX packages.
06-13 05:55:03.138  1949  1949 I apexd   : Found /system/apex/com.android.tzdata
06-13 05:55:03.138  1949  1949 V apexd   : Creating mount point: /apex/com.android.tzdata@210000000
06-13 05:55:03.138  1949  1949 I apexd   : Successfully bind-mounted flattened package /system/apex/com.android.tzdata on /apex/com.android.tzdata@210000000
06-13 05:55:03.138  1949  1949 V apexd   : Creating bind-mount for /apex/com.android.tzdata for /apex/com.android.tzdata@210000000
06-13 05:55:03.138  1949  1949 V apexd   : Bind-mounting /apex/com.android.tzdata@210000000 to /apex/com.android.tzdata
06-13 05:55:03.138  1949  1949 D apexd   : Successfully activated /system/apex/com.android.tzdata package_name: com.android.tzdata version: 210000000
06-13 05:55:03.138  1949  1949 I apexd   : Found /system/apex/com.android.media.swcodec
06-13 05:55:03.139  1949  1949 V apexd   : Creating mount point: /apex/com.android.media.swcodec@210000000
06-13 05:55:03.139  1949  1949 I apexd   : Successfully bind-mounted flattened package /system/apex/com.android.media.swcodec on /apex/com.android.media.swcodec@210000000
06-13 05:55:03.139  1949  1949 V apexd   : Creating bind-mount for /apex/com.android.media.swcodec for /apex/com.android.media.swcodec@210000000
06-13 05:55:03.139  1949  1949 V apexd   : Creating mountpoint /apex/com.android.media.swcodec
06-13 05:55:03.139  1949  1949 V apexd   : Bind-mounting /apex/com.android.media.swcodec@210000000 to /apex/com.android.media.swcodec
06-13 05:55:03.139  1949  1949 D apexd   : Successfully activated /system/apex/com.android.media.swcodec package_name: com.android.media.swcodec version: 210000000
06-13 05:55:03.139  1949  1949 I apexd   : Found /system/apex/com.android.runtime.debug
06-13 05:55:03.139  1949  1949 V apexd   : Creating mount point: /apex/com.android.runtime@1
06-13 05:55:03.139  1949  1949 I apexd   : Successfully bind-mounted flattened package /system/apex/com.android.runtime.debug on /apex/com.android.runtime@1
06-13 05:55:03.140  1949  1949 V apexd   : Creating bind-mount for /apex/com.android.runtime for /apex/com.android.runtime@1
06-13 05:55:03.140  1949  1949 V apexd   : Bind-mounting /apex/com.android.runtime@1 to /apex/com.android.runtime
06-13 05:55:03.140  1949  1949 D apexd   : Successfully activated /system/apex/com.android.runtime.debug package_name: com.android.runtime version: 1
06-13 05:55:03.140  1949  1949 I apexd   : Found /system/apex/com.android.media
06-13 05:55:03.140  1949  1949 V apexd   : Creating mount point: /apex/com.android.media@210000000
06-13 05:55:03.140  1949  1949 I apexd   : Successfully bind-mounted flattened package /system/apex/com.android.media on /apex/com.android.media@210000000
06-13 05:55:03.140  1949  1949 V apexd   : Creating bind-mount for /apex/com.android.media for /apex/com.android.media@210000000
06-13 05:55:03.140  1949  1949 V apexd   : Creating mountpoint /apex/com.android.media
06-13 05:55:03.140  1949  1949 V apexd   : Bind-mounting /apex/com.android.media@210000000 to /apex/com.android.media
06-13 05:55:03.141  1949  1949 D apexd   : Successfully activated /system/apex/com.android.media package_name: com.android.media version: 210000000
06-13 05:55:03.141  1949  1949 I apexd   : Found /system/apex/com.android.resolv
06-13 05:55:03.141  1949  1949 V apexd   : Creating mount point: /apex/com.android.resolv@210000000
06-13 05:55:03.141  1949  1949 I apexd   : Successfully bind-mounted flattened package /system/apex/com.android.resolv on /apex/com.android.resolv@210000000
06-13 05:55:03.141  1949  1949 V apexd   : Creating bind-mount for /apex/com.android.resolv for /apex/com.android.resolv@210000000
06-13 05:55:03.141  1949  1949 V apexd   : Creating mountpoint /apex/com.android.resolv
06-13 05:55:03.141  1949  1949 V apexd   : Bind-mounting /apex/com.android.resolv@210000000 to /apex/com.android.resolv
06-13 05:55:03.141  1949  1949 D apexd   : Successfully activated /system/apex/com.android.resolv package_name: com.android.resolv version: 210000000
06-13 05:55:03.142  1949  1949 I apexd   : Found /system/apex/com.android.apex.cts.shim.apex
06-13 05:55:03.142  1949  1949 V apexd   : Found bundled key in package /system/apex/com.android.apex.cts.shim.apex
06-13 05:55:03.142  1949  1949 V apexd   : Creating mount point: /apex/com.android.apex.cts.shim@1
06-13 05:55:03.143  1891  1894 D vold    : Disk at 7:0 changed
06-13 05:55:03.194  1891  1894 D vold    : Disk at 7:0 changed
06-13 05:55:03.194  1949  1949 W apexd   : Failed to LOOP_SET_BLOCK_SIZE: Not a typewriter
06-13 05:55:03.194  1949  1949 V apexd   : Loopback device created: /dev/block/loop0
06-13 05:55:03.194  1949  1949 V apexd   : AVB footer verification successful.
06-13 05:55:03.195  1949  1949 V apexd   : /system/apex/com.android.apex.cts.shim.apex: public key matches.
06-13 05:55:03.195  1949  1949 D apexd   : Waiting for /dev/block/loop0 to be created
06-13 05:55:03.198  1949  1949 I apexd   : Successfully mounted package /system/apex/com.android.apex.cts.shim.apex on /apex/com.android.apex.cts.shim@1
06-13 05:55:03.199  1949  1949 D apexd   : Validating shim apex /apex/com.android.apex.cts.shim@1
06-13 05:55:03.200  1949  1949 D apexd   : Checking if "/apex/com.android.apex.cts.shim@1/lost+found" is an allowed directory
06-13 05:55:03.200  1949  1949 D apexd   : Checking if "/apex/com.android.apex.cts.shim@1/etc" is an allowed directory
06-13 05:55:03.201  1949  1949 D apexd   : Checking if "/apex/com.android.apex.cts.shim@1/etc/hash.txt" is an allowed file
06-13 05:55:03.201  1949  1949 D apexd   : Checking if "/apex/com.android.apex.cts.shim@1/apex_manifest.json" is an allowed directory
06-13 05:55:03.201  1949  1949 V apexd   : Creating bind-mount for /apex/com.android.apex.cts.shim for /apex/com.android.apex.cts.shim@1
06-13 05:55:03.201  1949  1949 V apexd   : Creating mountpoint /apex/com.android.apex.cts.shim
06-13 05:55:03.201  1949  1949 V apexd   : Bind-mounting /apex/com.android.apex.cts.shim@1 to /apex/com.android.apex.cts.shim
06-13 05:55:03.201  1949  1949 D apexd   : Successfully activated /system/apex/com.android.apex.cts.shim.apex package_name: com.android.apex.cts.shim version: 1
06-13 05:55:03.201  1949  1949 I apexd   : Found /system/apex/com.android.conscrypt
06-13 05:55:03.201  1949  1949 V apexd   : Creating mount point: /apex/com.android.conscrypt@210000000
06-13 05:55:03.202  1949  1949 I apexd   : Successfully bind-mounted flattened package /system/apex/com.android.conscrypt on /apex/com.android.conscrypt@210000000
06-13 05:55:03.202  1949  1949 V apexd   : Creating bind-mount for /apex/com.android.conscrypt for /apex/com.android.conscrypt@210000000
06-13 05:55:03.202  1949  1949 V apexd   : Creating mountpoint /apex/com.android.conscrypt
06-13 05:55:03.202  1949  1949 V apexd   : Bind-mounting /apex/com.android.conscrypt@210000000 to /apex/com.android.conscrypt
06-13 05:55:03.202  1949  1949 D apexd   : Successfully activated /system/apex/com.android.conscrypt package_name: com.android.conscrypt version: 210000000
06-13 05:55:03.202  1949  1949 I apexd   : Activated 7 packages
06-13 05:55:03.202  1949  1949 I apexd   : Scanning /product/apex looking for APEX packages.
06-13 05:55:03.202  1949  1949 E apexd   : Failed to activate packages from /product/apex : Failed to scan /product/apex : Can't open /product/apex for reading : generic:2
06-13 05:55:03.203  1949  1949 I apexd   : Marking APEXd as ready
06-13 05:55:03.212  1891  1891 D vold    : fscrypt_init_user0
06-13 05:55:03.212  1891  1891 D vold    : Preparing: /data/misc/vold/user_keys
06-13 05:55:03.213  1891  1891 D vold    : Preparing: /data/misc/vold/user_keys/ce
06-13 05:55:03.213  1891  1891 D vold    : Preparing: /data/misc/vold/user_keys/de
06-13 05:55:03.214  1891  1891 D vold    : Skipping non-de-key .
06-13 05:55:03.214  1891  1891 D vold    : Skipping non-de-key ..
06-13 05:55:03.219  1874  1874 I hwservicemanager: getTransport: Cannot find entry android.hardware.keymaster@4.0::IKeymasterDevice/default in either framework or device manifest.
06-13 05:55:03.220  1891  1891 I vold    : List of Keymaster HALs found:
06-13 05:55:03.220  1891  1891 I vold    : Keymaster HAL #1: SoftwareKeymasterDevice from Google SecurityLevel: SOFTWARE HAL: android.hardware.keymaster@3.0::IKeymasterDevice/default
06-13 05:55:03.220  1891  1891 I vold    : Using SoftwareKeymasterDevice from Google for encryption.  Security level: SOFTWARE, HAL: android.hardware.keymaster@3.0::IKeymasterDevice/default
06-13 05:55:03.220  1891  1891 D RefBase : RefBase: Explicit destruction, weak count = 0 (in 0xf5a1b1ac)
06-13 05:55:03.220  1891  1891 W RefBase : CallStack::getCurrentInternal not linked, returning null
06-13 05:55:03.220  1891  1891 W RefBase : CallStack::logStackInternal not linked
06-13 05:55:03.221  1891  1891 D vold    : Added key 107981493 (ext4:22f78ade77dcd27e) to keyring 1006437593 in process 1891
06-13 05:55:03.221  1891  1891 D vold    : Added key 823231355 (f2fs:22f78ade77dcd27e) to keyring 1006437593 in process 1891
06-13 05:55:03.221  1891  1891 D vold    : Added key 574178231 (fscrypt:22f78ade77dcd27e) to keyring 1006437593 in process 1891
06-13 05:55:03.221  1891  1891 D vold    : Installed de key for user 0
06-13 05:55:03.221  1891  1891 D vold    : fscrypt_prepare_user_storage for volume null, user 0, serial 0, flags 1
06-13 05:55:03.221  1891  1891 D vold    : Preparing: /data/system/users/0
06-13 05:55:03.221  1891  1891 D vold    : Preparing: /data/misc/profiles/cur/0
06-13 05:55:03.221  1891  1891 D vold    : Preparing: /data/system_de/0
06-13 05:55:03.221  1891  1891 D vold    : Preparing: /data/misc_de/0
06-13 05:55:03.222  1891  1891 D vold    : Preparing: /data/vendor_de/0
06-13 05:55:03.222  1891  1891 D vold    : Preparing: /data/user_de/0
06-13 05:55:03.223  1891  1891 I vold    : Found policy 22f78ade77dcd27e at /data/system_de/0 which matches expected value
06-13 05:55:03.223  1891  1891 I vold    : Found policy 22f78ade77dcd27e at /data/misc_de/0 which matches expected value
06-13 05:55:03.224  1891  1891 I vold    : Found policy 22f78ade77dcd27e at /data/vendor_de/0 which matches expected value
06-13 05:55:03.224  1891  1891 I vold    : Found policy 22f78ade77dcd27e at /data/user_de/0 which matches expected value
06-13 05:55:03.224  1891  1891 D vold    : /system/bin/vold_prepare_subdirs
06-13 05:55:03.224  1891  1891 D vold    :     prepare
06-13 05:55:03.225  1891  1891 D vold    :     
06-13 05:55:03.225  1891  1891 D vold    :     0
06-13 05:55:03.225  1891  1891 D vold    :     1
06-13 05:55:03.234  1962  1962 D vold_prepare_subdirs: Setting up mode 700 uid 0 gid 0 context u:object_r:vold_data_file:s0 on path: /data/misc_de/0/vold
06-13 05:55:03.234  1962  1962 D vold_prepare_subdirs: Setting up mode 700 uid 0 gid 0 context u:object_r:storaged_data_file:s0 on path: /data/misc_de/0/storaged
06-13 05:55:03.234  1962  1962 D vold_prepare_subdirs: Setting up mode 700 uid 0 gid 0 context u:object_r:rollback_data_file:s0 on path: /data/misc_de/0/rollback
06-13 05:55:03.234  1962  1962 D vold_prepare_subdirs: Setting up mode 700 uid 1000 gid 1000 context u:object_r:fingerprint_vendor_data_file:s0 on path: /data/vendor_de/0/fpdata
06-13 05:55:03.235  1962  1962 D vold_prepare_subdirs: Setting up mode 700 uid 1000 gid 1000 context u:object_r:face_vendor_data_file:s0 on path: /data/vendor_de/0/facedata
06-13 05:55:03.243  1963  1963 I /system/bin/tzdatacheck: timezone distro dir /data/misc/zoneinfo/current does not exist. No action required.
06-13 05:55:03.258  1965  1965 I art_apex: === ART pre-boot integrity checks ===
06-13 05:55:03.268  1967  1967 F art_apex: Device is not fsverity-enabled.
06-13 05:55:03.293  1971  1971 W otapreopt_slot: Slot property empty.
06-13 05:55:03.310  1974  1974 I /system/bin/flags_health_check: ServerConfigurableFlagsReset reset_mode value: 0
06-13 05:55:03.310  1974  1974 I /system/bin/flags_health_check: ServerConfigurableFlagsReset attempted boot count is under threshold, skipping reset.
06-13 05:55:03.349  1978  1978 I bootstat: Service started: /system/bin/bootstat --set_system_boot_reason 
06-13 05:55:03.349  1978  1978 I bootstat: Canonical boot reason: reboot
06-13 05:55:03.350  1978  1978 I bootstat: Canonical boot reason: reboot
06-13 05:55:03.365  1979  1979 I ServiceManagement: Registered android.hidl.allocator@1.0::IAllocator/ashmem (start delay of 22ms)
06-13 05:55:03.366  1979  1979 I ServiceManagement: Removing namespace from process name android.hidl.allocator@1.0-service to allocator@1.0-service.
06-13 05:55:03.386  1980  1980 I ServiceManagement: Registered android.system.suspend@1.0::ISystemSuspend/default (start delay of 43ms)
06-13 05:55:03.387  1980  1980 I ServiceManagement: Removing namespace from process name android.system.suspend@1.0-service to suspend@1.0-service.
06-13 05:55:03.391  1983  1983 I ServiceManagement: Registered android.hardware.broadcastradio@1.1::IBroadcastRadioFactory/default (start delay of 48ms)
06-13 05:55:03.391  1983  1983 I ServiceManagement: Removing namespace from process name android.hardware.broadcastradio@1.1-service to broadcastradio@1.1-service.
06-13 05:55:03.397  1981  1981 I health@2.0/: health@2.0/backup: Hal starting main loop...
06-13 05:55:03.397  1981  1981 I health@2.0/: health@2.0/backup Hal is starting up...
06-13 05:55:03.397  1874  1874 I hwservicemanager: getTransport: Cannot find entry android.hardware.health@1.0::IHealth/default in either framework or device manifest.
06-13 05:55:03.399  1981  1981 I ServiceManagement: Registered android.hardware.health@2.0::IHealth/backup (start delay of 56ms)
06-13 05:55:03.399  1981  1981 I health@2.0/: health@2.0/backup: Hal init done
06-13 05:55:03.411  2000  2000 I qemu-props: connected to 'boot-properties' qemud service.
06-13 05:55:03.411  2000  2000 I qemu-props: receiving..
06-13 05:55:03.411  2000  2000 I qemu-props: received: qemu.cmdline=androidboot.logcat=v:* androidboot.consolepipe=qemu_pipe,pipe:logcat
06-13 05:55:03.417  1994  1994 I health@2.0/: health@2.0/default: Hal starting main loop...
06-13 05:55:03.417  2000  2000 I qemu-props: successfully set property 'qemu.cmdline' to 'androidboot.logcat=v:* androidboot.consolepipe=qemu_pipe,pipe:logcat'
06-13 05:55:03.417  1994  1994 I health@2.0/: health@2.0/default Hal is starting up...
06-13 05:55:03.417  2000  2000 I qemu-props: receiving..
06-13 05:55:03.418  2000  2000 I qemu-props: received: qemu.logcat=start
06-13 05:55:03.423  1990  1990 E GoldfishGatekeeper: called goldfish_gatekeeper_open with gate keeper 0xf4a0e0d8 device 0xf46e6000
06-13 05:55:03.426  1994  1994 I ServiceManagement: Registered android.hardware.health@2.0::IHealth/default (start delay of 74ms)
06-13 05:55:03.426  1995  1995 I android.hardware.power@1.1-service.ranchu: Power HAL Service 1.1 for Ranchu is starting.
06-13 05:55:03.427  1994  1994 I ServiceManagement: Removing namespace from process name android.hardware.health@2.0-service.goldfish to health@2.0-service.goldfish.
06-13 05:55:03.427  1994  1994 I health@2.0/: health@2.0/default: Hal init done
06-13 05:55:03.429  1995  1995 I ServiceManagement: Registered android.hardware.power@1.1::IPower/default (start delay of 66ms)
06-13 05:55:03.429  1995  1995 I ServiceManagement: Removing namespace from process name android.hardware.power@1.1-service.ranchu to power@1.1-service.ranchu.
06-13 05:55:03.429  1995  1995 I android.hardware.power@1.1-service.ranchu: Power Service is ready
06-13 05:55:03.429  1990  1990 I ServiceManagement: Registered android.hardware.gatekeeper@1.0::IGatekeeper/default (start delay of 77ms)
06-13 05:55:03.429  1990  1990 I ServiceManagement: Removing namespace from process name android.hardware.gatekeeper@1.0-service to gatekeeper@1.0-service.
06-13 05:55:03.429  1990  1990 I android.hardware.gatekeeper@1.0-service: Registration complete for android.hardware.gatekeeper@1.0::IGatekeeper/default.
06-13 05:55:03.430  1985  1985 I ServiceManagement: Registered android.hardware.cas@1.1::IMediaCasService/default (start delay of 87ms)
06-13 05:55:03.430  1985  1985 I ServiceManagement: Removing namespace from process name android.hardware.cas@1.1-service to cas@1.1-service.
06-13 05:55:03.430  2000  2000 I qemu-props: successfully set property 'vendor.qemu.logcat' to 'start'
06-13 05:55:03.430  2000  2000 I qemu-props: receiving..
06-13 05:55:03.430  2000  2000 I qemu-props: received: ro.opengles.version=196609
06-13 05:55:03.431  2000  2000 I qemu-props: receiving..
06-13 05:55:03.431  2000  2000 I qemu-props: received: qemu.sf.fake_camera=front
06-13 05:55:03.441  1986  1986 W /vendor/bin/hw/android.hardware.configstore@1.1-service: Could not find seccomp policy file at: /vendor/etc/seccomp_policy/configstore@1.1.policy
06-13 05:55:03.442  1986  1986 I ServiceManagement: Registered android.hardware.configstore@1.1::ISurfaceFlingerConfigs/default (start delay of 99ms)
06-13 05:55:03.442  1986  1986 I ServiceManagement: Removing namespace from process name android.hardware.configstore@1.1-service to configstore@1.1-service.
06-13 05:55:03.445  2004  2004 E libpsi  : No kernel psi monitor support (errno=2)
06-13 05:55:03.445  2004  2004 I lowmemorykiller: Using vmpressure for memory pressure detection
06-13 05:55:03.445  1996  1996 I ServiceManagement: Registered android.hardware.sensors@1.0::ISensors/default (start delay of 82ms)
06-13 05:55:03.445  2000  2000 I qemu-props: successfully set property 'vendor.qemu.sf.fake_camera' to 'front'
06-13 05:55:03.445  2000  2000 I qemu-props: receiving..
06-13 05:55:03.445  2000  2000 I qemu-props: received: dalvik.vm.heapsize=512m
06-13 05:55:03.446  2000  2000 I qemu-props: receiving..
06-13 05:55:03.446  1996  1996 I ServiceManagement: Removing namespace from process name android.hardware.sensors@1.0-service to sensors@1.0-service.
06-13 05:55:03.446  2000  2000 I qemu-props: received: qemu.hw.mainkeys=0
06-13 05:55:03.446  1996  1996 I android.hardware.sensors@1.0-service: Registration complete for android.hardware.sensors@1.0::ISensors/default.
06-13 05:55:03.447  2000  2000 I qemu-props: successfully set property 'qemu.hw.mainkeys' to '0'
06-13 05:55:03.448  2000  2000 I qemu-props: receiving..
06-13 05:55:03.448  2000  2000 I qemu-props: received: qemu.sf.lcd_density=560
06-13 05:55:03.449  1997  1997 I android.hardware.thermal@2.0-service-mock: Thermal HAL Service Mock 2.0 starting...
06-13 05:55:03.450  2000  2000 I qemu-props: successfully set property 'vendor.qemu.sf.lcd_density' to '560'
06-13 05:55:03.450  2000  2000 I qemu-props: receiving..
06-13 05:55:03.450  2000  2000 I qemu-props: received: qemu.timezone=Unknown/Unknown
06-13 05:55:03.451  1997  1997 I ServiceManagement: Registered android.hardware.thermal@2.0::IThermal/default (start delay of 88ms)
06-13 05:55:03.451  1997  1997 I ServiceManagement: Removing namespace from process name android.hardware.thermal@2.0-service.mock to thermal@2.0-service.mock.
06-13 05:55:03.451  1997  1997 I android.hardware.thermal@2.0-service-mock: Thermal Service started successfully.
06-13 05:55:03.454  2000  2000 I qemu-props: successfully set property 'vendor.qemu.timezone' to 'Unknown/Unknown'
06-13 05:55:03.455  2000  2000 I qemu-props: receiving..
06-13 05:55:03.459  1988  1988 I ServiceManagement: Registered android.hardware.drm@1.2::IDrmFactory/clearkey (start delay of 106ms)
06-13 05:55:03.459  1988  1988 I ServiceManagement: Removing namespace from process name android.hardware.drm@1.2-service.clearkey to drm@1.2-service.clearkey.
06-13 05:55:03.460  1988  1988 I ServiceManagement: Registered android.hardware.drm@1.2::ICryptoFactory/clearkey (start delay of 107ms)
06-13 05:55:03.460  1988  1988 I ServiceManagement: Removing namespace from process name android.hardware.drm@1.2-service.clearkey to drm@1.2-service.clearkey.
06-13 05:55:03.467  1976  1976 I netdClient: Skipping libnetd_client init since *we* are netd
06-13 05:55:03.469  1984  1984 I android.hardware.camera.provider@2.4-service: CameraProvider@2.4 legacy service is starting.
06-13 05:55:03.484  1991  1991 I ServiceManagement: Registered android.hardware.gnss@1.0::IGnss/default (start delay of 131ms)
06-13 05:55:03.484  1991  1991 I ServiceManagement: Removing namespace from process name android.hardware.gnss@1.0-service to gnss@1.0-service.
06-13 05:55:03.484  1991  1991 I android.hardware.gnss@1.0-service: Registration complete for android.hardware.gnss@1.0::IGnss/default.
06-13 05:55:03.500  1987  1987 I ServiceManagement: Registered android.hardware.drm@1.0::IDrmFactory/default (start delay of 147ms)
06-13 05:55:03.500  1987  1987 I ServiceManagement: Removing namespace from process name android.hardware.drm@1.0-service to drm@1.0-service.
06-13 05:55:03.500  1987  1987 I         : Registration complete for android.hardware.drm@1.0::IDrmFactory/default.
06-13 05:55:03.502  1987  1987 I ServiceManagement: Registered android.hardware.drm@1.0::ICryptoFactory/default (start delay of 149ms)
06-13 05:55:03.502  1987  1987 I ServiceManagement: Removing namespace from process name android.hardware.drm@1.0-service to drm@1.0-service.
06-13 05:55:03.503  1987  1987 I         : Registration complete for android.hardware.drm@1.0::ICryptoFactory/default.
06-13 05:55:03.510  1976  1976 I netd    : netd 1.0 starting
06-13 05:55:03.511  1976  1976 W Netd    : dlopen(/apex/com.android.resolv/lib64/libnetd_resolv.so) failed: No such file or directory
06-13 05:55:03.513  1992  1992 D         : createUnique: call
06-13 05:55:03.513  1992  1992 D         : HostConnection::get() New Host Connection established 0xf4026050, tid 1992
06-13 05:55:03.514  1989  1989 I ServiceManagement: Registered android.hardware.drm@1.2::IDrmFactory/widevine (start delay of 161ms)
06-13 05:55:03.514  1989  1989 I ServiceManagement: Removing namespace from process name android.hardware.drm@1.2-service.widevine to drm@1.2-service.widevine.
06-13 05:55:03.515  1989  1989 I ServiceManagement: Registered android.hardware.drm@1.2::ICryptoFactory/widevine (start delay of 162ms)
06-13 05:55:03.515  1989  1989 I ServiceManagement: Removing namespace from process name android.hardware.drm@1.2-service.widevine to drm@1.2-service.widevine.
06-13 05:55:03.516  1992  1992 I ServiceManagement: Registered android.hardware.graphics.allocator@2.0::IAllocator/default (start delay of 163ms)
06-13 05:55:03.516  1992  1992 I ServiceManagement: Removing namespace from process name android.hardware.graphics.allocator@2.0-service to allocator@2.0-service.
06-13 05:55:03.516  1992  1992 I android.hardware.graphics.allocator@2.0-service: Registration complete for android.hardware.graphics.allocator@2.0::IAllocator/default.
06-13 05:55:03.570  2032  2032 D LibBpfLoader: Loading ELF object /system/etc/bpf/clatd.o with license Apache 2.0
06-13 05:55:03.570  2032  2032 D LibBpfLoader: Loaded code section 3 (schedcls_ingress_clat_ether)
06-13 05:55:03.570  2032  2032 D LibBpfLoader: Loaded relo section 3 (.relschedcls/ingress/clat_ether)
06-13 05:55:03.570  2052  2052 I /system/bin/tombstoned: tombstoned successfully initialized
06-13 05:55:03.570  2032  2032 D LibBpfLoader: Adding section 3 to cs list
06-13 05:55:03.570  2032  2032 D LibBpfLoader: Loaded code section 5 (schedcls_ingress_clat_rawip)
06-13 05:55:03.570  2032  2032 D LibBpfLoader: Loaded relo section 5 (.relschedcls/ingress/clat_rawip)
06-13 05:55:03.571  2032  2032 D LibBpfLoader: Adding section 5 to cs list
06-13 05:55:03.571  2032  2032 D LibBpfLoader: bpf_create_map name clat_ingress_map, ret: 7
06-13 05:55:03.571  2032  2032 D LibBpfLoader: map_fd found at 0 is 7 in /system/etc/bpf/clatd.o
06-13 05:55:03.571  2032  2032 D LibBpfLoader: applying relo to instruction at byte offset: 400, 	       insn offset 50 , insn 118
06-13 05:55:03.572  2032  2032 D LibBpfLoader: applying relo to instruction at byte offset: 360, 	       insn offset 45 , insn 118
06-13 05:55:03.575  2032  2032 D LibBpfLoader: New bpf core prog_load for /system/etc/bpf/clatd.o (schedcls_ingress_clat_ether) returned: 8
06-13 05:55:03.577  2032  2032 D LibBpfLoader: New bpf core prog_load for /system/etc/bpf/clatd.o (schedcls_ingress_clat_rawip) returned: 9
06-13 05:55:03.578  1984  1984 D EmulatedCamera_QemuClient: Emulated camera list: name=virtualscene channel=0 pix=876758866 dir=back framedims=640x480,352x288,320x240,176x144,1280x720,1280x960
06-13 05:55:03.580  1984  1984 I EmulatedCamera_QemuCamera3: Constructing emulated qemu camera 3: ID 0
06-13 05:55:03.580  1984  1984 I EmulatedCamera_QemuCamera3: parseResolutions: 640x480
06-13 05:55:03.580  1984  1984 I EmulatedCamera_QemuCamera3: parseResolutions: 352x288
06-13 05:55:03.580  1984  1984 I EmulatedCamera_QemuCamera3: parseResolutions: 320x240
06-13 05:55:03.580  2031  2031 I perfetto: probes.cc:56 Starting /system/bin/traced_probes service
06-13 05:55:03.580  1984  1984 I EmulatedCamera_QemuCamera3: parseResolutions: 176x144
06-13 05:55:03.580  1984  1984 I EmulatedCamera_QemuCamera3: parseResolutions: 1280x720
06-13 05:55:03.580  1984  1984 I EmulatedCamera_QemuCamera3: parseResolutions: 1280x960
06-13 05:55:03.580  1984  1984 I EmulatedCamera_QemuCamera3: Camera 0 capabilities:
06-13 05:55:03.581  2032  2032 I bpfloader: Attempted load object: /system/etc/bpf/clatd.o, ret: Success
06-13 05:55:03.581  1984  1984 I EmulatedCamera_QemuCamera3:   BACKWARD_COMPATIBLE
06-13 05:55:03.581  1984  1984 I EmulatedCamera_FakeCamera3: Constructing emulated fake camera 3: ID 1, facing front
06-13 05:55:03.581  1984  1984 I EmulatedCamera_FakeCamera3: Camera 1 capabilities:
06-13 05:55:03.581  1984  1984 I EmulatedCamera_FakeCamera3:   BACKWARD_COMPATIBLE
06-13 05:55:03.581  1984  1984 I EmulatedCamera_FakeCamera3:   MANUAL_SENSOR
06-13 05:55:03.581  1984  1984 I EmulatedCamera_FakeCamera3:   MANUAL_POST_PROCESSING
06-13 05:55:03.581  1984  1984 I EmulatedCamera_FakeCamera3:   READ_SENSOR_SETTINGS
06-13 05:55:03.581  1984  1984 I EmulatedCamera_FakeCamera3:   BURST_CAPTURE
06-13 05:55:03.581  1984  1984 I EmulatedCamera_FakeCamera3:   FULL_LEVEL
06-13 05:55:03.581  1984  1984 I EmulatedCamera_FakeCamera3:   (null)
06-13 05:55:03.582  1984  1984 E EmulatedCamera_Factory: 2 cameras are being emulated. 1 of them are fake cameras.
06-13 05:55:03.582  1984  1984 E EmulatedCamera_HotplugThread: createFileIfNotExists: Could not create file '/data/misc/media/emulator.camera.hotplug.0', error: 'Permission denied' (13)
06-13 05:55:03.582  1984  1984 E EmulatedCamera_HotplugThread: createFileIfNotExists: Could not create file '/data/misc/media/emulator.camera.hotplug.1', error: 'Permission denied' (13)
06-13 05:55:03.582  1984  1984 I CamPrvdr@2.4-legacy: Loaded "Emulated Camera Module" camera module
06-13 05:55:03.582  1984  1984 E CamPrvdr@2.4-legacy: setUpVendorTags: Vendor tag operations not fully defined. Ignoring definitions.
06-13 05:55:03.583  1984  1984 E CamPrvdr@2.4-legacy: initialize: Vendor tag setup failed, will not be available.
06-13 05:55:03.583  1984  1984 V EmulatedCamera_BaseCamera: getCameraInfo
06-13 05:55:03.583  1984  1984 V EmulatedCamera_BaseCamera: getCameraInfo
06-13 05:55:03.585  1993  1993 D         : createUnique: call
06-13 05:55:03.585  1993  1993 D         : HostConnection::get() New Host Connection established 0xe9516320, tid 1993
06-13 05:55:03.587  1993  1993 D         : HostComposition ext ANDROID_EMU_CHECKSUM_HELPER_v1 ANDROID_EMU_native_sync_v2 ANDROID_EMU_native_sync_v3 ANDROID_EMU_dma_v1 ANDROID_EMU_host_composition_v1 GL_OES_EGL_image_external_essl3 GL_OES_vertex_array_object GL_KHR_texture_compression_astc_ldr ANDROID_EMU_gles_max_version_3_1 
06-13 05:55:03.588  2032  2032 D LibBpfLoader: Loading ELF object /system/etc/bpf/netd.o with license Apache 2.0
06-13 05:55:03.588  2032  2032 D LibBpfLoader: Loaded code section 3 (cgroupskb_ingress_stats)
06-13 05:55:03.588  2032  2032 D LibBpfLoader: Loaded relo section 3 (.relcgroupskb/ingress/stats)
06-13 05:55:03.588  2032  2032 D LibBpfLoader: Adding section 3 to cs list
06-13 05:55:03.588  2032  2032 D LibBpfLoader: Loaded code section 5 (cgroupskb_egress_stats)
06-13 05:55:03.588  1984  1984 I ServiceManagement: Registered android.hardware.camera.provider@2.4::ICameraProvider/legacy/0 (start delay of 246ms)
06-13 05:55:03.588  2032  2032 D LibBpfLoader: Loaded relo section 5 (.relcgroupskb/egress/stats)
06-13 05:55:03.588  1984  1984 I ServiceManagement: Removing namespace from process name android.hardware.camera.provider@2.4-service to provider@2.4-service.
06-13 05:55:03.588  2032  2032 D LibBpfLoader: Adding section 5 to cs list
06-13 05:55:03.589  1984  1984 I android.hardware.camera.provider@2.4-service: Registration complete for android.hardware.camera.provider@2.4::ICameraProvider/legacy/0.
06-13 05:55:03.589  2032  2032 D LibBpfLoader: Loaded code section 7 (skfilter_egress_xtbpf)
06-13 05:55:03.589  2032  2032 D LibBpfLoader: Loaded relo section 7 (.relskfilter/egress/xtbpf)
06-13 05:55:03.589  2032  2032 D LibBpfLoader: Adding section 7 to cs list
06-13 05:55:03.589  2032  2032 D LibBpfLoader: Loaded code section 9 (skfilter_ingress_xtbpf)
06-13 05:55:03.589  2032  2032 D LibBpfLoader: Loaded relo section 9 (.relskfilter/ingress/xtbpf)
06-13 05:55:03.589  2032  2032 D LibBpfLoader: Adding section 9 to cs list
06-13 05:55:03.589  2032  2032 D LibBpfLoader: Loaded code section 11 (skfilter_whitelist_xtbpf)
06-13 05:55:03.589  2032  2032 D LibBpfLoader: Loaded relo section 11 (.relskfilter/whitelist/xtbpf)
06-13 05:55:03.589  2032  2032 D LibBpfLoader: Adding section 11 to cs list
06-13 05:55:03.589  2032  2032 D LibBpfLoader: Loaded code section 13 (skfilter_blacklist_xtbpf)
06-13 05:55:03.590  2032  2032 D LibBpfLoader: Loaded relo section 13 (.relskfilter/blacklist/xtbpf)
06-13 05:55:03.590  2032  2032 D LibBpfLoader: Adding section 13 to cs list
06-13 05:55:03.590  2032  2032 D LibBpfLoader: Loaded code section 15 (cgroupsock_inet_create)
06-13 05:55:03.590  2032  2032 D LibBpfLoader: Loaded relo section 15 (.relcgroupsock/inet/create)
06-13 05:55:03.590  2032  2032 D LibBpfLoader: Adding section 15 to cs list
06-13 05:55:03.591  2054  2054 D android.hardware.biometrics.fingerprint@2.1-service: Opening fingerprint hal library...
06-13 05:55:03.593  2030  2030 W perfetto: service.cc:65 Started traced, listening on /dev/socket/traced_producer /dev/socket/traced_consumer
06-13 05:55:03.597  1874  1874 I hwservicemanager: getTransport: Cannot find entry android.hardware.usb.gadget@1.0::IUsbGadget/default in either framework or device manifest.
06-13 05:55:03.598  2053  2053 I usbd    : Usb HAL not found
06-13 05:55:03.599  2054  2054 D FingerprintHal: ----------------> fingerprint_open ----------------->
06-13 05:55:03.599  1993  1993 I ServiceManagement: Registered android.hardware.graphics.composer@2.1::IComposer/default (start delay of 246ms)
06-13 05:55:03.599  1993  1993 I ServiceManagement: Removing namespace from process name android.hardware.graphics.composer@2.1-service to composer@2.1-service.
06-13 05:55:03.599  2054  2054 D FingerprintHal: ----------------> set_notify_callback ----------------->
06-13 05:55:03.599  2054  2066 D FingerprintHal: ----------------> listenerFunction ----------------->
06-13 05:55:03.599  2054  2054 D FingerprintHal: fingerprint callback notification set
06-13 05:55:03.599  1993  1993 I android.hardware.graphics.composer@2.1-service: Registration complete for android.hardware.graphics.composer@2.1::IComposer/default.
06-13 05:55:03.600  2054  2054 I ServiceManagement: Registered android.hardware.biometrics.fingerprint@2.1::IBiometricsFingerprint/default (start delay of 58ms)
06-13 05:55:03.600  2054  2054 I ServiceManagement: Removing namespace from process name android.hardware.biometrics.fingerprint@2.1-service to fingerprint@2.1-service.
06-13 05:55:03.602  2045  2062 I ServiceManager: Waiting for service 'package_native' on '/dev/binder'...
06-13 05:55:03.602  2032  2032 D LibBpfLoader: bpf_create_map name cookie_tag_map, ret: 10
06-13 05:55:03.602  2032  2032 D LibBpfLoader: bpf_create_map name uid_counterset_map, ret: 11
06-13 05:55:03.604  2032  2032 D LibBpfLoader: bpf_create_map name app_uid_stats_map, ret: 12
06-13 05:55:03.605  2032  2032 D LibBpfLoader: bpf_create_map name stats_map_A, ret: 13
06-13 05:55:03.606  2032  2032 D LibBpfLoader: bpf_create_map name stats_map_B, ret: 14
06-13 05:55:03.607  2032  2032 D LibBpfLoader: bpf_create_map name iface_stats_map, ret: 15
06-13 05:55:03.607  2032  2032 D LibBpfLoader: bpf_create_map name configuration_map, ret: 16
06-13 05:55:03.607  2032  2032 D LibBpfLoader: bpf_create_map name uid_owner_map, ret: 17
06-13 05:55:03.607  2032  2032 D LibBpfLoader: bpf_create_map name iface_index_name_map, ret: 18
06-13 05:55:03.608  2032  2032 D LibBpfLoader: bpf_create_map name uid_permission_map, ret: 19
06-13 05:55:03.608  2032  2032 D LibBpfLoader: map_fd found at 0 is 10 in /system/etc/bpf/netd.o
06-13 05:55:03.608  2032  2032 D LibBpfLoader: map_fd found at 1 is 11 in /system/etc/bpf/netd.o
06-13 05:55:03.608  2032  2032 D LibBpfLoader: map_fd found at 2 is 12 in /system/etc/bpf/netd.o
06-13 05:55:03.608  2032  2032 D LibBpfLoader: map_fd found at 3 is 13 in /system/etc/bpf/netd.o
06-13 05:55:03.608  2032  2032 D LibBpfLoader: map_fd found at 4 is 14 in /system/etc/bpf/netd.o
06-13 05:55:03.608  2032  2032 D LibBpfLoader: map_fd found at 5 is 15 in /system/etc/bpf/netd.o
06-13 05:55:03.608  2032  2032 D LibBpfLoader: map_fd found at 6 is 16 in /system/etc/bpf/netd.o
06-13 05:55:03.609  2032  2032 D LibBpfLoader: map_fd found at 7 is 17 in /system/etc/bpf/netd.o
06-13 05:55:03.609  2032  2032 D LibBpfLoader: map_fd found at 8 is 18 in /system/etc/bpf/netd.o
06-13 05:55:03.609  2032  2032 D LibBpfLoader: map_fd found at 9 is 19 in /system/etc/bpf/netd.o
06-13 05:55:03.609  2031  2031 I perfetto: probes_producer.cc:88 Connected to the service
06-13 05:55:03.609  2032  2032 D LibBpfLoader: applying relo to instruction at byte offset: 616, 	       insn offset 77 , insn 118
06-13 05:55:03.611  2032  2032 D LibBpfLoader: applying relo to instruction at byte offset: 688, 	       insn offset 86 , insn 118
06-13 05:55:03.611  2032  2032 D LibBpfLoader: applying relo to instruction at byte offset: 1040, 	       insn offset 130 , insn 118
06-13 05:55:03.611  2032  2032 D LibBpfLoader: applying relo to instruction at byte offset: 1184, 	       insn offset 148 , insn 118
06-13 05:55:03.611  2032  2032 D LibBpfLoader: applying relo to instruction at byte offset: 1264, 	       insn offset 158 , insn 118
06-13 05:55:03.611  2032  2032 D LibBpfLoader: applying relo to instruction at byte offset: 1368, 	       insn offset 171 , insn 118
06-13 05:55:03.611  2032  2032 D LibBpfLoader: applying relo to instruction at byte offset: 1472, 	       insn offset 184 , insn 118
06-13 05:55:03.611  2032  2032 D LibBpfLoader: applying relo to instruction at byte offset: 1512, 	       insn offset 189 , insn 118
06-13 05:55:03.611  2032  2032 D LibBpfLoader: applying relo to instruction at byte offset: 1576, 	       insn offset 197 , insn 118
06-13 05:55:03.612  2032  2032 D LibBpfLoader: applying relo to instruction at byte offset: 1680, 	       insn offset 210 , insn 118
06-13 05:55:03.612  2032  2032 D LibBpfLoader: applying relo to instruction at byte offset: 1720, 	       insn offset 215 , insn 118
06-13 05:55:03.612  2032  2032 D LibBpfLoader: applying relo to instruction at byte offset: 1848, 	       insn offset 231 , insn 118
06-13 05:55:03.612  2032  2032 D LibBpfLoader: applying relo to instruction at byte offset: 1952, 	       insn offset 244 , insn 118
06-13 05:55:03.612  2032  2032 D LibBpfLoader: applying relo to instruction at byte offset: 1992, 	       insn offset 249 , insn 118
06-13 05:55:03.600  2045  2045 W storaged: type=1400 audit(0.0:10): avc: denied { write } for name="tasks" dev="tmpfs" ino=5842 scontext=u:r:storaged:s0 tcontext=u:object_r:device:s0 tclass=file permissive=0
06-13 05:55:03.613  2032  2032 D LibBpfLoader: applying relo to instruction at byte offset: 2056, 	       insn offset 257 , insn 118
06-13 05:55:03.614  2032  2032 D LibBpfLoader: applying relo to instruction at byte offset: 2160, 	       insn offset 270 , insn 118
06-13 05:55:03.614  2032  2032 D LibBpfLoader: applying relo to instruction at byte offset: 2200, 	       insn offset 275 , insn 118
06-13 05:55:03.614  2032  2032 D LibBpfLoader: applying relo to instruction at byte offset: 2288, 	       insn offset 286 , insn 118
06-13 05:55:03.615  2032  2032 D LibBpfLoader: applying relo to instruction at byte offset: 2392, 	       insn offset 299 , insn 118
06-13 05:55:03.615  2032  2032 D LibBpfLoader: applying relo to instruction at byte offset: 2432, 	       insn offset 304 , insn 118
06-13 05:55:03.615  2032  2032 D LibBpfLoader: applying relo to instruction at byte offset: 608, 	       insn offset 76 , insn 118
06-13 05:55:03.615  2032  2032 D LibBpfLoader: applying relo to instruction at byte offset: 680, 	       insn offset 85 , insn 118
06-13 05:55:03.615  2032  2032 D LibBpfLoader: applying relo to instruction at byte offset: 904, 	       insn offset 113 , insn 118
06-13 05:55:03.616  2032  2032 D LibBpfLoader: applying relo to instruction at byte offset: 1048, 	       insn offset 131 , insn 118
06-13 05:55:03.616  2032  2032 D LibBpfLoader: applying relo to instruction at byte offset: 1128, 	       insn offset 141 , insn 118
06-13 05:55:03.616  2032  2032 D LibBpfLoader: applying relo to instruction at byte offset: 1232, 	       insn offset 154 , insn 118
06-13 05:55:03.616  2032  2032 D LibBpfLoader: applying relo to instruction at byte offset: 1336, 	       insn offset 167 , insn 118
06-13 05:55:03.617  2032  2032 D LibBpfLoader: applying relo to instruction at byte offset: 1376, 	       insn offset 172 , insn 118
06-13 05:55:03.617  2032  2032 D LibBpfLoader: applying relo to instruction at byte offset: 1440, 	       insn offset 180 , insn 118
06-13 05:55:03.617  2032  2032 D LibBpfLoader: applying relo to instruction at byte offset: 1544, 	       insn offset 193 , insn 118
06-13 05:55:03.617  2032  2032 D LibBpfLoader: applying relo to instruction at byte offset: 1584, 	       insn offset 198 , insn 118
06-13 05:55:03.617  2032  2032 D LibBpfLoader: applying relo to instruction at byte offset: 1712, 	       insn offset 214 , insn 118
06-13 05:55:03.618  2032  2032 D LibBpfLoader: applying relo to instruction at byte offset: 1816, 	       insn offset 227 , insn 118
06-13 05:55:03.618  2032  2032 D LibBpfLoader: applying relo to instruction at byte offset: 1856, 	       insn offset 232 , insn 118
06-13 05:55:03.618  2032  2032 D LibBpfLoader: applying relo to instruction at byte offset: 1920, 	       insn offset 240 , insn 118
06-13 05:55:03.618  2032  2032 D LibBpfLoader: applying relo to instruction at byte offset: 2024, 	       insn offset 253 , insn 118
06-13 05:55:03.618  2032  2032 D LibBpfLoader: applying relo to instruction at byte offset: 2064, 	       insn offset 258 , insn 118
06-13 05:55:03.619  2032  2032 D LibBpfLoader: applying relo to instruction at byte offset: 2152, 	       insn offset 269 , insn 118
06-13 05:55:03.619  2032  2032 D LibBpfLoader: applying relo to instruction at byte offset: 2256, 	       insn offset 282 , insn 118
06-13 05:55:03.619  2032  2032 D LibBpfLoader: applying relo to instruction at byte offset: 2296, 	       insn offset 287 , insn 118
06-13 05:55:03.620  2032  2032 D LibBpfLoader: applying relo to instruction at byte offset: 40, 	       insn offset 5 , insn 118
06-13 05:55:03.620  2032  2032 D LibBpfLoader: applying relo to instruction at byte offset: 144, 	       insn offset 18 , insn 118
06-13 05:55:03.620  2032  2032 D LibBpfLoader: applying relo to instruction at byte offset: 184, 	       insn offset 23 , insn 118
06-13 05:55:03.620  2032  2032 D LibBpfLoader: applying relo to instruction at byte offset: 40, 	       insn offset 5 , insn 118
06-13 05:55:03.620  2032  2032 D LibBpfLoader: applying relo to instruction at byte offset: 144, 	       insn offset 18 , insn 118
06-13 05:55:03.620  2032  2032 D LibBpfLoader: applying relo to instruction at byte offset: 184, 	       insn offset 23 , insn 118
06-13 05:55:03.620  2032  2032 D LibBpfLoader: applying relo to instruction at byte offset: 80, 	       insn offset 10 , insn 118
06-13 05:55:03.620  2032  2032 D LibBpfLoader: applying relo to instruction at byte offset: 32, 	       insn offset 4 , insn 118
06-13 05:55:03.620  2032  2032 D LibBpfLoader: applying relo to instruction at byte offset: 80, 	       insn offset 10 , insn 118
06-13 05:55:03.625  2032  2032 D LibBpfLoader: New bpf core prog_load for /system/etc/bpf/netd.o (cgroupskb_ingress_stats) returned: 20
06-13 05:55:03.627  2055  2055 I livelock: started
06-13 05:55:03.627  2055  2055 W livelock: [khungtaskd] not configurable
06-13 05:55:03.628  2032  2032 D LibBpfLoader: New bpf core prog_load for /system/etc/bpf/netd.o (cgroupskb_egress_stats) returned: 21
06-13 05:55:03.631  2032  2032 D LibBpfLoader: New bpf core prog_load for /system/etc/bpf/netd.o (skfilter_egress_xtbpf) returned: 22
06-13 05:55:03.633  2032  2032 D LibBpfLoader: New bpf core prog_load for /system/etc/bpf/netd.o (skfilter_ingress_xtbpf) returned: 23
06-13 05:55:03.634  2032  2032 D LibBpfLoader: New bpf core prog_load for /system/etc/bpf/netd.o (skfilter_whitelist_xtbpf) returned: 24
06-13 05:55:03.635  2055  2055 I livelock: ro.config.low_ram=false
06-13 05:55:03.636  2032  2032 D LibBpfLoader: New bpf core prog_load for /system/etc/bpf/netd.o (skfilter_blacklist_xtbpf) returned: 25
06-13 05:55:03.638  2032  2032 D LibBpfLoader: New bpf core prog_load for /system/etc/bpf/netd.o (cgroupsock_inet_create) returned: 26
06-13 05:55:03.638  2032  2032 I bpfloader: Attempted load object: /system/etc/bpf/netd.o, ret: Success
06-13 05:55:03.640  2051  2051 I gatekeeperd: Starting gatekeeperd...
06-13 05:55:03.643  2037  2037 I installd: installd firing up
06-13 05:55:03.643  2026  2026 I adbd    : adbd listening on port 5555
06-13 05:55:03.662  2046  2046 I wificond: wificond is starting up...
06-13 05:55:03.663  2026  2074 I adbd    : host-10: read thread spawning
06-13 05:55:03.663  2026  2026 I adbd    : host-10: already offline
