06-13 05:55:14.032  2235  2626 I Telecom : CallsManager: handlePhoneAccountChanged: phoneAccount=[[X] PhoneAccount: ComponentInfo{com.android.phone/com.android.services.telephony.TelephonyConnectionService}, ***, UserHandle{0} Capabilities: CallProvider MultiUser PlaceEmerg SimSub  Audio Routes: BESW Schemes: tel voicemail  Extras: Bundle[{android.telecom.extra.SUPPORTS_VIDEO_CALLING_FALLBACK=true}] GroupId: ***]: TSI.rPA@ACw
06-13 05:55:14.033  2394  2394 D CarrierConfigLoader: mHandler: 5 phoneId: 0
06-13 05:55:14.043  2383  2383 I StatusBar/NavBarView: updateNavButtonIcons (b/113914868): home disabled=false mDisabledFlags=0
06-13 05:55:14.046  2864  2921 I AlarmClock: Connected Dock: null
06-13 05:55:14.047  2808  2922 W ContextImpl: Failed to ensure /data/user/0/com.google.android.dialer/cache: mkdir failed: ENOENT (No such file or directory)
06-13 05:55:14.048  2808  2922 W ContextImpl: Failed to update user.inode_cache: stat failed: ENOENT (No such file or directory)
06-13 05:55:14.050  2864  2921 I AlarmClock: Removing AlarmClockInfo
06-13 05:55:14.050  2394  2394 D CarrierConfigLoader: mHandler: 16 phoneId: 0
06-13 05:55:14.055  2394  2394 D CarrierConfigLoader: Broadcast CARRIER_CONFIG_CHANGED for phone 0
06-13 05:55:14.059  2395  2395 D CellBroadcastReceiver: onReceive Intent { act=android.telephony.action.DEFAULT_SMS_SUBSCRIPTION_CHANGED flg=0x21000010 cmp=com.android.cellbroadcastreceiver/.CellBroadcastReceiver (has extras) }
06-13 05:55:14.060  2395  2395 D CellBroadcastReceiver: Start Cell Broadcast configuration.
06-13 05:55:14.064  2394  2394 D CarrierKeyDownloadManager: Carrier Config changed: android.telephony.action.CARRIER_CONFIG_CHANGED
06-13 05:55:14.066  2394  2836 I CarrierInfoManager: using values for mnc, mcc: 260,310
06-13 05:55:14.069  2394  2394 D CarrierKeyDownloadManager: Carrier not enabled or invalid values
06-13 05:55:14.069  2394  2394 D CarrierKeyDownloadManager: Cleaning up existing renewal alarms
06-13 05:55:14.071  2808  2808 I Dialer  : GoogleDialerApplication.onCreate - register new client
06-13 05:55:14.076  2394  2836 D CarrierInfoManager: No rows found for keyType: 2
06-13 05:55:14.078  2395  2923 D CellBroadcastConfigService: Enable CellBroadcast on sub 1
06-13 05:55:14.087  2235  2337 D NetworkPolicy: Updated NetworkPolicy{template=NetworkTemplate: matchRule=MOBILE, subscriberId=310260..., matchSubscriberIds=[310260...] cycleRule=RecurrenceRule{start=2018-01-13T00:00Z[GMT] end=null period=P1M} warningBytes=2147483648 limitBytes=-1 lastWarningSnooze=-1 lastLimitSnooze=-1 lastRapidSnooze=-1 metered=true inferred=true} to NetworkPolicy{template=NetworkTemplate: matchRule=MOBILE, subscriberId=310260..., matchSubscriberIds=[310260...] cycleRule=RecurrenceRule{start=2018-01-13T00:00-05:00[America/New_York] end=null period=P1M} warningBytes=2147483648 limitBytes=-1 lastWarningSnooze=-1 lastLimitSnooze=-1 lastRapidSnooze=-1 metered=true inferred=true}
06-13 05:55:14.090  2235  2253 W ActivityManager: Unable to start service Intent { act=com.google.android.gms.phenotype.service.START pkg=com.google.android.gms } U=0: not found
06-13 05:55:14.093  2235  2626 W ActivityManager: Unbind failed: could not find connection for android.os.BinderProxy@204969c
06-13 05:55:14.095  2808  2918 E GmsClient: unable to connect to service: com.google.android.gms.phenotype.service.START on com.google.android.gms
06-13 05:55:14.104  2235  2257 E GnssLocationProvider: android_location_GnssLocationProvider_set_agps_server: AGPS interface not supported
06-13 05:55:14.118  2235  2235 I Telecom : PhoneAccountRegistrar: SimCallManager queried, returning: null: TSI.gSCMFU@AC0
06-13 05:55:14.120  2808  2808 I Dialer  : GoogleDialerApplication.onCreate - registered new client
06-13 05:55:14.121  1976  2172 I netd    : bandwidthRemoveInterfaceQuota("radio0") <2.27ms>
06-13 05:55:14.122  2808  2808 I Dialer  : LegacyVoicemailNotificationReceiver.onReceive - received legacy voicemail notification
06-13 05:55:14.122  2808  2808 I Dialer  : LegacyVoicemailNotificationReceiver.onReceive - isRefresh: false
06-13 05:55:14.124  2394  2394 I TelecomFramework: : Carrier-config changed, checking for phone account updates.
06-13 05:55:14.127  2808  2808 I Dialer  : LegacyVoicemailNotificationReceiver.onReceive - clearing notification
06-13 05:55:14.127  2808  2808 I Dialer  : LegacyVoicemailNotifier.cancelNotification - enter
06-13 05:55:14.129  2896  2896 W d.process.acor: Unexpected CPU variant for X86 using defaults: x86
06-13 05:55:14.130  1977  1977 I zygote  : Priority USAP Pool refill. New USAPs: 1
06-13 05:55:14.131  2808  2808 I Dialer  : Flags.register - phenotype register status: false
06-13 05:55:14.131  2808  2808 I Dialer  : LegacyVoicemailNotificationReceiver.onReceive - received legacy voicemail notification
06-13 05:55:14.131  2808  2808 I Dialer  : LegacyVoicemailNotificationReceiver.onReceive - isRefresh: true
06-13 05:55:14.131  2808  2808 I Dialer  : LegacyVoicemailNotificationReceiver.onReceive - clearing notification
06-13 05:55:14.131  2808  2808 I Dialer  : LegacyVoicemailNotifier.cancelNotification - enter
06-13 05:55:14.134  1976  2172 I netd    : bandwidthSetInterfaceQuota("radio0", 9223372036854775807) <2.44ms>
06-13 05:55:14.136  2808  2808 I Dialer  : LegacyVoicemailNotificationReceiver.onReceive - received legacy voicemail notification
06-13 05:55:14.136  2808  2808 I Dialer  : LegacyVoicemailNotificationReceiver.onReceive - isRefresh: true
06-13 05:55:14.136  2808  2808 I Dialer  : LegacyVoicemailNotificationReceiver.onReceive - clearing notification
06-13 05:55:14.136  2808  2808 I Dialer  : LegacyVoicemailNotifier.cancelNotification - enter
06-13 05:55:14.139  2235  2267 I ActivityManager: Start proc 2896:android.process.acore/u0a41 for content provider {com.android.providers.blockednumber/com.android.providers.blockednumber.BlockedNumberProvider}
06-13 05:55:14.145  2808  2808 I Dialer  : LegacyVoicemailNotificationReceiver.onReceive - received legacy voicemail notification
06-13 05:55:14.145  2808  2808 I Dialer  : LegacyVoicemailNotificationReceiver.onReceive - isRefresh: true
06-13 05:55:14.146  2808  2808 I Dialer  : LegacyVoicemailNotificationReceiver.onReceive - clearing notification
06-13 05:55:14.146  2808  2808 I Dialer  : LegacyVoicemailNotifier.cancelNotification - enter
06-13 05:55:14.153  1977  1977 D Zygote  : Forked child process 2933
06-13 05:55:14.154  1976  2172 I netd    : bandwidthSetGlobalAlert(2097152) <0.12ms>
06-13 05:55:14.157  2933  2933 D libEGL  : Emulator has host GPU support, qemu.gles is set to 1.
06-13 05:55:14.160  2808  2808 I Dialer  : LegacyVoicemailNotificationReceiver.onReceive - received legacy voicemail notification
06-13 05:55:14.160  2808  2808 I Dialer  : LegacyVoicemailNotificationReceiver.onReceive - isRefresh: true
06-13 05:55:14.161  2808  2808 I Dialer  : LegacyVoicemailNotificationReceiver.onReceive - clearing notification
06-13 05:55:14.161  2808  2808 I Dialer  : LegacyVoicemailNotifier.cancelNotification - enter
06-13 05:55:14.166  2933  2933 D libEGL  : loaded /vendor/lib/egl/libEGL_emulation.so
06-13 05:55:14.167  2808  2808 I Dialer  : LegacyVoicemailNotificationReceiver.onReceive - received legacy voicemail notification
06-13 05:55:14.167  2808  2808 I Dialer  : LegacyVoicemailNotificationReceiver.onReceive - isRefresh: true
06-13 05:55:14.167  2808  2808 I Dialer  : LegacyVoicemailNotificationReceiver.onReceive - clearing notification
06-13 05:55:14.167  2808  2808 I Dialer  : LegacyVoicemailNotifier.cancelNotification - enter
06-13 05:55:14.169  2933  2933 D libEGL  : loaded /vendor/lib/egl/libGLESv1_CM_emulation.so
06-13 05:55:14.170  2933  2933 D libEGL  : loaded /vendor/lib/egl/libGLESv2_emulation.so
06-13 05:55:14.172  2394  2394 I TelecomFramework: AccountEntry: reRegisterPstnPhoneAccount: subId: 1 - no change
06-13 05:55:14.172  2394  2394 I VvmSimStateTracker: android.intent.action.SIM_STATE_CHANGED
06-13 05:55:14.172  2394  2836 D IccSmsInterfaceManager: [IccSmsInterfaceManager] Calling setGsmBroadcastConfig with 1 configurations
06-13 05:55:14.180  2808  2808 I Dialer  : LegacyVoicemailNotificationReceiver.onReceive - received legacy voicemail notification
06-13 05:55:14.180  2808  2808 I Dialer  : LegacyVoicemailNotificationReceiver.onReceive - isRefresh: false
06-13 05:55:14.181  2808  2808 I Dialer  : LegacyVoicemailNotificationReceiver.onReceive - clearing notification
06-13 05:55:14.181  2808  2808 I Dialer  : LegacyVoicemailNotifier.cancelNotification - enter
06-13 05:55:14.183  2235  2626 W BroadcastQueue: Background execution not allowed: receiving Intent { act=android.net.conn.NETWORK_CONDITIONS_MEASURED flg=0x10 (has extras) } to com.google.android.gms/.chimera.GmsIntentOperationService$PersistentTrustedReceiver
06-13 05:55:14.185  2235  2266 W BroadcastQueue: Background execution not allowed: receiving Intent { act=android.intent.action.USER_PRESENT flg=0x24200010 } to com.google.android.gms/.chimera.GmsIntentOperationService$PersistentTrustedReceiver
06-13 05:55:14.190  2808  2918 E ActivityThread: Failed to find provider info for com.google.android.gsf.gservices
06-13 05:55:14.204  2808  2808 I Dialer  : LegacyVoicemailNotificationReceiver.onReceive - received legacy voicemail notification
06-13 05:55:14.204  2808  2808 I Dialer  : LegacyVoicemailNotificationReceiver.onReceive - isRefresh: true
06-13 05:55:14.205  2808  2808 I Dialer  : LegacyVoicemailNotificationReceiver.onReceive - clearing notification
06-13 05:55:14.205  2808  2808 I Dialer  : LegacyVoicemailNotifier.cancelNotification - enter
06-13 05:55:14.205  2383  2383 I StatusBar/NavBarView: updateNavButtonIcons (b/113914868): home disabled=false mDisabledFlags=0
06-13 05:55:14.213  2395  2395 D CellBroadcastReceiver: onReceive Intent { act=android.telephony.action.CARRIER_CONFIG_CHANGED flg=0x15000010 cmp=com.android.cellbroadcastreceiver/.CellBroadcastReceiver (has extras) }
06-13 05:55:14.213  2395  2395 D CellBroadcastReceiver: initializeSharedPreference
06-13 05:55:14.219  2383  2383 I StatusBar/NavBarView: updateNavButtonIcons (b/113914868): home disabled=false mDisabledFlags=0
06-13 05:55:14.221  2395  2395 D CellBroadcastReceiver: Default interval 0 did not change.
06-13 05:55:14.221  2395  2395 D CellBroadcastReceiver: Start Cell Broadcast configuration.
06-13 05:55:14.224  2391  2804 E ActivityThread: Failed to find provider info for com.google.android.gsf.gservices
06-13 05:55:14.224  2896  2896 I d.process.acor: The ClassLoaderContext is a special shared library.
06-13 05:55:14.225  2391  2804 E ActivityThread: Failed to find provider info for com.google.android.gsf.gservices
06-13 05:55:14.232  2808  2918 E ActivityThread: Failed to find provider info for com.google.android.gsf.gservices
06-13 05:55:14.239  2391  2804 E ActivityThread: Failed to find provider info for com.google.android.gsf.gservices
06-13 05:55:14.250  2394  2836 D IccSmsInterfaceManager: [IccSmsInterfaceManager] Failed to add GSM cell broadcast channels range 4370 to 4370
06-13 05:55:14.252  2394  2394 D OtaspSimStateReceiver: Received intent: android.telephony.action.CARRIER_CONFIG_CHANGED
06-13 05:55:14.252  2896  2896 I d.process.acor: The ClassLoaderContext is a special shared library.
06-13 05:55:14.253  2394  2836 D IccSmsInterfaceManager: [IccSmsInterfaceManager] Calling setCdmaBroadcastConfig with 1 configurations
06-13 05:55:14.254  2394  2394 D OtaspSimStateReceiver: otasp activation not needed: no supported carrier
06-13 05:55:14.239  2391  2804 I chatty  : uid=10091(com.google.android.gms) Binder:2391_3 identical 1 line
06-13 05:55:14.240  2391  2804 E ActivityThread: Failed to find provider info for com.google.android.gsf.gservices
06-13 05:55:14.255  2391  2950 E ActivityThread: Failed to find provider info for com.google.android.gsf.gservices
06-13 05:55:14.260  2383  2383 I StatusBar/NavBarView: updateNavButtonIcons (b/113914868): home disabled=false mDisabledFlags=0
06-13 05:55:14.264  2394  2394 I VvmSimStateTracker: android.telephony.action.CARRIER_CONFIG_CHANGED
06-13 05:55:14.266  2394  2836 D IccSmsInterfaceManager: [IccSmsInterfaceManager] Failed to add cdma broadcast channels range 4096 to 4096
06-13 05:55:14.268  2394  2836 D IccSmsInterfaceManager: [IccSmsInterfaceManager] Calling setGsmBroadcastConfig with 1 configurations
06-13 05:55:14.276  2394  2836 D IccSmsInterfaceManager: [IccSmsInterfaceManager] Failed to add GSM cell broadcast channels range 4383 to 4383
06-13 05:55:14.263  2391  2950 I chatty  : uid=10091 com.google.android.gms.persistent identical 2 lines
06-13 05:55:14.268  2391  2950 E ActivityThread: Failed to find provider info for com.google.android.gsf.gservices
06-13 05:55:14.277  2391  2930 E ActivityThread: Failed to find provider info for com.google.android.gsf.gservices
06-13 05:55:14.307  2394  2836 D IccSmsInterfaceManager: [IccSmsInterfaceManager] Calling setGsmBroadcastConfig with 1 configurations
06-13 05:55:14.309  2235  2235 W Looper  : Slow dispatch took 189ms main h=android.app.ActivityThread$H c=android.app.-$$Lambda$LoadedApk$ReceiverDispatcher$Args$_BumDX2UKsnxLVrE6UJsJZkotuA@69c240b m=0
06-13 05:55:14.309  2235  2235 W Looper  : Slow delivery took 237ms main h=com.android.server.job.JobSchedulerService$JobHandler c=null m=4
06-13 05:55:14.312  2235  2235 W Looper  : Drained
06-13 05:55:14.314  2394  2836 D IccSmsInterfaceManager: [IccSmsInterfaceManager] Failed to add GSM cell broadcast channels range 4371 to 4372
06-13 05:55:14.319  2394  2836 D IccSmsInterfaceManager: [IccSmsInterfaceManager] Calling setCdmaBroadcastConfig with 1 configurations
06-13 05:55:14.319  2383  2383 E StatusBarSignalPolicy: Unexpected subscription 1
06-13 05:55:14.321  2394  2836 D IccSmsInterfaceManager: [IccSmsInterfaceManager] Failed to add cdma broadcast channels range 4097 to 4097
06-13 05:55:14.334  2394  2836 D IccSmsInterfaceManager: [IccSmsInterfaceManager] Calling setGsmBroadcastConfig with 1 configurations
06-13 05:55:14.339  2394  2836 D IccSmsInterfaceManager: [IccSmsInterfaceManager] Failed to add GSM cell broadcast channels range 4384 to 4385
06-13 05:55:14.340  2383  2383 D ImageWallpaperRenderer: onOffsetsChanged: width=1440, height=2960, xOffset=0.0, yOffset=0.5
06-13 05:55:14.341  1992  2029 D gralloc_ranchu: gralloc_alloc: Creating ashmem region of size 17051648
06-13 05:55:14.374  2394  2836 D IccSmsInterfaceManager: [IccSmsInterfaceManager] Calling setGsmBroadcastConfig with 1 configurations
06-13 05:55:14.388  2394  2836 D IccSmsInterfaceManager: [IccSmsInterfaceManager] Failed to add GSM cell broadcast channels range 4373 to 4378
06-13 05:55:14.392  2394  2836 D IccSmsInterfaceManager: [IccSmsInterfaceManager] Calling setCdmaBroadcastConfig with 1 configurations
06-13 05:55:14.396  2394  2836 D IccSmsInterfaceManager: [IccSmsInterfaceManager] Failed to add cdma broadcast channels range 4098 to 4098
06-13 05:55:14.401  2383  2383 V KeyguardUpdateMonitor: action android.intent.action.SIM_STATE_CHANGED state: LOADED slotId: 0 subid: 1
06-13 05:55:14.403  2394  2836 D IccSmsInterfaceManager: [IccSmsInterfaceManager] Calling setGsmBroadcastConfig with 1 configurations
06-13 05:55:14.408  2201  2201 D BootAnimation: BootAnimationStopTiming start time: 34715ms
06-13 05:55:14.411  2394  2836 D IccSmsInterfaceManager: [IccSmsInterfaceManager] Failed to add GSM cell broadcast channels range 4386 to 4391
06-13 05:55:14.415  2383  2383 V KeyguardUpdateMonitor: onSubscriptionInfoChanged()
06-13 05:55:14.419  2383  2383 V KeyguardUpdateMonitor: SubInfo:{id=1, iccId=89014103211118510720 simSlotIndex=0 carrierId=1 displayName=T-Mobile carrierName=Android nameSource=1 iconTint=-16746133 mNumber=+15555215554 dataRoaming=0 iconBitmap=android.graphics.Bitmap@6ad9fb8 mcc 310 mnc 260mCountryIso=us isEmbedded false accessRules null cardString=89014103211118510720 cardId=-1 isOpportunistic false mGroupUUID=null mIsGroupDisabled=false profileClass=-1 ehplmns = null hplmns = null subscriptionType=0}
06-13 05:55:14.422  2383  2383 D KeyguardViewMediator: onSimStateChanged(subId=1, slotId=0,state=READY)
06-13 05:55:14.426  2383  2383 D KeyguardViewMediator: READY, reset state? false
06-13 05:55:14.429  2383  2383 W KeyguardUpdateMonitor: invalid subId in handleServiceStateChange()
06-13 05:55:14.430  2383  2383 D KeyguardUpdateMonitor: handleSimStateChange(subId=-1, slotId=0, state=READY)
06-13 05:55:14.430  2383  2383 W KeyguardUpdateMonitor: invalid subId in handleSimStateChange()
06-13 05:55:14.444  2394  2836 D IccSmsInterfaceManager: [IccSmsInterfaceManager] Calling setGsmBroadcastConfig with 1 configurations
06-13 05:55:14.447  2394  2836 D IccSmsInterfaceManager: [IccSmsInterfaceManager] Failed to add GSM cell broadcast channels range 4379 to 4379
06-13 05:55:14.450  2394  2836 D IccSmsInterfaceManager: [IccSmsInterfaceManager] Calling setCdmaBroadcastConfig with 1 configurations
06-13 05:55:14.453  2394  2836 D IccSmsInterfaceManager: [IccSmsInterfaceManager] Failed to add cdma broadcast channels range 4099 to 4099
06-13 05:55:14.454  2394  2836 D IccSmsInterfaceManager: [IccSmsInterfaceManager] Calling setGsmBroadcastConfig with 1 configurations
06-13 05:55:14.456  2383  2383 V KeyguardUpdateMonitor: onSubscriptionInfoChanged()
06-13 05:55:14.457  2394  2836 D IccSmsInterfaceManager: [IccSmsInterfaceManager] Failed to add GSM cell broadcast channels range 4392 to 4392
06-13 05:55:14.461  2383  2383 V KeyguardUpdateMonitor: SubInfo:{id=1, iccId=89014103211118510720 simSlotIndex=0 carrierId=1 displayName=T-Mobile carrierName=Android nameSource=1 iconTint=-16746133 mNumber=+15555215554 dataRoaming=0 iconBitmap=android.graphics.Bitmap@251dbda mcc 310 mnc 260mCountryIso=us isEmbedded false accessRules null cardString=89014103211118510720 cardId=-1 isOpportunistic false mGroupUUID=null mIsGroupDisabled=false profileClass=-1 ehplmns = null hplmns = null subscriptionType=0}
06-13 05:55:14.469  2383  2383 W KeyguardUpdateMonitor: invalid subId in handleServiceStateChange()
06-13 05:55:14.473  2394  2502 D IccSmsInterfaceManager: [IccSmsInterfaceManager] Failed to remove GSM cell broadcast channels range 4380 to 4380
06-13 05:55:14.478  2394  2502 D IccSmsInterfaceManager: [IccSmsInterfaceManager] Failed to remove cdma broadcast channels range 4100 to 4100
06-13 05:55:14.481  2394  2502 D IccSmsInterfaceManager: [IccSmsInterfaceManager] Failed to remove GSM cell broadcast channels range 4393 to 4393
06-13 05:55:14.482  2383  2383 I Choreographer: Skipped 43 frames!  The application may be doing too much work on its main thread.
06-13 05:55:14.517  2394  2502 D IccSmsInterfaceManager: [IccSmsInterfaceManager] Failed to remove GSM cell broadcast channels range 4381 to 4381
06-13 05:55:14.518  1992  2029 D gralloc_ranchu: gralloc_alloc: Creating ashmem region of size 991232
06-13 05:55:14.519  2394  2502 D IccSmsInterfaceManager: [IccSmsInterfaceManager] Failed to remove GSM cell broadcast channels range 4394 to 4394
06-13 05:55:14.523  2383  2646 I OpenGLRenderer: Davey! duration=757ms; Flags=0, IntendedVsync=34071900089, Vsync=34788566727, OldestInputEvent=9223372036854775807, NewestInputEvent=0, HandleInputStart=34789930340, AnimationStart=34789963270, PerformTraversalsStart=34791170920, DrawStart=34801302860, SyncQueued=34802100070, SyncStart=34803539150, IssueDrawCommandsStart=34805084420, SwapBuffers=34824226900, FrameCompleted=34831145390, DequeueBufferDuration=5307000, QueueBufferDuration=401000, 
06-13 05:55:14.529  1874  1874 I hwservicemanager: getTransport: Cannot find entry android.hardware.graphics.allocator@3.0::IAllocator/default in either framework or device manifest.
06-13 05:55:14.529  2383  2383 W Gralloc3: allocator 3.x is not supported
06-13 05:55:14.532  1992  2029 D gralloc_ranchu: gralloc_alloc: Creating ashmem region of size 45056
06-13 05:55:14.539  2394  2502 D IccSmsInterfaceManager: [IccSmsInterfaceManager] Failed to remove GSM cell broadcast channels range 4382 to 4382
06-13 05:55:14.539  2383  2955 D OpenGLRenderer: Swap behavior 1
06-13 05:55:14.540  2383  2955 D         : HostConnection::get() New Host Connection established 0xe888fc10, tid 2955
06-13 05:55:14.541  2383  2955 D         : HostComposition ext ANDROID_EMU_CHECKSUM_HELPER_v1 ANDROID_EMU_native_sync_v2 ANDROID_EMU_native_sync_v3 ANDROID_EMU_dma_v1 ANDROID_EMU_host_composition_v1 GL_OES_EGL_image_external_essl3 GL_OES_vertex_array_object GL_KHR_texture_compression_astc_ldr ANDROID_EMU_gles_max_version_3_1 
06-13 05:55:14.542  2394  2502 D IccSmsInterfaceManager: [IccSmsInterfaceManager] Failed to remove GSM cell broadcast channels range 4395 to 4395
06-13 05:55:14.543  2383  2955 W OpenGLRenderer: Failed to choose config with EGL_SWAP_BEHAVIOR_PRESERVED, retrying without...
06-13 05:55:14.543  2383  2955 D OpenGLRenderer: Swap behavior 0
06-13 05:55:14.550  2383  2955 D eglCodecCommon: setVertexArrayObject: set vao to 0 (0) 0 0
06-13 05:55:14.550  2383  2955 D EGL_emulation: eglCreateContext: 0xc9bf6ea0: maj 3 min 1 rcv 4
06-13 05:55:14.555  2394  2502 D IccSmsInterfaceManager: [IccSmsInterfaceManager] Calling setGsmBroadcastConfig with 1 configurations
06-13 05:55:14.558  2394  2502 D IccSmsInterfaceManager: [IccSmsInterfaceManager] Failed to add GSM cell broadcast channels range 4352 to 4354
06-13 05:55:14.561  2394  2502 D IccSmsInterfaceManager: [IccSmsInterfaceManager] Calling setGsmBroadcastConfig with 1 configurations
06-13 05:55:14.567  2394  2502 D IccSmsInterfaceManager: [IccSmsInterfaceManager] Failed to add GSM cell broadcast channels range 4356 to 4356
06-13 05:55:14.571  2383  2955 D EGL_emulation: eglMakeCurrent: 0xc9bf6ea0: ver 3 1 (tinfo 0xc6eea330)
06-13 05:55:14.579  2383  2955 E eglCodecCommon: glUtilsParamSize: unknow param 0x000082da
06-13 05:55:14.579  2383  2955 E eglCodecCommon: glUtilsParamSize: unknow param 0x000082da
06-13 05:55:14.582  2383  2383 D         : HostConnection::get() New Host Connection established 0xe888fad0, tid 2383
06-13 05:55:14.582  2383  2383 D         : HostComposition ext ANDROID_EMU_CHECKSUM_HELPER_v1 ANDROID_EMU_native_sync_v2 ANDROID_EMU_native_sync_v3 ANDROID_EMU_dma_v1 ANDROID_EMU_host_composition_v1 GL_OES_EGL_image_external_essl3 GL_OES_vertex_array_object GL_KHR_texture_compression_astc_ldr ANDROID_EMU_gles_max_version_3_1 
06-13 05:55:14.586  2394  2502 D IccSmsInterfaceManager: [IccSmsInterfaceManager] Failed to remove GSM cell broadcast channels range 4355 to 4355
06-13 05:55:14.593  2235  2260 I WindowManager: ******* TELLING SURFACE FLINGER WE ARE BOOTED!
06-13 05:55:14.594  2007  2097 I SurfaceFlinger: Boot is finished (10782 ms)
06-13 05:55:14.600  2235  2260 I SystemServiceManager: Starting phase 1000
06-13 05:55:14.603  2235  2334 D StorageManagerService: Thinking about init, mBootCompleted=true, mDaemonConnected=true
06-13 05:55:14.603  2235  2334 D StorageManagerService: Thinking about reset, mBootCompleted=true, mDaemonConnected=true
06-13 05:55:14.603  2235  2260 D WifiService: Handle boot completed
06-13 05:55:14.604  2235  2266 I ActivityManager: Force stopping com.android.providers.media appid=10043 user=-1: vold reset
06-13 05:55:14.606  2235  2343 I WifiScoreCard: Installing MemoryStore
06-13 05:55:14.611  2235  2253 V StorageManagerService: Found primary storage at VolumeInfo{emulated}:
06-13 05:55:14.611  2235  2253 V StorageManagerService:     type=EMULATED diskId=null partGuid= mountFlags=0 mountUserId=-10000 
06-13 05:55:14.611  2235  2253 V StorageManagerService:     state=UNMOUNTED 
06-13 05:55:14.611  2235  2253 V StorageManagerService:     fsType=null fsUuid=null fsLabel=null 
06-13 05:55:14.611  2235  2253 V StorageManagerService:     path=null internalPath=null 
06-13 05:55:14.618  2235  2260 D ActivityManager: Finishing user boot 0
06-13 05:55:14.618  2235  2260 I ActivityManager: User 0 state changed from BOOTING to RUNNING_LOCKED
06-13 05:55:14.621  2394  2502 D IccSmsInterfaceManager: [IccSmsInterfaceManager] Calling setGsmBroadcastConfig with 1 configurations
06-13 05:55:14.622  2235  2260 D StorageManagerService: unlockUserKey: 0
06-13 05:55:14.623  1891  1895 D vold    : fscrypt_unlock_user_key 0 serial=0 token_present=0
06-13 05:55:14.625  1891  1895 D vold    : Skipping non-key .
06-13 05:55:14.625  1891  1895 D vold    : Skipping non-key ..
06-13 05:55:14.625  1891  1895 D vold    : Trying user CE key /data/misc/vold/user_keys/ce/0/current
06-13 05:55:14.626  2394  2502 D IccSmsInterfaceManager: [IccSmsInterfaceManager] Failed to add GSM cell broadcast channels range 4396 to 4396
06-13 05:55:14.630  2394  2502 D IccSmsInterfaceManager: [IccSmsInterfaceManager] Calling setGsmBroadcastConfig with 1 configurations
06-13 05:55:14.634  1874  1874 I hwservicemanager: getTransport: Cannot find entry android.hardware.keymaster@4.0::IKeymasterDevice/default in either framework or device manifest.
06-13 05:55:14.636  2394  2502 D IccSmsInterfaceManager: [IccSmsInterfaceManager] Failed to add GSM cell broadcast channels range 4397 to 4397
06-13 05:55:14.637  1891  1895 I vold    : List of Keymaster HALs found:
06-13 05:55:14.638  1891  1895 I vold    : Keymaster HAL #1: SoftwareKeymasterDevice from Google SecurityLevel: SOFTWARE HAL: android.hardware.keymaster@3.0::IKeymasterDevice/default
06-13 05:55:14.638  1891  1895 I vold    : Using SoftwareKeymasterDevice from Google for encryption.  Security level: SOFTWARE, HAL: android.hardware.keymaster@3.0::IKeymasterDevice/default
06-13 05:55:14.640  1891  1895 D RefBase : RefBase: Explicit destruction, weak count = 0 (in 0xf555905c)
06-13 05:55:14.640  1891  1895 W RefBase : CallStack::getCurrentInternal not linked, returning null
06-13 05:55:14.640  1891  1895 W RefBase : CallStack::logStackInternal not linked
06-13 05:55:14.640  1891  1895 D vold    : Successfully retrieved key
06-13 05:55:14.643  1891  1895 D vold    : Added key 983759302 (ext4:1f05ba986a95ef72) to keyring 1006437593 in process 1891
06-13 05:55:14.643  1891  1895 D vold    : Added key 400312472 (f2fs:1f05ba986a95ef72) to keyring 1006437593 in process 1891
06-13 05:55:14.643  1891  1895 D vold    : Added key 790511315 (fscrypt:1f05ba986a95ef72) to keyring 1006437593 in process 1891
06-13 05:55:14.643  1891  1895 D vold    : Installed ce key for user 0
06-13 05:55:14.644  2235  2260 D ActivityManager: Started unlocking user 0
06-13 05:55:14.644  2235  2260 D ActivityManager: Unlocking user 0 progress 0
06-13 05:55:14.644  2235  2260 D ActivityManager: Unlocking user 0 progress 5
06-13 05:55:14.645  1891  1893 D vold    : fscrypt_prepare_user_storage for volume null, user 0, serial 0, flags 2
06-13 05:55:14.645  1891  1893 D vold    : Preparing: /data/system_ce/0
06-13 05:55:14.645  1891  1893 D vold    : Preparing: /data/misc_ce/0
06-13 05:55:14.645  1891  1893 D vold    : Preparing: /data/vendor_ce/0
06-13 05:55:14.647  1891  1893 D vold    : Preparing: /data/media/0
06-13 05:55:14.647  1891  1893 D vold    : Preparing: /data/data
06-13 05:55:14.648  1891  1893 I vold    : Found policy 1f05ba986a95ef72 at /data/system_ce/0 which matches expected value
06-13 05:55:14.652  1891  1893 I vold    : Found policy 1f05ba986a95ef72 at /data/misc_ce/0 which matches expected value
06-13 05:55:14.652  1891  1893 I vold    : Found policy 1f05ba986a95ef72 at /data/vendor_ce/0 which matches expected value
06-13 05:55:14.654  1891  1893 I vold    : Found policy 1f05ba986a95ef72 at /data/media/0 which matches expected value
06-13 05:55:14.654  1891  1893 I vold    : Found policy 1f05ba986a95ef72 at /data/data which matches expected value
06-13 05:55:14.654  1891  1893 D vold    : Starting restorecon of /data/system_ce/0
06-13 05:55:14.659  2235  2260 D ColorDisplayService: setUp: currentUser=0
06-13 05:55:14.668  2235  2260 I WindowManager: Using new display size: 1440x2960
06-13 05:55:14.670  2394  2800 D IccSmsInterfaceManager: [IccSmsInterfaceManager] Failed to remove GSM cell broadcast channels range 4398 to 4398
06-13 05:55:14.676  2394  2800 D IccSmsInterfaceManager: [IccSmsInterfaceManager] Failed to remove GSM cell broadcast channels range 4399 to 4399
06-13 05:55:14.682  2235  2343 D WifiConfigStore: Reading from all stores completed in 76 ms.
06-13 05:55:14.686  2235  2343 D WifiNetworkFactory: Registering NetworkFactory
06-13 05:55:14.686  2235  2343 D UntrustedWifiNetworkFactory: Registering NetworkFactory
06-13 05:55:14.687  2235  2346 D ConnectivityService: Got NetworkFactory Messenger for WifiNetworkFactory
06-13 05:55:14.687  2235  2346 D ConnectivityService: Got NetworkFactory Messenger for UntrustedWifiNetworkFactory
06-13 05:55:14.687  2235  2343 D WifiNetworkFactory: got request NetworkRequest [ TRACK_DEFAULT id=9, [ Capabilities: INTERNET&NOT_RESTRICTED&TRUSTED Uid: 1000] ] with score 50 and serial 2
06-13 05:55:14.689  2235  2260 D ColorDisplayService: Setting saturation level: 100
06-13 05:55:14.690  2956  2956 I bootstat: Service started: /system/bin/bootstat --record_boot_complete --record_boot_reason --record_time_since_factory_reset -l 
06-13 05:55:14.690  2956  2956 E bootstat: Failed to read /data/misc/bootstat/post_decrypt_time_elapsed: No such file or directory
06-13 05:55:14.690  2956  2956 E bootstat: Failed to parse boot time record: /data/misc/bootstat/post_decrypt_time_elapsed
06-13 05:55:14.692  2235  2343 D WifiConnectivityHelper: Firmware supported feature set: 19
06-13 05:55:14.692  2235  2343 D WifiConnectivityHelper: Firmware roaming is not supported
06-13 05:55:14.695  2235  2343 D WifiNetworkFactory: got request NetworkRequest [ TRACK_DEFAULT id=13, [ Capabilities: INTERNET&NOT_RESTRICTED&TRUSTED Uid: 10109] ] with score 50 and serial 2
06-13 05:55:14.695  2235  2343 D WifiNetworkFactory: got request NetworkRequest [ BACKGROUND_REQUEST id=2, [ Transports: CELLULAR Capabilities: INTERNET&NOT_RESTRICTED&TRUSTED&NOT_VPN] ] with score 50 and serial 2
06-13 05:55:14.695  2235  2343 D WifiNetworkFactory: got request NetworkRequest [ REQUEST id=1, [ Capabilities: INTERNET&NOT_RESTRICTED&TRUSTED&NOT_VPN] ] with score 50 and serial 2
06-13 05:55:14.695  2235  2343 D WifiNetworkFactory: got request NetworkRequest [ REQUEST id=7, [ Capabilities: INTERNET&NOT_RESTRICTED&TRUSTED&NOT_VPN] ] with score 50 and serial 2
06-13 05:55:14.696  2235  2343 D UntrustedWifiNetworkFactory: got request NetworkRequest [ TRACK_DEFAULT id=9, [ Capabilities: INTERNET&NOT_RESTRICTED&TRUSTED Uid: 1000] ] with score 50 and serial 2
06-13 05:55:14.696  2235  2343 D UntrustedWifiNetworkFactory: got request NetworkRequest [ TRACK_DEFAULT id=13, [ Capabilities: INTERNET&NOT_RESTRICTED&TRUSTED Uid: 10109] ] with score 50 and serial 2
06-13 05:55:14.697  2235  2343 D UntrustedWifiNetworkFactory: got request NetworkRequest [ BACKGROUND_REQUEST id=2, [ Transports: CELLULAR Capabilities: INTERNET&NOT_RESTRICTED&TRUSTED&NOT_VPN] ] with score 50 and serial 2
06-13 05:55:14.697  2235  2343 D UntrustedWifiNetworkFactory: got request NetworkRequest [ REQUEST id=1, [ Capabilities: INTERNET&NOT_RESTRICTED&TRUSTED&NOT_VPN] ] with score 50 and serial 2
06-13 05:55:14.697  2235  2343 D UntrustedWifiNetworkFactory: got request NetworkRequest [ REQUEST id=7, [ Capabilities: INTERNET&NOT_RESTRICTED&TRUSTED&NOT_VPN] ] with score 50 and serial 2
06-13 05:55:14.703  2395  2923 D CellBroadcastConfigService: Enable CellBroadcast on sub 1
06-13 05:55:14.707  1992  2029 D gralloc_ranchu: gralloc_alloc: Creating ashmem region of size 45056
06-13 05:55:14.710  2864  2864 I AlarmClock: AlarmInitReceiver android.intent.action.LOCKED_BOOT_COMPLETED
06-13 05:55:14.718  2394  2502 D IccSmsInterfaceManager: [IccSmsInterfaceManager] Calling setGsmBroadcastConfig with 1 configurations
06-13 05:55:14.720  2394  2502 D IccSmsInterfaceManager: [IccSmsInterfaceManager] Failed to add GSM cell broadcast channels range 4370 to 4370
06-13 05:55:14.721  2394  2502 D IccSmsInterfaceManager: [IccSmsInterfaceManager] Calling setCdmaBroadcastConfig with 1 configurations
06-13 05:55:14.722  1992  2029 D gralloc_ranchu: gralloc_alloc: Creating ashmem region of size 45056
06-13 05:55:14.698  2235  2260 D ColorDisplayService: Setting saturation level: 100
06-13 05:55:14.723  1891  1893 D vold    : Finished restorecon of /data/system_ce/0
06-13 05:55:14.723  1891  1893 D vold    : Starting restorecon of /data/misc_ce/0
06-13 05:55:14.724  2394  2502 D IccSmsInterfaceManager: [IccSmsInterfaceManager] Failed to add cdma broadcast channels range 4096 to 4096
06-13 05:55:14.726  2394  2502 D IccSmsInterfaceManager: [IccSmsInterfaceManager] Calling setGsmBroadcastConfig with 1 configurations
06-13 05:55:14.729  2394  2502 D IccSmsInterfaceManager: [IccSmsInterfaceManager] Failed to add GSM cell broadcast channels range 4383 to 4383
06-13 05:55:14.730  1992  2029 D gralloc_ranchu: gralloc_alloc: Creating ashmem region of size 45056
06-13 05:55:14.736  1992  2029 D gralloc_ranchu: gralloc_alloc: Creating ashmem region of size 45056
06-13 05:55:14.738  2394  2502 D IccSmsInterfaceManager: [IccSmsInterfaceManager] Calling setGsmBroadcastConfig with 1 configurations
06-13 05:55:14.740  1992  2029 D gralloc_ranchu: gralloc_alloc: Creating ashmem region of size 45056
06-13 05:55:14.741  2394  2502 D IccSmsInterfaceManager: [IccSmsInterfaceManager] Failed to add GSM cell broadcast channels range 4371 to 4372
06-13 05:55:14.743  2394  2502 D IccSmsInterfaceManager: [IccSmsInterfaceManager] Calling setCdmaBroadcastConfig with 1 configurations
06-13 05:55:14.746  2394  2502 D IccSmsInterfaceManager: [IccSmsInterfaceManager] Failed to add cdma broadcast channels range 4097 to 4097
06-13 05:55:14.747  2383  2646 D EGL_emulation: eglMakeCurrent: 0xe071a300: ver 3 1 (tinfo 0xe070fae0)
06-13 05:55:14.748  2864  2965 I AlarmClock: Connected Dock: null
06-13 05:55:14.749  2394  2502 D IccSmsInterfaceManager: [IccSmsInterfaceManager] Calling setGsmBroadcastConfig with 1 configurations
06-13 05:55:14.751  2864  2965 I AlarmClock: Removing AlarmClockInfo
06-13 05:55:14.752  2394  2502 D IccSmsInterfaceManager: [IccSmsInterfaceManager] Failed to add GSM cell broadcast channels range 4384 to 4385
06-13 05:55:14.767  2394  2502 D IccSmsInterfaceManager: [IccSmsInterfaceManager] Calling setGsmBroadcastConfig with 1 configurations
06-13 05:55:14.769  2933  2933 W gle.android.gm: Unexpected CPU variant for X86 using defaults: x86
06-13 05:55:14.770  1977  1977 I zygote  : Priority USAP Pool refill. New USAPs: 1
06-13 05:55:14.773  2394  2502 D IccSmsInterfaceManager: [IccSmsInterfaceManager] Failed to add GSM cell broadcast channels range 4373 to 4378
06-13 05:55:14.774  1977  1977 D Zygote  : Forked child process 2973
06-13 05:55:14.775  2394  2502 D IccSmsInterfaceManager: [IccSmsInterfaceManager] Calling setCdmaBroadcastConfig with 1 configurations
06-13 05:55:14.777  2235  2267 I ActivityManager: Start proc 2933:com.google.android.gms/u0a91 for service {com.google.android.gms/com.google.android.gms.chimera.GmsIntentOperationService}
06-13 05:55:14.779  2394  2502 D IccSmsInterfaceManager: [IccSmsInterfaceManager] Failed to add cdma broadcast channels range 4098 to 4098
06-13 05:55:14.781  2394  2800 D IccSmsInterfaceManager: [IccSmsInterfaceManager] Calling setGsmBroadcastConfig with 1 configurations
06-13 05:55:14.785  2973  2973 D libEGL  : Emulator has host GPU support, qemu.gles is set to 1.
06-13 05:55:14.791  2394  2800 D IccSmsInterfaceManager: [IccSmsInterfaceManager] Failed to add GSM cell broadcast channels range 4386 to 4391
06-13 05:55:14.806  1891  1893 D vold    : Finished restorecon of /data/misc_ce/0
06-13 05:55:14.806  1891  1893 D vold    : /system/bin/vold_prepare_subdirs
06-13 05:55:14.806  1891  1893 D vold    :     prepare
06-13 05:55:14.806  1891  1893 D vold    :     
06-13 05:55:14.806  1891  1893 D vold    :     0
06-13 05:55:14.806  1891  1893 D vold    :     2
06-13 05:55:14.808  2973  2973 D libEGL  : loaded /vendor/lib/egl/libEGL_emulation.so
06-13 05:55:14.809  2973  2973 D libEGL  : loaded /vendor/lib/egl/libGLESv1_CM_emulation.so
06-13 05:55:14.810  2973  2973 D libEGL  : loaded /vendor/lib/egl/libGLESv2_emulation.so
06-13 05:55:14.819  2383  2646 I OpenGLRenderer: Davey! duration=1051ms; Flags=0, IntendedVsync=34071900089, Vsync=34788566727, OldestInputEvent=9223372036854775807, NewestInputEvent=0, HandleInputStart=34789930340, AnimationStart=34789963270, PerformTraversalsStart=34791170920, DrawStart=34834559190, SyncQueued=35052277350, SyncStart=35055419840, IssueDrawCommandsStart=35056403960, SwapBuffers=35109663990, FrameCompleted=35126539110, DequeueBufferDuration=280000, QueueBufferDuration=1470000, 
06-13 05:55:14.825  2933  2933 D ApplicationLoaders: Returning zygote-cached class loader: /system/framework/android.hidl.base-V1.0-java.jar
06-13 05:55:14.825  2933  2933 D ApplicationLoaders: Returning zygote-cached class loader: /system/framework/android.hidl.manager-V1.0-java.jar
06-13 05:55:14.825  2933  2933 D ApplicationLoaders: Returning zygote-cached class loader: /system/framework/android.hidl.base-V1.0-java.jar
06-13 05:55:14.826  2933  2933 I gle.android.gm: The ClassLoaderContext is a special shared library.
06-13 05:55:14.829  2394  2800 D IccSmsInterfaceManager: [IccSmsInterfaceManager] Calling setGsmBroadcastConfig with 1 configurations
06-13 05:55:14.829  2933  2933 I gle.android.gm: The ClassLoaderContext is a special shared library.
06-13 05:55:14.833  2235  2265 W ProcessCpuTracker: Failed to stat(/proc/2966): android.system.ErrnoException: stat failed: ENOENT (No such file or directory)
06-13 05:55:14.834  2235  2265 W ProcessCpuTracker: Skipping unknown process pid 2966
06-13 05:55:14.831  2933  2933 I gle.android.gm: The ClassLoaderContext is a special shared library.
06-13 05:55:14.834  2394  2800 D IccSmsInterfaceManager: [IccSmsInterfaceManager] Failed to add GSM cell broadcast channels range 4379 to 4379
06-13 05:55:14.835  2235  2265 E memtrack: Couldn't load memtrack module
06-13 05:55:14.835  2235  2265 W android.os.Debug: failed to get memory consumption info: -1
06-13 05:55:14.835  2235  2265 I system_server: Using smaps_rollup for pss collection
06-13 05:55:14.836  2235  2265 E memtrack: Couldn't load memtrack module
06-13 05:55:14.836  2235  2265 W android.os.Debug: failed to get memory consumption info: -1
06-13 05:55:14.836  2235  2265 E memtrack: Couldn't load memtrack module
06-13 05:55:14.836  2235  2265 W android.os.Debug: failed to get memory consumption info: -1
06-13 05:55:14.836  2235  2265 E memtrack: Couldn't load memtrack module
06-13 05:55:14.836  2235  2265 W android.os.Debug: failed to get memory consumption info: -1
06-13 05:55:14.837  2235  2265 E memtrack: Couldn't load memtrack module
06-13 05:55:14.837  2235  2265 W android.os.Debug: failed to get memory consumption info: -1
06-13 05:55:14.837  2235  2265 E memtrack: Couldn't load memtrack module
06-13 05:55:14.837  2235  2265 W android.os.Debug: failed to get memory consumption info: -1
06-13 05:55:14.837  2235  2265 E memtrack: Couldn't load memtrack module
06-13 05:55:14.837  2235  2265 W android.os.Debug: failed to get memory consumption info: -1
06-13 05:55:14.838  2394  2800 D IccSmsInterfaceManager: [IccSmsInterfaceManager] Calling setCdmaBroadcastConfig with 1 configurations
06-13 05:55:14.841  2989  2989 D vold_prepare_subdirs: Setting up mode 700 uid 0 gid 0 context u:object_r:vold_data_file:s0 on path: /data/misc_ce/0/vold
06-13 05:55:14.842  2394  2800 D IccSmsInterfaceManager: [IccSmsInterfaceManager] Failed to add cdma broadcast channels range 4099 to 4099
06-13 05:55:14.842  2989  2989 D vold_prepare_subdirs: Setting up mode 700 uid 0 gid 0 context u:object_r:storaged_data_file:s0 on path: /data/misc_ce/0/storaged
06-13 05:55:14.845  2933  2933 I gle.android.gm: The ClassLoaderContext is a special shared library.
06-13 05:55:14.845  2394  2800 D IccSmsInterfaceManager: [IccSmsInterfaceManager] Calling setGsmBroadcastConfig with 1 configurations
06-13 05:55:14.845  2989  2989 D vold_prepare_subdirs: Setting up mode 700 uid 0 gid 0 context u:object_r:rollback_data_file:s0 on path: /data/misc_ce/0/rollback
06-13 05:55:14.846  2383  2383 I OpaEnabledReceiver: Dispatching OPA eligble = true; AGSA = true; OPA enabled = true
06-13 05:55:14.846  2383  2383 I OpaLayout: Setting opa enabled to true
06-13 05:55:14.847  2383  2383 I OpaLayout: Setting opa enabled to true
06-13 05:55:14.846  2989  2989 D vold_prepare_subdirs: Setting up mode 700 uid 1000 gid 1000 context u:object_r:backup_data_file:s0 on path: /data/system_ce/0/backup
06-13 05:55:14.847  2383  2383 W OpaLayout: mOpaEnabledNeedsUpdate not cleared by AssistManagerGoogle!
06-13 05:55:14.847  2383  2383 I OpaEnabledReceiver: Dispatching OPA eligble = true; AGSA = true; OPA enabled = true
06-13 05:55:14.847  2383  2383 I OpaLayout: Setting opa enabled to true
06-13 05:55:14.847  2383  2383 I OpaLayout: Setting opa enabled to true
06-13 05:55:14.847  2383  2383 W OpaLayout: mOpaEnabledNeedsUpdate not cleared by AssistManagerGoogle!
06-13 05:55:14.848  2235  2265 E memtrack: Couldn't load memtrack module
06-13 05:55:14.848  2235  2265 W android.os.Debug: failed to get memory consumption info: -1
06-13 05:55:14.848  2235  2265 E memtrack: Couldn't load memtrack module
06-13 05:55:14.848  2235  2265 W android.os.Debug: failed to get memory consumption info: -1
06-13 05:55:14.848  2989  2989 D vold_prepare_subdirs: Setting up mode 700 uid 1000 gid 1000 context u:object_r:backup_data_file:s0 on path: /data/system_ce/0/backup_stage
06-13 05:55:14.848  2235  2265 E memtrack: Couldn't load memtrack module
06-13 05:55:14.848  2989  2989 D vold_prepare_subdirs: Setting up mode 700 uid 1000 gid 1000 context u:object_r:face_vendor_data_file:s0 on path: /data/vendor_ce/0/facedata
06-13 05:55:14.848  2394  2800 D IccSmsInterfaceManager: [IccSmsInterfaceManager] Failed to add GSM cell broadcast channels range 4392 to 4392
06-13 05:55:14.849  2383  2383 D KeyguardClockSwitch: Updating clock: 
06-13 05:55:14.850  2235  2257 V UserDataPreparer: Found /data/user/0 with serial number 0
06-13 05:55:14.850  2235  2257 V UserDataPreparer: Found /data/system_ce/0 with serial number 0
06-13 05:55:14.850  2235  2257 D UserDataPreparer: Setting property: sys.user.0.ce_available=true
06-13 05:55:14.851  2235  2257 V PackageManager: reconcileAppsData for null u0 0x2 migrateAppData=false
06-13 05:55:14.853  2933  2933 I gle.android.gm: WaitForGcToComplete blocked ClassLinker on None for 6.711ms
06-13 05:55:14.857  2235  2265 W android.os.Debug: failed to get memory consumption info: -1
06-13 05:55:14.859  2383  2383 I StatusBar/NavBarView: updateNavButtonIcons (b/113914868): home disabled=false mDisabledFlags=0
06-13 05:55:14.860  2235  2265 E memtrack: Couldn't load memtrack module
06-13 05:55:14.864  2235  2265 W android.os.Debug: failed to get memory consumption info: -1
06-13 05:55:14.864  2235  2265 E memtrack: Couldn't load memtrack module
06-13 05:55:14.865  2235  2265 W android.os.Debug: failed to get memory consumption info: -1
06-13 05:55:14.865  2235  2265 E memtrack: Couldn't load memtrack module
06-13 05:55:14.865  2235  2265 W android.os.Debug: failed to get memory consumption info: -1
06-13 05:55:14.868  2383  2383 V KeyguardUpdateMonitor: onSubscriptionInfoChanged()
06-13 05:55:14.874  2383  2383 V KeyguardUpdateMonitor: SubInfo:{id=1, iccId=89014103211118510720 simSlotIndex=0 carrierId=1 displayName=T-Mobile carrierName=Android nameSource=1 iconTint=-16746133 mNumber=+15555215554 dataRoaming=0 iconBitmap=android.graphics.Bitmap@a10a669 mcc 310 mnc 260mCountryIso=us isEmbedded false accessRules null cardString=89014103211118510720 cardId=-1 isOpportunistic false mGroupUUID=null mIsGroupDisabled=false profileClass=-1 ehplmns = null hplmns = null subscriptionType=0}
06-13 05:55:14.877  2235  2265 E memtrack: Couldn't load memtrack module
06-13 05:55:14.879  2235  2265 W android.os.Debug: failed to get memory consumption info: -1
06-13 05:55:14.880  2394  2502 D IccSmsInterfaceManager: [IccSmsInterfaceManager] Failed to remove GSM cell broadcast channels range 4380 to 4380
06-13 05:55:14.881  2383  2383 V KeyguardUpdateMonitor: onSubscriptionInfoChanged()
06-13 05:55:14.880  2235  2265 E memtrack: Couldn't load memtrack module
06-13 05:55:14.884  2235  2265 W android.os.Debug: failed to get memory consumption info: -1
06-13 05:55:14.884  2394  2502 D IccSmsInterfaceManager: [IccSmsInterfaceManager] Failed to remove cdma broadcast channels range 4100 to 4100
06-13 05:55:14.885  2235  2265 E memtrack: Couldn't load memtrack module
06-13 05:55:14.885  2235  2265 W android.os.Debug: failed to get memory consumption info: -1
06-13 05:55:14.885  2235  2265 E memtrack: Couldn't load memtrack module
06-13 05:55:14.886  2235  2265 W android.os.Debug: failed to get memory consumption info: -1
06-13 05:55:14.886  2235  2265 E memtrack: Couldn't load memtrack module
06-13 05:55:14.888  2383  2383 V KeyguardUpdateMonitor: SubInfo:{id=1, iccId=89014103211118510720 simSlotIndex=0 carrierId=1 displayName=T-Mobile carrierName=Android nameSource=1 iconTint=-16746133 mNumber=+15555215554 dataRoaming=0 iconBitmap=android.graphics.Bitmap@a0108ee mcc 310 mnc 260mCountryIso=us isEmbedded false accessRules null cardString=89014103211118510720 cardId=-1 isOpportunistic false mGroupUUID=null mIsGroupDisabled=false profileClass=-1 ehplmns = null hplmns = null subscriptionType=0}
06-13 05:55:14.887  2235  2265 W android.os.Debug: failed to get memory consumption info: -1
06-13 05:55:14.889  2394  2502 D IccSmsInterfaceManager: [IccSmsInterfaceManager] Failed to remove GSM cell broadcast channels range 4393 to 4393
06-13 05:55:14.889  2235  2265 E memtrack: Couldn't load memtrack module
06-13 05:55:14.891  2235  2265 W android.os.Debug: failed to get memory consumption info: -1
06-13 05:55:14.891  2235  2265 E memtrack: Couldn't load memtrack module
06-13 05:55:14.892  2235  2265 W android.os.Debug: failed to get memory consumption info: -1
06-13 05:55:14.894  2933  2933 E ActivityThread: Failed to find provider info for com.google.android.gsf.gservices
06-13 05:55:14.899  2235  2265 E memtrack: Couldn't load memtrack module
06-13 05:55:14.899  2235  2265 W android.os.Debug: failed to get memory consumption info: -1
06-13 05:55:14.903  2383  2383 V KeyguardUpdateMonitor: onSubscriptionInfoChanged()
06-13 05:55:14.904  2235  2265 E memtrack: Couldn't load memtrack module
06-13 05:55:14.904  2235  2265 W android.os.Debug: failed to get memory consumption info: -1
06-13 05:55:14.905  2394  2502 D IccSmsInterfaceManager: [IccSmsInterfaceManager] Failed to remove GSM cell broadcast channels range 4381 to 4381
06-13 05:55:14.911  2383  2383 V KeyguardUpdateMonitor: SubInfo:{id=1, iccId=89014103211118510720 simSlotIndex=0 carrierId=1 displayName=T-Mobile carrierName=Android nameSource=1 iconTint=-16746133 mNumber=+15555215554 dataRoaming=0 iconBitmap=android.graphics.Bitmap@93d818f mcc 310 mnc 260mCountryIso=us isEmbedded false accessRules null cardString=89014103211118510720 cardId=-1 isOpportunistic false mGroupUUID=null mIsGroupDisabled=false profileClass=-1 ehplmns = null hplmns = null subscriptionType=0}
06-13 05:55:14.913  2933  2933 E ActivityThread: Failed to find provider info for com.google.android.gsf.gservices
06-13 05:55:14.914  1891  1891 W vold    : Failed to open /proc/2956/fd: No such file or directory
06-13 05:55:14.914  1891  1891 W vold    : Failed to open /proc/2963/fd: No such file or directory
06-13 05:55:14.914  2383  2383 V KeyguardUpdateMonitor: onSubscriptionInfoChanged()
06-13 05:55:14.914  1891  1891 W vold    : Failed to open /proc/2964/fd: No such file or directory
06-13 05:55:14.915  2394  2800 D IccSmsInterfaceManager: [IccSmsInterfaceManager] Failed to remove GSM cell broadcast channels range 4394 to 4394
06-13 05:55:14.917  2933  2933 W DirectBootExitBR: User is in direct boot mode.
06-13 05:55:14.918  2933  2933 E ActivityThread: Failed to find provider info for com.google.android.gsf.gservices
06-13 05:55:14.918  2235  2265 E memtrack: Couldn't load memtrack module
06-13 05:55:14.918  2235  2265 W android.os.Debug: failed to get memory consumption info: -1
06-13 05:55:14.919  2235  2265 E memtrack: Couldn't load memtrack module
06-13 05:55:14.919  2235  2265 W android.os.Debug: failed to get memory consumption info: -1
06-13 05:55:14.919  2235  2265 E memtrack: Couldn't load memtrack module
06-13 05:55:14.919  2235  2265 W android.os.Debug: failed to get memory consumption info: -1
06-13 05:55:14.919  2235  2265 E memtrack: Couldn't load memtrack module
06-13 05:55:14.919  2235  2265 W android.os.Debug: failed to get memory consumption info: -1
06-13 05:55:14.919  2235  2265 E memtrack: Couldn't load memtrack module
06-13 05:55:14.919  2235  2265 W android.os.Debug: failed to get memory consumption info: -1
06-13 05:55:14.920  2235  2265 E memtrack: Couldn't load memtrack module
06-13 05:55:14.921  2383  2383 V KeyguardUpdateMonitor: SubInfo:{id=1, iccId=89014103211118510720 simSlotIndex=0 carrierId=1 displayName=T-Mobile carrierName=Android nameSource=1 iconTint=-16746133 mNumber=+15555215554 dataRoaming=0 iconBitmap=android.graphics.Bitmap@43ec1c mcc 310 mnc 260mCountryIso=us isEmbedded false accessRules null cardString=89014103211118510720 cardId=-1 isOpportunistic false mGroupUUID=null mIsGroupDisabled=false profileClass=-1 ehplmns = null hplmns = null subscriptionType=0}
06-13 05:55:14.924  2383  2383 V KeyguardUpdateMonitor: onSubscriptionInfoChanged()
06-13 05:55:14.927  2383  2383 V KeyguardUpdateMonitor: SubInfo:{id=1, iccId=89014103211118510720 simSlotIndex=0 carrierId=1 displayName=T-Mobile carrierName=Android nameSource=1 iconTint=-16746133 mNumber=+15555215554 dataRoaming=0 iconBitmap=android.graphics.Bitmap@8844025 mcc 310 mnc 260mCountryIso=us isEmbedded false accessRules null cardString=89014103211118510720 cardId=-1 isOpportunistic false mGroupUUID=null mIsGroupDisabled=false profileClass=-1 ehplmns = null hplmns = null subscriptionType=0}
