06-13 05:55:09.177  2235  2269 I BatteryStatsImpl: Resetting battery stats: level=100 status=4 dischargeLevel=100 lowAmount=0 highAmount=0
06-13 05:55:09.180  2235  2235 I HealthServiceWrapper: health: HealthServiceWrapper listening to instance default
06-13 05:55:09.180  2235  2235 I BatteryService: health: Waited 0ms and received the update.
06-13 05:55:09.183  2235  2235 D SystemServerTiming: StartBatteryService took to complete: 27ms
06-13 05:55:09.183  2235  2235 I SystemServer: StartUsageService
06-13 05:55:09.183  2235  2235 I SystemServiceManager: Starting com.android.server.usage.UsageStatsService
06-13 05:55:09.186  2235  2321 I android_os_HwBinder: HwBinder: Starting thread pool for getting: android.hardware.health@2.0::IHealth/default
06-13 05:55:09.192  2235  2269 E KernelCpuUidFreqTimeReader: Failed to read /proc/uid_time_in_state: java.nio.file.NoSuchFileException: /proc/uid_time_in_state
06-13 05:55:09.192  2235  2269 E KernelCpuSpeedReader: Failed to read cpu-freq: /sys/devices/system/cpu/cpu0/cpufreq/stats/time_in_state: open failed: ENOENT (No such file or directory)
06-13 05:55:09.195  2235  2269 E KernelCpuUidFreqTimeReader: Failed to read /proc/uid_time_in_state: java.nio.file.NoSuchFileException: /proc/uid_time_in_state
06-13 05:55:09.195  2235  2269 E KernelCpuSpeedReader: Failed to read cpu-freq: /sys/devices/system/cpu/cpu0/cpufreq/stats/time_in_state: open failed: ENOENT (No such file or directory)
06-13 05:55:09.198  2235  2235 D UsageStatsDatabase: Found 1 stat files for interval 0
06-13 05:55:09.198  2235  2235 D UsageStatsDatabase: Found 1 stat files for interval 1
06-13 05:55:09.198  2235  2235 D UsageStatsDatabase: Found 1 stat files for interval 2
06-13 05:55:09.198  2235  2235 D UsageStatsDatabase: Found 1 stat files for interval 3
06-13 05:55:09.202  2235  2235 E UsageStatsDatabase: 
06-13 05:55:09.202  2235  2235 E UsageStatsDatabase: Unexpected event timestamp 21422 loaded (beginTime : 1560403615615, endTime : 1560404816005)
06-13 05:55:09.202  2235  2235 E UsageStatsDatabase: Error found in:
06-13 05:55:09.202  2235  2235 E UsageStatsDatabase: /data/system/usagestats/0/daily/1560403615615
06-13 05:55:09.202  2235  2235 E UsageStatsDatabase: Please go to b/115429334 to help root cause this issue
06-13 05:55:09.212  2235  2235 I UsageStatsService: User[0] Rollover scheduled @ 2019-06-14 05:26:55(1560490015615)
06-13 05:55:09.212  2235  2235 D SystemServerTiming: StartUsageService took to complete: 28ms
06-13 05:55:09.213  2235  2235 I SystemServer: StartWebViewUpdateService
06-13 05:55:09.213  2235  2235 I SystemServiceManager: Starting com.android.server.webkit.WebViewUpdateService
06-13 05:55:09.220  2235  2235 D SystemServerTiming: StartWebViewUpdateService took to complete: 6ms
06-13 05:55:09.220  2235  2235 I SystemServer: StartCachedDeviceStateService
06-13 05:55:09.220  2235  2235 I SystemServiceManager: Starting com.android.server.CachedDeviceStateService
06-13 05:55:09.221  2235  2235 D SystemServerTiming: StartCachedDeviceStateService took to complete: 0ms
06-13 05:55:09.221  2235  2235 I SystemServer: StartBinderCallsStatsService
06-13 05:55:09.221  2235  2235 I SystemServiceManager: Starting com.android.server.BinderCallsStatsService$LifeCycle
06-13 05:55:09.222  2235  2235 D SystemServerTiming: StartBinderCallsStatsService took to complete: 1ms
06-13 05:55:09.222  2235  2235 I SystemServer: StartLooperStatsService
06-13 05:55:09.222  2235  2235 I SystemServiceManager: Starting com.android.server.LooperStatsService$Lifecycle
06-13 05:55:09.223  2037  2037 W cutils  : Expected path /data/user_de/0/com.google.android.gms with mode 700 but found 711
06-13 05:55:09.223  2235  2235 D SystemServerTiming: StartLooperStatsService took to complete: 0ms
06-13 05:55:09.223  2235  2235 I SystemServer: StartRollbackManagerService
06-13 05:55:09.223  2235  2235 I SystemServiceManager: Starting com.android.server.rollback.RollbackManagerService
06-13 05:55:09.229  2037  2076 D installd: Found quota mount /dev/block/vdc at /data
06-13 05:55:09.237  2235  2235 D SystemServerTiming: StartRollbackManagerService took to complete: 13ms
06-13 05:55:09.237  2235  2235 I SystemServer: StartBugreportManagerService
06-13 05:55:09.238  2235  2235 I SystemServiceManager: Starting com.android.server.os.BugreportManagerService
06-13 05:55:09.238  2235  2235 D SystemServerTiming: StartBugreportManagerService took to complete: 0ms
06-13 05:55:09.238  2235  2235 I SystemServer: GpuService
06-13 05:55:09.239  2235  2235 I SystemServiceManager: Starting com.android.server.gpu.GpuService
06-13 05:55:09.239  2235  2235 D SystemServerTiming: GpuService took to complete: 0ms
06-13 05:55:09.240  2235  2235 I SystemServer: StartKeyAttestationApplicationIdProviderService
06-13 05:55:09.240  2235  2235 D SystemServerTiming: StartKeyAttestationApplicationIdProviderService took to complete: 0ms
06-13 05:55:09.240  2235  2235 I SystemServer: StartKeyChainSystemService
06-13 05:55:09.240  2235  2235 I SystemServiceManager: Starting com.android.server.security.KeyChainSystemService
06-13 05:55:09.241  2235  2235 D SystemServerTiming: StartKeyChainSystemService took to complete: 0ms
06-13 05:55:09.241  2235  2235 I SystemServer: StartSchedulingPolicyService
06-13 05:55:09.240  2235  2324 D SystemServerInitThreadPool: Started executing SecondaryZygotePreload
06-13 05:55:09.241  2235  2264 D SystemServerInitThreadPool: Started executing SchedulingPolicyService.<init>
06-13 05:55:09.241  2235  2324 I SystemServer: SecondaryZygotePreload
06-13 05:55:09.242  2235  2235 D SystemServerTiming: StartSchedulingPolicyService took to complete: 1ms
06-13 05:55:09.242  2235  2235 I SystemServer: StartTelecomLoaderService
06-13 05:55:09.244  2235  2235 I SystemServiceManager: Starting com.android.server.telecom.TelecomLoaderService
06-13 05:55:09.246  2235  2264 I SchedulingPolicyService: Moving 2049 back to group default
06-13 05:55:09.246  2235  2235 D SystemServerTiming: StartTelecomLoaderService took to complete: 4ms
06-13 05:55:09.246  2235  2235 I SystemServer: StartTelephonyRegistry
06-13 05:55:09.246  2235  2264 D SystemServerInitThreadPool: Finished executing SchedulingPolicyService.<init>
06-13 05:55:09.248  2235  2324 E SystemServer: Unable to preload default resources
06-13 05:55:09.248  2235  2324 D SystemServerTimingAsync: SecondaryZygotePreload took to complete: 6ms
06-13 05:55:09.248  2235  2324 D SystemServerInitThreadPool: Finished executing SecondaryZygotePreload
06-13 05:55:09.249  2235  2235 D SystemServerTiming: StartTelephonyRegistry took to complete: 2ms
06-13 05:55:09.249  2235  2235 I SystemServer: StartEntropyMixer
06-13 05:55:09.266  2235  2235 I EntropyMixer: Added HW RNG output to entropy pool
06-13 05:55:09.267  2235  2235 I EntropyMixer: Writing entropy...
06-13 05:55:09.271  2235  2314 D SystemServerTimingAsync: AppDataPrepare took to complete: 137ms
06-13 05:55:09.271  2235  2314 I PackageManager: Deferred reconcileAppsData finished 144 packages
06-13 05:55:09.271  2235  2314 D SystemServerInitThreadPool: Finished executing prepareAppData
06-13 05:55:09.272  2235  2235 D SystemServerTiming: StartEntropyMixer took to complete: 23ms
06-13 05:55:09.272  2235  2235 I SystemServer: StartAccountManagerService
06-13 05:55:09.272  2235  2235 I SystemServiceManager: Starting com.android.server.accounts.AccountManagerService$Lifecycle
06-13 05:55:09.277  2235  2235 D SystemServerTiming: StartAccountManagerService took to complete: 5ms
06-13 05:55:09.277  2235  2235 I SystemServer: StartContentService
06-13 05:55:09.277  2235  2235 I SystemServiceManager: Starting com.android.server.content.ContentService$Lifecycle
06-13 05:55:09.283  2235  2235 D SystemServerTiming: StartContentService took to complete: 7ms
06-13 05:55:09.284  2235  2235 I SystemServer: InstallSystemProviders
06-13 05:55:09.294  2235  2235 I system_server: The ClassLoaderContext is a special shared library.
06-13 05:55:09.320  2235  2235 D SystemServerTiming: InstallSystemProviders took to complete: 36ms
06-13 05:55:09.320  2235  2235 I SystemServer: StartDropBoxManager
06-13 05:55:09.320  2235  2235 I SystemServiceManager: Starting com.android.server.DropBoxManagerService
06-13 05:55:09.323  2235  2235 D SystemServerTiming: StartDropBoxManager took to complete: 2ms
06-13 05:55:09.323  2235  2235 I SystemServer: StartVibratorService
06-13 05:55:09.324  1874  1874 I hwservicemanager: getTransport: Cannot find entry android.hardware.vibrator@1.0::IVibrator/default in either framework or device manifest.
06-13 05:55:09.325  1874  1874 I hwservicemanager: getTransport: Cannot find entry android.hardware.vibrator@1.0::IVibrator/default in either framework or device manifest.
06-13 05:55:09.325  2235  2235 E VibratorService: vibratorOff command failed (1).
06-13 05:55:09.325  1874  1874 I hwservicemanager: getTransport: Cannot find entry android.hardware.vibrator@1.0::IVibrator/default in either framework or device manifest.
06-13 05:55:09.326  1874  1874 I hwservicemanager: getTransport: Cannot find entry android.hardware.vibrator@1.3::IVibrator/default in either framework or device manifest.
06-13 05:55:09.327  2235  2235 D SystemServerTiming: StartVibratorService took to complete: 3ms
06-13 05:55:09.327  2235  2235 I SystemServer: StartDynamicSystemService
06-13 05:55:09.330  2235  2235 D SystemServerTiming: StartDynamicSystemService took to complete: 2ms
06-13 05:55:09.330  2235  2235 I SystemServer: StartConsumerIrService
06-13 05:55:09.331  1874  1874 I hwservicemanager: getTransport: Cannot find entry android.hardware.ir@1.0::IConsumerIr/default in either framework or device manifest.
06-13 05:55:09.332  2235  2235 D SystemServerTiming: StartConsumerIrService took to complete: 1ms
06-13 05:55:09.332  2235  2235 I SystemServer: StartAlarmManagerService
06-13 05:55:09.333  2235  2235 D AlarmManagerService: Kernel timezone updated to 0 minutes west of GMT
06-13 05:55:09.334  2235  2235 D SystemServerTiming: StartAlarmManagerService took to complete: 2ms
06-13 05:55:09.334  2235  2235 I SystemServer: StartInputManagerService
06-13 05:55:09.336  2235  2235 I InputManager: Initializing input manager, mUseDevInputEventForAudioJack=true
06-13 05:55:09.337  2235  2235 I InputClassifier: Deep press feature enabled.
06-13 05:55:09.341  1874  1874 I hwservicemanager: getTransport: Cannot find entry android.hardware.input.classifier@1.0::IInputClassifier/default in either framework or device manifest.
06-13 05:55:09.341  2235  2235 D SystemServerTiming: StartInputManagerService took to complete: 7ms
06-13 05:55:09.341  2235  2328 I InputClassifier: Could not obtain InputClassifier HAL
06-13 05:55:09.341  2235  2235 I SystemServer: StartWindowManagerService
06-13 05:55:09.342  2235  2329 E InputClassifier: InputClassifier HAL has died. Setting mMotionClassifier to null
06-13 05:55:09.345  2235  2260 I WindowManager: No existing display settings, starting empty
06-13 05:55:09.352  2235  2260 I WindowTracing: Setting window tracing log level to 1
06-13 05:55:09.353  2235  2260 I WindowTracing: Setting window tracing buffer capacity to 2097152bytes
06-13 05:55:09.359  2235  2235 D SystemServerTiming: StartWindowManagerService took to complete: 18ms
06-13 05:55:09.360  2235  2235 I SystemServer: SetWindowManagerService
06-13 05:55:09.363  2235  2259 I DropBoxManagerService: add tag=system_server_strictmode isTagEnabled=true flags=0x2
06-13 05:55:09.368  2235  2259 I DropBoxManagerService: add tag=system_server_strictmode isTagEnabled=true flags=0x2
06-13 05:55:09.389  2235  2235 D SystemServerTiming: SetWindowManagerService took to complete: 29ms
06-13 05:55:09.389  2235  2235 I SystemServer: WindowManagerServiceOnInitReady
06-13 05:55:09.394  2235  2258 W ShortcutManager: Unable to add bookmark: com.google.android.talk/com.google.android.talk.SigningInActivity
06-13 05:55:09.394  2235  2258 W ShortcutManager: android.content.pm.PackageManager$NameNotFoundException: ComponentInfo{com.google.android.talk/com.google.android.talk.SigningInActivity}
06-13 05:55:09.394  2235  2258 W ShortcutManager: 	at android.app.ApplicationPackageManager.getActivityInfo(ApplicationPackageManager.java:456)
06-13 05:55:09.394  2235  2258 W ShortcutManager: 	at com.android.server.policy.ShortcutManager.loadShortcuts(ShortcutManager.java:142)
06-13 05:55:09.394  2235  2258 W ShortcutManager: 	at com.android.server.policy.ShortcutManager.<init>(ShortcutManager.java:62)
06-13 05:55:09.394  2235  2258 W ShortcutManager: 	at com.android.server.policy.PhoneWindowManager.init(PhoneWindowManager.java:1797)
06-13 05:55:09.394  2235  2258 W ShortcutManager: 	at com.android.server.wm.WindowManagerService$5.run(WindowManagerService.java:982)
06-13 05:55:09.394  2235  2258 W ShortcutManager: 	at android.os.Handler$BlockingRunnable.run(Handler.java:906)
06-13 05:55:09.394  2235  2258 W ShortcutManager: 	at android.os.Handler.handleCallback(Handler.java:883)
06-13 05:55:09.394  2235  2258 W ShortcutManager: 	at android.os.Handler.dispatchMessage(Handler.java:100)
06-13 05:55:09.394  2235  2258 W ShortcutManager: 	at android.os.Looper.loop(Looper.java:214)
06-13 05:55:09.394  2235  2258 W ShortcutManager: 	at android.os.HandlerThread.run(HandlerThread.java:67)
06-13 05:55:09.394  2235  2258 W ShortcutManager: 	at com.android.server.ServiceThread.run(ServiceThread.java:44)
06-13 05:55:09.394  2235  2258 W ShortcutManager: 	at com.android.server.UiThread.run(UiThread.java:43)
06-13 05:55:09.400  2235  2235 D SystemServerTiming: WindowManagerServiceOnInitReady took to complete: 11ms
06-13 05:55:09.401  2235  2235 I SystemServer: StartInputManager
06-13 05:55:09.401  2235  2317 D SystemServerInitThreadPool: Started executing StartHidlServices
06-13 05:55:09.401  2235  2235 I InputManager: Starting input manager
06-13 05:55:09.402  2235  2317 I ServiceManagement: Registered android.frameworks.sensorservice@1.0::ISensorManager/default (start delay of 3159ms)
06-13 05:55:09.403  2235  2235 D SystemServerTiming: StartInputManager took to complete: 2ms
06-13 05:55:09.403  2235  2317 I ServiceManagement: Registered android.frameworks.schedulerservice@1.0::ISchedulingPolicyService/default (start delay of 3160ms)
06-13 05:55:09.403  2235  2235 I SystemServer: DisplayManagerWindowManagerAndInputReady
06-13 05:55:09.403  2235  2235 D SystemServerTiming: DisplayManagerWindowManagerAndInputReady took to complete: 0ms
06-13 05:55:09.403  2235  2317 D SystemServerTimingAsync: StartHidlServices took to complete: 2ms
06-13 05:55:09.403  2235  2235 I SystemServer: No Bluetooth Service (emulator)
06-13 05:55:09.403  2235  2317 D SystemServerInitThreadPool: Finished executing StartHidlServices
06-13 05:55:09.403  2235  2235 I SystemServer: IpConnectivityMetrics
06-13 05:55:09.403  2235  2235 I SystemServiceManager: Starting com.android.server.connectivity.IpConnectivityMetrics
06-13 05:55:09.406  2235  2332 D EventHub: No input device configuration file found for device 'Power Button'.
06-13 05:55:09.406  2235  2235 D SystemServerTiming: IpConnectivityMetrics took to complete: 3ms
06-13 05:55:09.407  2235  2235 I SystemServer: NetworkWatchlistService
06-13 05:55:09.407  2235  2235 I SystemServiceManager: Starting com.android.server.net.watchlist.NetworkWatchlistService$Lifecycle
06-13 05:55:09.410  2235  2332 W EventHub: Unable to disable kernel key repeat for /dev/input/event0: Function not implemented
06-13 05:55:09.410  2235  2332 I EventHub: wakeMechanism=EPOLLWAKEUP, usingClockIoctl=true
06-13 05:55:09.411  2235  2332 I EventHub: New device: id=1, fd=121, path='/dev/input/event0', name='Power Button', classes=0x1, configuration='', keyLayout='/system/usr/keylayout/Generic.kl', keyCharacterMap='/system/usr/keychars/Generic.kcm', builtinKeyboard=false, 
06-13 05:55:09.414  2235  2235 I WatchlistSettings: Reload watchlist settings done
06-13 05:55:09.415  2235  2235 D SystemServerTiming: NetworkWatchlistService took to complete: 8ms
06-13 05:55:09.415  2235  2333 I WatchlistLoggingHandler: No need to aggregate record yet.
06-13 05:55:09.415  2235  2235 I SystemServer: PinnerService
06-13 05:55:09.415  2235  2333 I WatchlistLoggingHandler: Milliseconds spent on tryAggregateRecords(): 0
06-13 05:55:09.416  2235  2235 I SystemServiceManager: Starting com.android.server.PinnerService
06-13 05:55:09.416  2235  2332 W EventHub: Unable to disable kernel key repeat for /dev/input/event1: Function not implemented
06-13 05:55:09.416  2235  2332 I EventHub: wakeMechanism=EPOLLWAKEUP, usingClockIoctl=true
06-13 05:55:09.416  2235  2332 I EventHub: New device: id=2, fd=122, path='/dev/input/event1', name='qwerty2', classes=0x97, configuration='/system/usr/idc/qwerty2.idc', keyLayout='/system/usr/keylayout/qwerty.kl', keyCharacterMap='/system/usr/keychars/qwerty2.kcm', builtinKeyboard=true, 
06-13 05:55:09.417  2235  2235 D SystemServerTiming: PinnerService took to complete: 1ms
06-13 05:55:09.417  2235  2332 I EventHub: wakeMechanism=EPOLLWAKEUP, usingClockIoctl=true
06-13 05:55:09.417  2235  2235 I SystemServer: SignedConfigService
06-13 05:55:09.418  2235  2332 I EventHub: New device: id=3, fd=125, path='/dev/input/event2', name='goldfish_rotary', classes=0x1000, configuration='/vendor/usr/idc/goldfish_rotary.idc', keyLayout='', keyCharacterMap='', builtinKeyboard=false, 
06-13 05:55:09.418  2235  2235 D SystemServerTiming: SignedConfigService took to complete: 0ms
06-13 05:55:09.420  2235  2332 I InputReader: Device added: id=-1, name='Virtual', sources=0x00000301
06-13 05:55:09.420  2235  2332 I InputReader: Device added: id=3, name='goldfish_rotary', sources=0x00400000
06-13 05:55:09.420  2235  2332 I InputReader: Touch device 'qwerty2' could not query the properties of its associated display.  The device will be inoperable until the display size becomes available.
06-13 05:55:09.420  2235  2332 I InputReader: Device added: id=0, name='qwerty2', sources=0x80001103
06-13 05:55:09.420  2235  2332 I InputReader: Device added: id=1, name='Power Button', sources=0x00000101
06-13 05:55:09.424  2235  2235 I WindowManager: SAFE MODE not enabled
06-13 05:55:09.425  2235  2235 I SystemServer: StartInputMethodManagerLifecycle
06-13 05:55:09.425  2235  2235 I SystemServiceManager: Starting com.android.server.inputmethod.InputMethodManagerService$Lifecycle
06-13 05:55:09.429  2235  2235 D SystemServerTiming: StartInputMethodManagerLifecycle took to complete: 3ms
06-13 05:55:09.429  2235  2235 I SystemServer: StartAccessibilityManagerService
06-13 05:55:09.429  2235  2235 I SystemServiceManager: Starting com.android.server.accessibility.AccessibilityManagerService$Lifecycle
06-13 05:55:09.430  2235  2235 D SystemServerTiming: StartAccessibilityManagerService took to complete: 1ms
06-13 05:55:09.430  2235  2235 I SystemServer: MakeDisplayReady
06-13 05:55:09.431  2235  2235 W InputReader: Device has associated, but no associated display id.
06-13 05:55:09.433  2235  2235 I ActivityTaskManager: Config changes=20005df8 {1.0 ?mcc?mnc [en_US] ldltr sw411dp w411dp h769dp 560dpi nrml long port ?uimode ?night finger qwerty/v/v -nav/h winConfig={ mBounds=Rect(0, 0 - 1440, 2960) mAppBounds=Rect(0, 0 - 1440, 2792) mWindowingMode=fullscreen mDisplayWindowingMode=fullscreen mActivityType=undefined mAlwaysOnTop=undefined mRotation=ROTATION_0} s.2}
06-13 05:55:09.436  2235  2235 I ActivityTaskManager: Override config changes=60007dfc {1.0 ?mcc?mnc [en_US] ldltr sw411dp w411dp h769dp 560dpi nrml long port ?uimode ?night finger qwerty/v/v -nav/h winConfig={ mBounds=Rect(0, 0 - 1440, 2960) mAppBounds=Rect(0, 0 - 1440, 2792) mWindowingMode=fullscreen mDisplayWindowingMode=fullscreen mActivityType=undefined mAlwaysOnTop=undefined mRotation=ROTATION_0} s.2} for displayId=0
06-13 05:55:09.439  2235  2235 D SystemServerTiming: MakeDisplayReady took to complete: 8ms
06-13 05:55:09.439  2235  2235 I SystemServer: StartStorageManagerService
06-13 05:55:09.439  2235  2235 I SystemServiceManager: Starting com.android.server.StorageManagerService$Lifecycle
06-13 05:55:09.441  2235  2260 I InputManager-JNI: Viewport [0] to add: local:0
06-13 05:55:09.442  2235  2332 I InputReader: Reconfiguring input devices.  changes=0x00000004
06-13 05:55:09.442  2235  2332 I InputReader: Device reconfigured: id=0, name='qwerty2', size 1440x2960, orientation 0, mode 1, display id 0
06-13 05:55:09.445  2235  2334 D StorageManagerService: Thinking about init, mBootCompleted=false, mDaemonConnected=true
06-13 05:55:09.445  2235  2334 D StorageManagerService: Thinking about reset, mBootCompleted=false, mDaemonConnected=true
06-13 05:55:09.445  2235  2235 D SystemServerTiming: StartStorageManagerService took to complete: 5ms
06-13 05:55:09.445  2235  2235 I SystemServer: StartStorageStatsService
06-13 05:55:09.445  2235  2235 I SystemServiceManager: Starting com.android.server.usage.StorageStatsService$Lifecycle
06-13 05:55:09.447  2037  2037 D installd: Found quota mount /dev/block/vdc at /data
06-13 05:55:09.449  2235  2235 D SystemServerTiming: StartStorageStatsService took to complete: 3ms
06-13 05:55:09.449  2235  2235 I SystemServer: StartUiModeManager
06-13 05:55:09.450  2235  2235 I SystemServiceManager: Starting com.android.server.UiModeManagerService
06-13 05:55:09.451  2235  2264 D SystemServerInitThreadPool: Started executing UiModeManager.onStart
06-13 05:55:09.451  2235  2235 D SystemServerTiming: StartUiModeManager took to complete: 1ms
06-13 05:55:09.451  2235  2235 I SystemServer: UpdatePackagesIfNeeded
06-13 05:55:09.452  2235  2235 I Watchdog: Pausing HandlerChecker: main thread for reason: dexopt. Pause count: 1
06-13 05:55:09.452  2235  2235 I Watchdog: Resuming HandlerChecker: main thread for reason: dexopt. Pause count: 0
06-13 05:55:09.452  2235  2235 D SystemServerTiming: UpdatePackagesIfNeeded took to complete: 0ms
06-13 05:55:09.452  2235  2235 I SystemServer: PerformFstrimIfNeeded
06-13 05:55:09.452  2235  2235 D SystemServerTiming: PerformFstrimIfNeeded took to complete: 1ms
06-13 05:55:09.453  2235  2235 I SystemServer: StartLockSettingsService
06-13 05:55:09.453  2235  2235 I SystemServiceManager: Starting com.android.server.locksettings.LockSettingsService$Lifecycle
06-13 05:55:09.453  2235  2264 I ActivityTaskManager: Config changes=200 {1.0 ?mcc?mnc [en_US] ldltr sw411dp w411dp h769dp 560dpi nrml long port finger qwerty/v/v -nav/h winConfig={ mBounds=Rect(0, 0 - 1440, 2960) mAppBounds=Rect(0, 0 - 1440, 2792) mWindowingMode=fullscreen mDisplayWindowingMode=fullscreen mActivityType=undefined mAlwaysOnTop=undefined mRotation=ROTATION_0} s.4}
06-13 05:55:09.457  2235  2264 I ActivityTaskManager: Override config changes=200 {1.0 ?mcc?mnc [en_US] ldltr sw411dp w411dp h769dp 560dpi nrml long port finger qwerty/v/v -nav/h winConfig={ mBounds=Rect(0, 0 - 1440, 2960) mAppBounds=Rect(0, 0 - 1440, 2792) mWindowingMode=fullscreen mDisplayWindowingMode=fullscreen mActivityType=undefined mAlwaysOnTop=undefined mRotation=ROTATION_0} s.4} for displayId=0
06-13 05:55:09.459  2235  2264 D SystemServerInitThreadPool: Finished executing UiModeManager.onStart
06-13 05:55:09.484  2235  2235 D SystemServerTiming: StartLockSettingsService took to complete: 31ms
06-13 05:55:09.448  2037  2037 D installd: Found quota mount /dev/block/vdc at /data
06-13 05:55:09.484  1874  1874 I hwservicemanager: getTransport: Cannot find entry android.hardware.oemlock@1.0::IOemLock/default in either framework or device manifest.
06-13 05:55:09.485  2235  2235 I OemLock : OemLock HAL not present on device
06-13 05:55:09.485  2235  2235 I SystemServer: StartDeviceIdleController
06-13 05:55:09.485  2235  2235 I SystemServiceManager: Starting com.android.server.DeviceIdleController
06-13 05:55:09.487  2235  2235 D SystemServerTiming: StartDeviceIdleController took to complete: 2ms
06-13 05:55:09.487  2235  2235 I SystemServer: StartDevicePolicyManager
06-13 05:55:09.487  2235  2235 I SystemServiceManager: Starting com.android.server.devicepolicy.DevicePolicyManagerService$Lifecycle
06-13 05:55:09.493  2235  2235 D SystemServerTiming: StartDevicePolicyManager took to complete: 6ms
06-13 05:55:09.493  2235  2235 I SystemServer: StartStatusBarManagerService
06-13 05:55:09.495  2235  2235 D SystemServerTiming: StartStatusBarManagerService took to complete: 1ms
06-13 05:55:09.495  2235  2235 D SystemServer: ContentCaptureService explicitly disabled by DeviceConfig
06-13 05:55:09.495  2235  2235 D SystemServer: AttentionService is not configured on this device
06-13 05:55:09.495  2235  2235 I SystemServer: StartSystemCaptionsManagerService
06-13 05:55:09.496  2235  2235 I SystemServiceManager: Starting com.android.server.systemcaptions.SystemCaptionsManagerService
06-13 05:55:09.496  2235  2235 D SystemServerTiming: StartSystemCaptionsManagerService took to complete: 0ms
06-13 05:55:09.496  2235  2235 I SystemServer: StartAppPredictionService
06-13 05:55:09.496  2235  2235 I SystemServiceManager: Starting com.android.server.appprediction.AppPredictionManagerService
06-13 05:55:09.497  2235  2235 D SystemServerTiming: StartAppPredictionService took to complete: 0ms
06-13 05:55:09.497  2235  2235 I SystemServer: StartContentSuggestionsService
06-13 05:55:09.498  2235  2235 I SystemServiceManager: Starting com.android.server.contentsuggestions.ContentSuggestionsManagerService
06-13 05:55:09.501  2235  2235 D SystemServerTiming: StartContentSuggestionsService took to complete: 3ms
06-13 05:55:09.501  2235  2235 I SystemServer: InitNetworkStackClient
06-13 05:55:09.502  2235  2235 D SystemServerTiming: InitNetworkStackClient took to complete: 1ms
06-13 05:55:09.502  2235  2235 I SystemServer: StartNetworkManagementService
06-13 05:55:09.507  1976  2172 I netd    : registerUnsolicitedEventListener() <0.10ms>
06-13 05:55:09.507  2235  2235 D SystemServerTiming: StartNetworkManagementService took to complete: 4ms
06-13 05:55:09.507  2235  2235 I SystemServer: StartIpSecService
06-13 05:55:09.508  2235  2235 D SystemServerTiming: StartIpSecService took to complete: 0ms
06-13 05:55:09.508  2235  2235 I SystemServer: StartTextServicesManager
06-13 05:55:09.509  2235  2235 I SystemServiceManager: Starting com.android.server.textservices.TextServicesManagerService$Lifecycle
06-13 05:55:09.509  2235  2235 D SystemServerTiming: StartTextServicesManager took to complete: 1ms
06-13 05:55:09.510  2235  2235 I SystemServer: StartTextClassificationManagerService
06-13 05:55:09.510  2235  2235 I SystemServiceManager: Starting com.android.server.textclassifier.TextClassificationManagerService$Lifecycle
06-13 05:55:09.512  2235  2235 D SystemServerTiming: StartTextClassificationManagerService took to complete: 2ms
06-13 05:55:09.512  2235  2235 I SystemServer: StartNetworkScoreService
06-13 05:55:09.512  2235  2235 I SystemServiceManager: Starting com.android.server.NetworkScoreService$Lifecycle
06-13 05:55:09.514  2235  2235 I NetworkScoreService: Registering network_score
06-13 05:55:09.514  2235  2235 D SystemServerTiming: StartNetworkScoreService took to complete: 2ms
06-13 05:55:09.514  2235  2235 I SystemServer: StartNetworkStatsService
06-13 05:55:09.516  2235  2235 D SystemServerTiming: StartNetworkStatsService took to complete: 1ms
06-13 05:55:09.516  2235  2235 I SystemServer: StartNetworkPolicyManagerService
06-13 05:55:09.520  2235  2235 D SystemServerTiming: StartNetworkPolicyManagerService took to complete: 4ms
06-13 05:55:09.520  2235  2235 I SystemServer: StartWifi
06-13 05:55:09.546  2235  2235 I SystemServiceManager: Starting com.android.server.wifi.WifiService
06-13 05:55:09.638  2235  2235 E HostapdHal: Malformed channel value detected: java.lang.NumberFormatException: For input string: ""
06-13 05:55:09.653  2235  2235 D WifiCountryCode: mDefaultCountryCode null mRevertCountryCodeOnCellularLoss false
06-13 05:55:09.653  2235  2235 D WifiApConfigStore: 2G band allowed channels are:1,6,11
06-13 05:55:09.656  2235  2235 I WifiScoringParams: rssi2=-83:-80:-73:-60,rssi5=-80:-77:-70:-57,pps=0:1:100,horizon=15,nud=8,expid=0
06-13 05:55:09.688  2235  2235 D WifiOpenNetworkNotifier: Settings toggle enabled=true
06-13 05:55:09.688  2235  2235 D WifiCarrierNetworkNotifier: Settings toggle enabled=true
06-13 05:55:09.690  2235  2235 E WifiClientModeImpl: getWifiLinkLayerStats called without an interface
06-13 05:55:09.690  2235  2235 D WifiActiveModeWarden: Starting Wifi in WifiDisabledState
06-13 05:55:09.691  2235  2343 D WifiActiveModeWarden: Entering WifiDisabledState
06-13 05:55:09.691  2235  2235 D WakeupController: WifiWake enabled
06-13 05:55:09.695  2235  2235 E SupplicantStaIfaceHal: Can't call setDebugParams, ISupplicant is null
06-13 05:55:09.695  2235  2235 W WifiDiags: no ring buffers found
06-13 05:55:09.695  2235  2235 W WifiDiags: Failed to start packet fate monitoring
06-13 05:55:09.696  2235  2235 I WifiService: Registering wifi
06-13 05:55:09.696  2235  2235 D SystemServerTiming: StartWifi took to complete: 176ms
06-13 05:55:09.696  2235  2235 I SystemServer: StartWifiScanning
06-13 05:55:09.697  2235  2235 I SystemServiceManager: Starting com.android.server.wifi.scanner.WifiScanningService
06-13 05:55:09.697  2235  2235 I WifiScanningService: Creating wifiscanner
06-13 05:55:09.699  2235  2235 I WifiScanningService: Publishing wifiscanner
06-13 05:55:09.699  2235  2235 D SystemServerTiming: StartWifiScanning took to complete: 2ms
06-13 05:55:09.699  2235  2235 I SystemServer: StartWifiP2P
06-13 05:55:09.700  2235  2235 I SystemServiceManager: Starting com.android.server.wifi.p2p.WifiP2pService
06-13 05:55:09.705  2235  2235 W HalDevMgr: isWifiStarted called but mWifi is null!?
06-13 05:55:09.705  2235  2235 I WifiP2pService: Registering wifip2p
06-13 05:55:09.706  2235  2235 D SystemServerTiming: StartWifiP2P took to complete: 6ms
06-13 05:55:09.706  2235  2235 I SystemServer: StartConnectivityService
06-13 05:55:09.709  2235  2235 D ConnectivityService: ConnectivityService starting up
06-13 05:55:09.712  2235  2235 D ConnectivityService: wifiOnly=false
06-13 05:55:09.719  2235  2235 D SystemServerTiming: StartConnectivityService took to complete: 13ms
06-13 05:55:09.719  2235  2235 I SystemServer: StartNsdService
06-13 05:55:09.719  2235  2235 D NsdService: Network service discovery is enabled
06-13 05:55:09.720  2235  2235 D SystemServerTiming: StartNsdService took to complete: 2ms
06-13 05:55:09.720  2235  2235 I SystemServer: StartSystemUpdateManagerService
06-13 05:55:09.721  2235  2235 I SystemUpdateManagerService: No existing info file /data/system/system-update-info.xml
06-13 05:55:09.721  2235  2235 D SystemServerTiming: StartSystemUpdateManagerService took to complete: 1ms
06-13 05:55:09.721  2235  2235 I SystemServer: StartUpdateLockService
06-13 05:55:09.722  2235  2235 D SystemServerTiming: StartUpdateLockService took to complete: 0ms
06-13 05:55:09.722  2235  2235 I SystemServer: StartNotificationManager
06-13 05:55:09.722  2235  2235 I SystemServiceManager: Starting com.android.server.notification.NotificationManagerService
06-13 05:55:09.734  2235  2235 D ConditionProviders.SCP: new ScheduleConditionProvider()
06-13 05:55:09.743  2235  2235 I NotificationListeners: Read notification listener permissions from xml
06-13 05:55:09.743  2235  2235 I NotificationAssistants: Read notification assistant permissions from xml
06-13 05:55:09.743  2235  2235 I ConditionProviders: Read condition provider permissions from xml
06-13 05:55:09.743  2235  2235 I ConditionProviders: Read condition provider permissions from xml
06-13 05:55:09.743  2235  2235 D NotificationAssistants: Approving default notification assistant for user 0
06-13 05:55:09.743  2235  2235 I ConditionProviders:  Allowing condition provider com.google.android.ext.services/android.ext.services.notification.Assistant
06-13 05:55:09.745  2235  2235 V ConditionProviders: enabling condition provider for 0: ComponentInfo{com.google.android.apps.wellbeing/com.google.android.apps.wellbeing.dnd.impl.DndConditionProviderService}
06-13 05:55:09.746  2235  2235 V ConditionProviders: binding: Intent { act=android.service.notification.ConditionProviderService cmp=com.google.android.apps.wellbeing/.dnd.impl.DndConditionProviderService (has extras) }
06-13 05:55:09.747  2235  2235 D NotificationService: Set default NAS to be com.google.android.ext.services/android.ext.services.notification.Assistant in 0
06-13 05:55:09.756  2235  2235 D SystemServerTiming: StartNotificationManager took to complete: 34ms
06-13 05:55:09.756  2235  2235 I SystemServer: StartDeviceMonitor
06-13 05:55:09.756  2235  2235 I SystemServiceManager: Starting com.android.server.storage.DeviceStorageMonitorService
06-13 05:55:09.759  2235  2235 D SystemServerTiming: StartDeviceMonitor took to complete: 3ms
06-13 05:55:09.759  2235  2235 I SystemServer: StartLocationManagerService
06-13 05:55:09.767  2235  2235 D SystemServerTiming: StartLocationManagerService took to complete: 7ms
06-13 05:55:09.767  2235  2235 I SystemServer: StartCountryDetectorService
06-13 05:55:09.768  2235  2235 D SystemServerTiming: StartCountryDetectorService took to complete: 0ms
06-13 05:55:09.768  2235  2235 I SystemServer: StartTimeDetectorService
06-13 05:55:09.769  2235  2235 I SystemServiceManager: Starting com.android.server.timedetector.TimeDetectorService$Lifecycle
06-13 05:55:09.769  2235  2235 D SystemServerTiming: StartTimeDetectorService took to complete: 1ms
06-13 05:55:09.770  2235  2235 I SystemServer: StartSearchManagerService
06-13 05:55:09.770  2235  2235 I SystemServiceManager: Starting com.android.server.search.SearchManagerService$Lifecycle
06-13 05:55:09.771  2235  2235 D SystemServerTiming: StartSearchManagerService took to complete: 1ms
06-13 05:55:09.771  2235  2235 I SystemServer: StartWallpaperManagerService
06-13 05:55:09.771  2235  2235 I SystemServiceManager: Starting com.android.server.wallpaper.WallpaperManagerService$Lifecycle
06-13 05:55:09.774  2235  2235 D SystemServerTiming: StartWallpaperManagerService took to complete: 2ms
06-13 05:55:09.774  2235  2235 I SystemServer: StartAudioService
06-13 05:55:09.774  2235  2235 I SystemServiceManager: Starting com.android.server.audio.AudioService$Lifecycle
06-13 05:55:09.793  2235  2235 W TelecomManager: Telecom Service not found.
06-13 05:55:09.794  2002  2002 D PermissionCache: checking android.permission.MODIFY_AUDIO_ROUTING for uid=1000 => granted (1739 us)
06-13 05:55:09.794  2002  2149 D PermissionCache: checking android.permission.MODIFY_AUDIO_ROUTING for uid=1000 => granted (312 us)
06-13 05:55:09.795  2002  2149 D PermissionCache: checking android.permission.MODIFY_AUDIO_SETTINGS for uid=1000 => granted (66 us)
06-13 05:55:09.796  2002  2153 W AudioFlinger: no wake lock to update, system not ready yet
06-13 05:55:09.797  1982  2117 W DeviceHAL: Error from HAL Device in function set_mic_mute: Function not implemented
06-13 05:55:09.797  2235  2235 E AudioSystem-JNI: Command failed for android_media_AudioSystem_muteMicrophone: -38
06-13 05:55:09.814  2002  2149 D AudioFlinger: isLowRamDevice:false totalMemory:2089246720 mClientSharedHeapSize:4194304
06-13 05:55:09.815  2235  2235 D SystemServerTiming: StartAudioService took to complete: 41ms
06-13 05:55:09.815  2235  2235 I SystemServer: StartDockObserver
06-13 05:55:09.815  2235  2235 I SystemServiceManager: Starting com.android.server.DockObserver
06-13 05:55:09.816  2235  2235 W DockObserver: This kernel does not have dock station support
06-13 05:55:09.817  2235  2235 D SystemServerTiming: StartDockObserver took to complete: 2ms
06-13 05:55:09.817  2235  2235 I SystemServer: StartWiredAccessoryManager
06-13 05:55:09.818  2235  2235 W WiredAccessoryManager: This kernel does not have usb audio support
06-13 05:55:09.818  2235  2235 W WiredAccessoryManager: This kernel does not have HDMI audio support
06-13 05:55:09.818  2235  2235 D SystemServerTiming: StartWiredAccessoryManager took to complete: 1ms
06-13 05:55:09.818  2235  2235 I SystemServer: StartMidiManager
06-13 05:55:09.819  2235  2235 I SystemServiceManager: Starting com.android.server.midi.MidiService$Lifecycle
06-13 05:55:09.821  2235  2235 D SystemServerTiming: StartMidiManager took to complete: 2ms
06-13 05:55:09.821  2235  2235 I SystemServer: StartAdbService
06-13 05:55:09.821  2235  2235 I SystemServiceManager: Starting com.android.server.adb.AdbService$Lifecycle
06-13 05:55:09.822  2235  2235 D SystemServerTiming: StartAdbService took to complete: 1ms
06-13 05:55:09.822  2235  2235 I SystemServer: StartUsbService
06-13 05:55:09.822  2235  2235 I SystemServiceManager: Starting com.android.server.usb.UsbService$Lifecycle
06-13 05:55:09.824  2235  2235 E UsbDeviceManager: failed to write to /sys/class/android_usb/android0/f_rndis/ethaddr
06-13 05:55:09.824  1874  1874 I hwservicemanager: getTransport: Cannot find entry android.hardware.usb.gadget@1.0::IUsbGadget/default in either framework or device manifest.
06-13 05:55:09.827  2235  2235 I UsbDeviceManager: USB GADGET HAL not present in the device
06-13 05:55:09.827  2235  2235 I UsbDeviceManager: java.util.NoSuchElementException
06-13 05:55:09.827  2235  2235 I UsbDeviceManager: 	at android.os.HwBinder.getService(Native Method)
06-13 05:55:09.827  2235  2235 I UsbDeviceManager: 	at android.hardware.usb.gadget.V1_0.IUsbGadget.getService(IUsbGadget.java:55)
06-13 05:55:09.827  2235  2235 I UsbDeviceManager: 	at android.hardware.usb.gadget.V1_0.IUsbGadget.getService(IUsbGadget.java:62)
06-13 05:55:09.827  2235  2235 I UsbDeviceManager: 	at com.android.server.usb.UsbDeviceManager.<init>(UsbDeviceManager.java:262)
06-13 05:55:09.827  2235  2235 I UsbDeviceManager: 	at com.android.server.usb.UsbService.<init>(UsbService.java:150)
06-13 05:55:09.827  2235  2235 I UsbDeviceManager: 	at com.android.server.usb.UsbService$Lifecycle.onStart(UsbService.java:84)
06-13 05:55:09.827  2235  2235 I UsbDeviceManager: 	at com.android.server.SystemServiceManager.startService(SystemServiceManager.java:129)
06-13 05:55:09.827  2235  2235 I UsbDeviceManager: 	at com.android.server.SystemServiceManager.startService(SystemServiceManager.java:116)
06-13 05:55:09.827  2235  2235 I UsbDeviceManager: 	at com.android.server.SystemServiceManager.startService(SystemServiceManager.java:75)
06-13 05:55:09.827  2235  2235 I UsbDeviceManager: 	at com.android.server.SystemServer.startOtherServices(SystemServer.java:1522)
06-13 05:55:09.827  2235  2235 I UsbDeviceManager: 	at com.android.server.SystemServer.run(SystemServer.java:511)
06-13 05:55:09.827  2235  2235 I UsbDeviceManager: 	at com.android.server.SystemServer.main(SystemServer.java:348)
06-13 05:55:09.827  2235  2235 I UsbDeviceManager: 	at java.lang.reflect.Method.invoke(Native Method)
06-13 05:55:09.827  2235  2235 I UsbDeviceManager: 	at com.android.internal.os.RuntimeInit$MethodAndArgsCaller.run(RuntimeInit.java:492)
06-13 05:55:09.827  2235  2235 I UsbDeviceManager: 	at com.android.internal.os.ZygoteInit.main(ZygoteInit.java:912)
06-13 05:55:09.827  2235  2235 E UsbDeviceManagerJNI: could not open control for mtp No such file or directory
06-13 05:55:09.827  2235  2235 E UsbDeviceManager: Failed to open control for mtp
06-13 05:55:09.828  2235  2235 E UsbDeviceManagerJNI: could not open control for ptp No such file or directory
06-13 05:55:09.828  2235  2235 E UsbDeviceManager: Failed to open control for ptp
06-13 05:55:09.838  2235  2235 W StorageManagerService: No primary storage defined yet; hacking together a stub
06-13 05:55:09.838  2235  2235 E UsbDeviceManagerJNI: could not open /dev/usb_accessory
06-13 05:55:09.840  2235  2235 I android_os_HwBinder: HwBinder: Starting thread pool for getting: android.hidl.manager@1.0::IServiceManager/default
06-13 05:55:09.841  1874  1874 I hwservicemanager: getTransport: Cannot find entry android.hardware.usb@1.0::IUsb/default in either framework or device manifest.
06-13 05:55:09.843  2235  2235 E UsbPortManager: connectToProxy: usb hal service not found. Did the service fail to start?
06-13 05:55:09.843  2235  2235 E UsbPortManager: java.util.NoSuchElementException
06-13 05:55:09.843  2235  2235 E UsbPortManager: 	at android.os.HwBinder.getService(Native Method)
06-13 05:55:09.843  2235  2235 E UsbPortManager: 	at android.os.HwBinder.getService(HwBinder.java:83)
06-13 05:55:09.843  2235  2235 E UsbPortManager: 	at android.hardware.usb.V1_0.IUsb.getService(IUsb.java:70)
06-13 05:55:09.843  2235  2235 E UsbPortManager: 	at android.hardware.usb.V1_0.IUsb.getService(IUsb.java:77)
06-13 05:55:09.843  2235  2235 E UsbPortManager: 	at com.android.server.usb.UsbPortManager.connectToProxy(UsbPortManager.java:780)
06-13 05:55:09.843  2235  2235 E UsbPortManager: 	at com.android.server.usb.UsbPortManager.<init>(UsbPortManager.java:175)
06-13 05:55:09.843  2235  2235 E UsbPortManager: 	at com.android.server.usb.UsbService.<init>(UsbService.java:153)
06-13 05:55:09.843  2235  2235 E UsbPortManager: 	at com.android.server.usb.UsbService$Lifecycle.onStart(UsbService.java:84)
06-13 05:55:09.843  2235  2235 E UsbPortManager: 	at com.android.server.SystemServiceManager.startService(SystemServiceManager.java:129)
06-13 05:55:09.843  2235  2235 E UsbPortManager: 	at com.android.server.SystemServiceManager.startService(SystemServiceManager.java:116)
06-13 05:55:09.843  2235  2235 E UsbPortManager: 	at com.android.server.SystemServiceManager.startService(SystemServiceManager.java:75)
06-13 05:55:09.843  2235  2235 E UsbPortManager: 	at com.android.server.SystemServer.startOtherServices(SystemServer.java:1522)
06-13 05:55:09.843  2235  2235 E UsbPortManager: 	at com.android.server.SystemServer.run(SystemServer.java:511)
06-13 05:55:09.843  2235  2235 E UsbPortManager: 	at com.android.server.SystemServer.main(SystemServer.java:348)
06-13 05:55:09.843  2235  2235 E UsbPortManager: 	at java.lang.reflect.Method.invoke(Native Method)
06-13 05:55:09.843  2235  2235 E UsbPortManager: 	at com.android.internal.os.RuntimeInit$MethodAndArgsCaller.run(RuntimeInit.java:492)
06-13 05:55:09.843  2235  2235 E UsbPortManager: 	at com.android.internal.os.ZygoteInit.main(ZygoteInit.java:912)
06-13 05:55:09.844  2235  2235 D SystemServerTiming: StartUsbService took to complete: 21ms
06-13 05:55:09.844  2235  2235 I SystemServer: StartSerialService
06-13 05:55:09.845  2235  2235 D SystemServerTiming: StartSerialService took to complete: 0ms
06-13 05:55:09.845  2235  2235 I SystemServer: StartHardwarePropertiesManagerService
06-13 05:55:09.846  1874  1874 I hwservicemanager: getTransport: Cannot find entry android.hardware.thermal@1.0::IThermal/default in either framework or device manifest.
06-13 05:55:09.846  2235  2235 E HardwarePropertiesManagerService-JNI: Unable to get Thermal service.
06-13 05:55:09.846  2235  2235 D SystemServerTiming: StartHardwarePropertiesManagerService took to complete: 0ms
06-13 05:55:09.846  2235  2235 I SystemServer: StartTwilightService
06-13 05:55:09.846  2235  2235 I SystemServiceManager: Starting com.android.server.twilight.TwilightService
06-13 05:55:09.847  2235  2235 D SystemServerTiming: StartTwilightService took to complete: 0ms
06-13 05:55:09.847  2235  2235 I SystemServer: StartColorDisplay
06-13 05:55:09.847  2235  2235 I SystemServiceManager: Starting com.android.server.display.color.ColorDisplayService
06-13 05:55:09.850  2235  2235 D SystemServerTiming: StartColorDisplay took to complete: 3ms
06-13 05:55:09.850  2235  2235 I SystemServer: StartJobScheduler
06-13 05:55:09.850  2235  2235 I SystemServiceManager: Starting com.android.server.job.JobSchedulerService
06-13 05:55:09.855  2235  2235 D JobStore: Start tag: job-info
06-13 05:55:09.860  2235  2235 I JobStore: Read 52 jobs
06-13 05:55:09.863  2235  2235 D SystemServerTiming: StartJobScheduler took to complete: 14ms
06-13 05:55:09.863  2235  2235 I SystemServer: StartSoundTrigger
06-13 05:55:09.864  2235  2235 I SystemServiceManager: Starting com.android.server.soundtrigger.SoundTriggerService
06-13 05:55:09.864  2235  2235 D SystemServerTiming: StartSoundTrigger took to complete: 1ms
06-13 05:55:09.864  2235  2235 I SystemServer: StartTrustManager
06-13 05:55:09.865  2235  2235 I SystemServiceManager: Starting com.android.server.trust.TrustManagerService
06-13 05:55:09.865  2235  2235 D SystemServerTiming: StartTrustManager took to complete: 1ms
06-13 05:55:09.866  2235  2235 I SystemServer: StartBackupManager
06-13 05:55:09.866  2235  2235 I SystemServiceManager: Starting com.android.server.backup.BackupManagerService$Lifecycle
06-13 05:55:09.869  2235  2235 D SystemServerTiming: StartBackupManager took to complete: 3ms
06-13 05:55:09.869  2235  2235 I SystemServer: StartAppWidgetService
06-13 05:55:09.870  2235  2235 I SystemServiceManager: Starting com.android.server.appwidget.AppWidgetService
06-13 05:55:09.872  2235  2235 D SystemServerTiming: StartAppWidgetService took to complete: 3ms
06-13 05:55:09.873  2235  2235 I SystemServer: StartRoleManagerService
06-13 05:55:09.875  2235  2235 D SystemServerTiming: StartRoleManagerService took to complete: 2ms
06-13 05:55:09.875  2235  2235 I SystemServer: StartVoiceRecognitionManager
06-13 05:55:09.875  2235  2235 I SystemServiceManager: Starting com.android.server.voiceinteraction.VoiceInteractionManagerService
06-13 05:55:09.877  2235  2235 I RoleUserState: Read roles.xml successfully
06-13 05:55:09.882  2235  2235 D SystemServerTiming: StartVoiceRecognitionManager took to complete: 7ms
06-13 05:55:09.882  2235  2235 I SystemServer: StartGestureLauncher
06-13 05:55:09.882  2235  2235 I SystemServiceManager: Starting com.android.server.GestureLauncherService
06-13 05:55:09.882  2235  2235 D SystemServerTiming: StartGestureLauncher took to complete: 1ms
06-13 05:55:09.882  2235  2235 I SystemServer: StartSensorNotification
06-13 05:55:09.883  2235  2235 I SystemServiceManager: Starting com.android.server.SensorNotificationService
06-13 05:55:09.883  2235  2235 D SystemServerTiming: StartSensorNotification took to complete: 0ms
06-13 05:55:09.883  2235  2235 I SystemServer: StartContextHubSystemService
06-13 05:55:09.883  2235  2235 I SystemServiceManager: Starting com.android.server.ContextHubSystemService
06-13 05:55:09.883  2235  2235 D SystemServerTiming: StartContextHubSystemService took to complete: 0ms
06-13 05:55:09.883  2235  2324 D SystemServerInitThreadPool: Started executing Init ContextHubSystemService
06-13 05:55:09.883  2235  2235 I SystemServer: StartDiskStatsService
06-13 05:55:09.884  1874  1874 I hwservicemanager: getTransport: Cannot find entry android.hardware.contexthub@1.0::IContexthub/default in either framework or device manifest.
06-13 05:55:09.884  2235  2324 I ContextHubService: Context Hub HAL service not found
06-13 05:55:09.884  2235  2324 D SystemServerInitThreadPool: Finished executing Init ContextHubSystemService
06-13 05:55:09.885  2235  2235 D SystemServerTiming: StartDiskStatsService took to complete: 1ms
06-13 05:55:09.885  2235  2235 I SystemServer: RuntimeService
06-13 05:55:09.887  2235  2235 D SystemServerTiming: RuntimeService took to complete: 2ms
06-13 05:55:09.887  2235  2235 I SystemServer: StartNetworkTimeUpdateService
06-13 05:55:09.888  2235  2235 D SystemServer: Using networkTimeUpdater class=class com.android.server.NewNetworkTimeUpdateService
06-13 05:55:09.889  2235  2235 D SystemServerTiming: StartNetworkTimeUpdateService took to complete: 2ms
06-13 05:55:09.890  2235  2235 I SystemServer: CertBlacklister
06-13 05:55:09.890  2235  2235 D SystemServerTiming: CertBlacklister took to complete: 0ms
06-13 05:55:09.890  2235  2235 I SystemServer: StartEmergencyAffordanceService
06-13 05:55:09.890  2235  2235 I SystemServiceManager: Starting com.android.server.emergency.EmergencyAffordanceService
06-13 05:55:09.890  2235  2235 D SystemServerTiming: StartEmergencyAffordanceService took to complete: 0ms
06-13 05:55:09.891  2235  2235 I SystemServer: StartDreamManager
06-13 05:55:09.891  2235  2235 I SystemServiceManager: Starting com.android.server.dreams.DreamManagerService
06-13 05:55:09.891  2235  2235 D SystemServerTiming: StartDreamManager took to complete: 1ms
06-13 05:55:09.891  2235  2235 I SystemServer: AddGraphicsStatsService
06-13 05:55:09.893  2235  2235 D SystemServerTiming: AddGraphicsStatsService took to complete: 1ms
06-13 05:55:09.893  2235  2235 I SystemServer: StartPrintManager
06-13 05:55:09.893  2235  2235 I SystemServiceManager: Starting com.android.server.print.PrintManagerService
06-13 05:55:09.894  2235  2235 D SystemServerTiming: StartPrintManager took to complete: 0ms
06-13 05:55:09.894  2235  2235 I SystemServer: StartRestrictionManager
06-13 05:55:09.894  2235  2235 I SystemServiceManager: Starting com.android.server.restrictions.RestrictionsManagerService
06-13 05:55:09.895  2235  2235 D SystemServerTiming: StartRestrictionManager took to complete: 1ms
06-13 05:55:09.896  2235  2235 I SystemServer: StartMediaSessionService
06-13 05:55:09.896  2235  2235 I SystemServiceManager: Starting com.android.server.media.MediaSessionService
06-13 05:55:09.903  2235  2235 D SystemServerTiming: StartMediaSessionService took to complete: 7ms
06-13 05:55:09.903  2235  2235 I SystemServer: StartMediaResourceMonitor
06-13 05:55:09.903  2235  2235 I SystemServiceManager: Starting com.android.server.media.MediaResourceMonitorService
06-13 05:55:09.903  2235  2235 D SystemServerTiming: StartMediaResourceMonitor took to complete: 1ms
06-13 05:55:09.904  2235  2235 I SystemServer: StartMediaRouterService
06-13 05:55:09.906  2235  2235 D SystemServerTiming: StartMediaRouterService took to complete: 2ms
06-13 05:55:09.906  2235  2235 I SystemServer: StartFingerprintSensor
06-13 05:55:09.906  2235  2235 I SystemServiceManager: Starting com.android.server.biometrics.fingerprint.FingerprintService
06-13 05:55:09.908  2235  2314 D SystemServerInitThreadPool: Started executing FingerprintService.onStart
06-13 05:55:09.909  2235  2314 V FingerprintService: mDaemon was null, reconnect to fingerprint
06-13 05:55:09.909  2235  2235 D SystemServerTiming: StartFingerprintSensor took to complete: 3ms
